smtc_modem_core/smtc_modem_services/src/alc_sync/alc_sync.c:164:6:alc_sync_init	0	static
smtc_modem_core/smtc_modem_services/src/alc_sync/alc_sync.c:180:9:alc_sync_parser	32	static
smtc_modem_core/smtc_modem_services/src/alc_sync/alc_sync.c:258:10:alc_sync_get_interval_second	0	static
smtc_modem_core/smtc_modem_services/src/alc_sync/alc_sync.c:263:6:alc_sync_set_interval_second	0	static
smtc_modem_core/smtc_modem_services/src/alc_sync/alc_sync.c:273:9:alc_sync_get_time_correction_second	0	static
smtc_modem_core/smtc_modem_services/src/alc_sync/alc_sync.c:279:6:alc_sync_set_time_correction_second	8	static
smtc_modem_core/smtc_modem_services/src/alc_sync/alc_sync.c:287:10:alc_sync_get_gps_time_second	8	static
smtc_modem_core/smtc_modem_services/src/alc_sync/alc_sync.c:294:10:alc_sync_get_time_left_connection_lost	8	static
smtc_modem_core/smtc_modem_services/src/alc_sync/alc_sync.c:316:6:is_alc_sync_done	0	static
smtc_modem_core/smtc_modem_services/src/alc_sync/alc_sync.c:326:6:is_alc_sync_time_valid	8	static
smtc_modem_core/smtc_modem_services/src/alc_sync/alc_sync.c:339:6:alc_sync_set_valid_delay_second	0	static
smtc_modem_core/smtc_modem_services/src/alc_sync/alc_sync.c:352:10:alc_sync_get_valid_delay_second	0	static
smtc_modem_core/smtc_modem_services/src/alc_sync/alc_sync.c:357:6:alc_sync_set_sync_lost	0	static
smtc_modem_core/smtc_modem_services/src/alc_sync/alc_sync.c:363:9:alc_sync_get_nb_transmission	0	static
smtc_modem_core/smtc_modem_services/src/alc_sync/alc_sync.c:368:9:alc_sync_get_token_req	0	static
smtc_modem_core/smtc_modem_services/src/alc_sync/alc_sync.c:373:6:alc_sync_set_max_length_up_payload	0	static
smtc_modem_core/smtc_modem_services/src/alc_sync/alc_sync.c:378:10:alc_sync_get_timestamp_last_correction_s	0	static
smtc_modem_core/smtc_modem_services/src/alc_sync/alc_sync.c:383:10:alc_sync_get_timestamp_ans_requested_s	0	static
smtc_modem_core/smtc_modem_services/src/alc_sync/alc_sync.c:397:6:alc_sync_create_uplink_payload	24	static
