smtc_modem_core/smtc_modem_services/src/alc_sync/alc_sync.c:163:6:alc_sync_init	0	static
smtc_modem_core/smtc_modem_services/src/alc_sync/alc_sync.c:179:9:alc_sync_parser	40	static
smtc_modem_core/smtc_modem_services/src/alc_sync/alc_sync.c:257:10:alc_sync_get_interval_second	0	static
smtc_modem_core/smtc_modem_services/src/alc_sync/alc_sync.c:262:6:alc_sync_set_interval_second	0	static
smtc_modem_core/smtc_modem_services/src/alc_sync/alc_sync.c:272:9:alc_sync_get_time_correction_second	0	static
smtc_modem_core/smtc_modem_services/src/alc_sync/alc_sync.c:278:6:alc_sync_set_time_correction_second	8	static
smtc_modem_core/smtc_modem_services/src/alc_sync/alc_sync.c:286:10:alc_sync_get_gps_time_second	8	static
smtc_modem_core/smtc_modem_services/src/alc_sync/alc_sync.c:293:10:alc_sync_get_time_left_connection_lost	8	static
smtc_modem_core/smtc_modem_services/src/alc_sync/alc_sync.c:315:6:is_alc_sync_done	0	static
smtc_modem_core/smtc_modem_services/src/alc_sync/alc_sync.c:325:6:is_alc_sync_time_valid	8	static
smtc_modem_core/smtc_modem_services/src/alc_sync/alc_sync.c:338:6:alc_sync_set_valid_delay_second	0	static
smtc_modem_core/smtc_modem_services/src/alc_sync/alc_sync.c:351:10:alc_sync_get_valid_delay_second	0	static
smtc_modem_core/smtc_modem_services/src/alc_sync/alc_sync.c:356:6:alc_sync_set_sync_lost	0	static
smtc_modem_core/smtc_modem_services/src/alc_sync/alc_sync.c:362:9:alc_sync_get_nb_transmission	0	static
smtc_modem_core/smtc_modem_services/src/alc_sync/alc_sync.c:367:9:alc_sync_get_token_req	0	static
smtc_modem_core/smtc_modem_services/src/alc_sync/alc_sync.c:372:6:alc_sync_set_max_length_up_payload	0	static
smtc_modem_core/smtc_modem_services/src/alc_sync/alc_sync.c:377:10:alc_sync_get_timestamp_last_correction_s	0	static
smtc_modem_core/smtc_modem_services/src/alc_sync/alc_sync.c:382:10:alc_sync_get_timestamp_ans_requested_s	0	static
smtc_modem_core/smtc_modem_services/src/alc_sync/alc_sync.c:396:6:alc_sync_create_uplink_payload	32	static
