smtc_modem_core/lorawan_api/lorawan_api.c:205:6:lorawan_api_class_b_downlink_callback	24	static
smtc_modem_core/lorawan_api/lorawan_api.c:188:6:lorawan_api_class_c_downlink_callback	24	static
smtc_modem_core/lorawan_api/lorawan_api.c:223:6:lorawan_api_class_b_beacon_callback	24	static
smtc_modem_core/lorawan_api/lorawan_api.c:170:6:lorawan_api_class_a_downlink_callback	32	static
smtc_modem_core/lorawan_api/lorawan_api.c:107:6:lorawan_api_init	48	static
smtc_modem_core/lorawan_api/lorawan_api.c:255:26:lorawan_api_get_region	8	static
smtc_modem_core/lorawan_api/lorawan_api.c:260:18:lorawan_api_set_region	8	static
smtc_modem_core/lorawan_api/lorawan_api.c:265:18:lorawan_api_payload_send	32	static
smtc_modem_core/lorawan_api/lorawan_api.c:271:18:lorawan_api_payload_send_at_time	32	static
smtc_modem_core/lorawan_api/lorawan_api.c:278:18:lorawan_api_send_stack_cid_req	8	static
smtc_modem_core/lorawan_api/lorawan_api.c:283:18:lorawan_api_join	8	static
smtc_modem_core/lorawan_api/lorawan_api.c:288:15:lorawan_api_isjoined	8	static
smtc_modem_core/lorawan_api/lorawan_api.c:293:6:lorawan_api_join_status_clear	8	static
smtc_modem_core/lorawan_api/lorawan_api.c:298:18:lorawan_api_dr_strategy_set	8	static
smtc_modem_core/lorawan_api/lorawan_api.c:303:15:lorawan_api_dr_strategy_get	8	static
smtc_modem_core/lorawan_api/lorawan_api.c:308:6:lorawan_api_dr_custom_set	8	static
smtc_modem_core/lorawan_api/lorawan_api.c:313:17:lorawan_api_process	8	static
smtc_modem_core/lorawan_api/lorawan_api.c:318:6:lorawan_api_context_load	8	static
smtc_modem_core/lorawan_api/lorawan_api.c:323:6:lorawan_api_context_save	8	static
smtc_modem_core/lorawan_api/lorawan_api.c:328:9:lorawan_api_last_snr_get	8	static
smtc_modem_core/lorawan_api/lorawan_api.c:333:9:lorawan_api_last_rssi_get	8	static
smtc_modem_core/lorawan_api/lorawan_api.c:338:6:lorawan_api_factory_reset	8	static
smtc_modem_core/lorawan_api/lorawan_api.c:343:26:lorawan_api_get_activation_mode	8	static
smtc_modem_core/lorawan_api/lorawan_api.c:348:6:lorawan_api_set_activation_mode	8	static
smtc_modem_core/lorawan_api/lorawan_api.c:353:10:lorawan_api_next_max_payload_length_get	8	static
smtc_modem_core/lorawan_api/lorawan_api.c:358:10:lorawan_api_devaddr_get	8	static
smtc_modem_core/lorawan_api/lorawan_api.c:363:18:lorawan_api_get_deveui	8	static
smtc_modem_core/lorawan_api/lorawan_api.c:374:18:lorawan_api_set_deveui	8	static
smtc_modem_core/lorawan_api/lorawan_api.c:385:18:lorawan_api_set_appkey	8	static
smtc_modem_core/lorawan_api/lorawan_api.c:400:18:lorawan_api_get_joineui	8	static
smtc_modem_core/lorawan_api/lorawan_api.c:410:18:lorawan_api_set_joineui	8	static
smtc_modem_core/lorawan_api/lorawan_api.c:420:9:lorawan_api_next_power_get	8	static
smtc_modem_core/lorawan_api/lorawan_api.c:425:9:lorawan_api_next_dr_get	8	static
smtc_modem_core/lorawan_api/lorawan_api.c:430:10:lorawan_api_next_frequency_get	8	static
smtc_modem_core/lorawan_api/lorawan_api.c:435:9:lorawan_api_max_tx_dr_get	8	static
smtc_modem_core/lorawan_api/lorawan_api.c:440:10:lorawan_api_mask_tx_dr_channel_up_dwell_time_check	8	static
smtc_modem_core/lorawan_api/lorawan_api.c:445:9:lorawan_api_min_tx_dr_get	8	static
smtc_modem_core/lorawan_api/lorawan_api.c:450:17:lorawan_api_state_get	8	static
smtc_modem_core/lorawan_api/lorawan_api.c:455:10:lorawan_api_nb_reset_get	8	static
smtc_modem_core/lorawan_api/lorawan_api.c:460:10:lorawan_api_devnonce_get	8	static
smtc_modem_core/lorawan_api/lorawan_api.c:465:15:lorawan_api_rx_window_get	8	static
smtc_modem_core/lorawan_api/lorawan_api.c:470:10:lorawan_api_next_join_time_second_get	8	static
smtc_modem_core/lorawan_api/lorawan_api.c:475:9:lorawan_api_next_free_duty_cycle_ms_get	8	static
smtc_modem_core/lorawan_api/lorawan_api.c:480:18:lorawan_api_duty_cycle_enable_set	8	static
smtc_modem_core/lorawan_api/lorawan_api.c:489:28:lorawan_api_duty_cycle_enable_get	8	static
smtc_modem_core/lorawan_api/lorawan_api.c:494:10:lorawan_api_fcnt_up_get	8	static
smtc_modem_core/lorawan_api/lorawan_api.c:499:9:lorawan_api_rp_hook_id_get	24	static
smtc_modem_core/lorawan_api/lorawan_api.c:506:6:lorawan_api_class_c_enabled	8	static
smtc_modem_core/lorawan_api/lorawan_api.c:516:6:lorawan_api_class_c_start	8	static
smtc_modem_core/lorawan_api/lorawan_api.c:521:6:lorawan_api_class_c_stop	8	static
smtc_modem_core/lorawan_api/lorawan_api.c:526:24:lorawan_api_multicast_set_group_session_keys	8	static
smtc_modem_core/lorawan_api/lorawan_api.c:538:24:lorawan_api_multicast_set_group_address	8	static
smtc_modem_core/lorawan_api/lorawan_api.c:547:24:lorawan_api_multicast_get_group_address	8	static
smtc_modem_core/lorawan_api/lorawan_api.c:556:24:lorawan_api_multicast_get_running_status	8	static
smtc_modem_core/lorawan_api/lorawan_api.c:565:24:lorawan_api_multicast_c_get_session_status	16	static
smtc_modem_core/lorawan_api/lorawan_api.c:576:24:lorawan_api_multicast_c_start_session	8	static
smtc_modem_core/lorawan_api/lorawan_api.c:585:24:lorawan_api_multicast_c_stop_session	8	static
smtc_modem_core/lorawan_api/lorawan_api.c:594:24:lorawan_api_multicast_c_stop_all_sessions	8	static
smtc_modem_core/lorawan_api/lorawan_api.c:603:24:lorawan_api_multicast_b_get_session_status	32	static
smtc_modem_core/lorawan_api/lorawan_api.c:615:24:lorawan_api_multicast_b_start_session	16	static
smtc_modem_core/lorawan_api/lorawan_api.c:626:24:lorawan_api_multicast_b_stop_session	8	static
smtc_modem_core/lorawan_api/lorawan_api.c:635:24:lorawan_api_multicast_b_stop_all_sessions	8	static
smtc_modem_core/lorawan_api/lorawan_api.c:644:9:lorawan_api_rx_ack_bit_get	8	static
smtc_modem_core/lorawan_api/lorawan_api.c:649:9:lorawan_api_rx_fpending_bit_get	8	static
smtc_modem_core/lorawan_api/lorawan_api.c:654:6:lorawan_api_set_no_rx_packet_threshold	8	static
smtc_modem_core/lorawan_api/lorawan_api.c:659:10:lorawan_api_get_no_rx_packet_threshold	8	static
smtc_modem_core/lorawan_api/lorawan_api.c:664:10:lorawan_api_get_current_adr_ack_cnt	8	static
smtc_modem_core/lorawan_api/lorawan_api.c:669:6:lorawan_api_reset_no_rx_packet_in_mobile_mode_cnt	8	static
smtc_modem_core/lorawan_api/lorawan_api.c:674:10:lorawan_api_get_current_no_rx_packet_in_mobile_mode_cnt	8	static
smtc_modem_core/lorawan_api/lorawan_api.c:679:10:lorawan_api_get_current_no_rx_packet_cnt	8	static
smtc_modem_core/lorawan_api/lorawan_api.c:691:6:lorawan_api_certification_is_enabled	8	static
smtc_modem_core/lorawan_api/lorawan_api.c:696:10:lorawan_api_certification_get_ul_periodicity	8	static
smtc_modem_core/lorawan_api/lorawan_api.c:701:6:lorawan_api_certification_get_frame_type	8	static
smtc_modem_core/lorawan_api/lorawan_api.c:706:6:lorawan_api_certification_get_cw_config	8	static
smtc_modem_core/lorawan_api/lorawan_api.c:711:6:lorawan_api_certification_is_cw_running	8	static
smtc_modem_core/lorawan_api/lorawan_api.c:716:6:lorawan_api_certification_cw_set_as_stopped	8	static
smtc_modem_core/lorawan_api/lorawan_api.c:721:6:lorawan_api_certification_get_beacon_rx_status_ind_ctrl	8	static
smtc_modem_core/lorawan_api/lorawan_api.c:726:9:lorawan_api_modem_certification_is_enabled	8	static
smtc_modem_core/lorawan_api/lorawan_api.c:731:31:lorawan_api_certification_get_requested_class	8	static
smtc_modem_core/lorawan_api/lorawan_api.c:736:36:lorawan_api_certification	24	static
smtc_modem_core/lorawan_api/lorawan_api.c:744:6:lorawan_api_certification_build_beacon_rx_status_ind	48	static
smtc_modem_core/lorawan_api/lorawan_api.c:757:6:lorawan_api_available_link_adr_get	8	static
smtc_modem_core/lorawan_api/lorawan_api.c:761:18:lorawan_api_stack_mac_get	0	static
smtc_modem_core/lorawan_api/lorawan_api.c:766:14:lorawan_api_get_fifo_obj	0	static
smtc_modem_core/lorawan_api/lorawan_api.c:771:6:lorawan_api_set_network_type	8	static
smtc_modem_core/lorawan_api/lorawan_api.c:778:6:lorawan_api_get_network_type	16	static
smtc_modem_core/lorawan_api/lorawan_api.c:784:9:lorawan_api_nb_trans_get	8	static
smtc_modem_core/lorawan_api/lorawan_api.c:789:18:lorawan_api_nb_trans_set	8	static
smtc_modem_core/lorawan_api/lorawan_api.c:794:10:lorawan_api_get_crystal_error	8	static
smtc_modem_core/lorawan_api/lorawan_api.c:799:6:lorawan_api_set_crystal_error	8	static
smtc_modem_core/lorawan_api/lorawan_api.c:804:18:lorawan_api_get_spec_version	16	static
smtc_modem_core/lorawan_api/lorawan_api.c:809:18:lorawan_api_get_regional_parameters_version	16	static
smtc_modem_core/lorawan_api/lorawan_api.c:814:6:lorawan_api_convert_rtc_to_gps_epoch_time	8	static
smtc_modem_core/lorawan_api/lorawan_api.c:820:6:lorawan_api_is_time_valid	8	static
smtc_modem_core/lorawan_api/lorawan_api.c:825:10:lorawan_api_get_timestamp_last_device_time_ans_s	8	static
smtc_modem_core/lorawan_api/lorawan_api.c:830:10:lorawan_api_get_time_left_connection_lost	8	static
smtc_modem_core/lorawan_api/lorawan_api.c:835:6:lorawan_api_set_device_time_callback	8	static
smtc_modem_core/lorawan_api/lorawan_api.c:842:18:lorawan_api_set_device_time_invalid_delay_s	8	static
smtc_modem_core/lorawan_api/lorawan_api.c:847:10:lorawan_api_get_device_time_invalid_delay_s	8	static
smtc_modem_core/lorawan_api/lorawan_api.c:852:18:lorawan_api_get_link_check_ans	8	static
smtc_modem_core/lorawan_api/lorawan_api.c:857:18:lorawan_api_get_device_time_req_status	8	static
smtc_modem_core/lorawan_api/lorawan_api.c:862:6:lorawan_api_lbt_set_parameters	8	static
smtc_modem_core/lorawan_api/lorawan_api.c:867:6:lorawan_api_lbt_get_parameters	8	static
smtc_modem_core/lorawan_api/lorawan_api.c:872:6:lorawan_api_lbt_set_state	8	static
smtc_modem_core/lorawan_api/lorawan_api.c:877:6:lorawan_api_lbt_get_state	8	static
smtc_modem_core/lorawan_api/lorawan_api.c:882:6:lorawan_api_class_b_enabled	16	static
smtc_modem_core/lorawan_api/lorawan_api.c:892:6:lorawan_api_beacon_sniff_start	8	static
smtc_modem_core/lorawan_api/lorawan_api.c:897:6:lorawan_api_beacon_sniff_stop	8	static
smtc_modem_core/lorawan_api/lorawan_api.c:902:6:lorawan_api_beacon_get_metadata	8	static
smtc_modem_core/lorawan_api/lorawan_api.c:907:18:lorawan_api_get_ping_slot_info_req_status	8	static
smtc_modem_core/lorawan_api/lorawan_api.c:912:18:lorawan_api_set_ping_slot_periodicity	8	static
smtc_modem_core/lorawan_api/lorawan_api.c:917:9:lorawan_api_get_ping_slot_periodicity	8	static
smtc_modem_core/lorawan_api/lorawan_api.c:922:6:lorawan_api_get_class_b_status	8	static
smtc_modem_core/lorawan_api/lorawan_api.c:927:6:lorawan_api_lora_dr_to_sf_bw	8	static
smtc_modem_core/lorawan_api/lorawan_api.c:932:9:lorawan_api_get_frequency_factor	8	static
smtc_modem_core/lorawan_api/lorawan_api.c:937:6:lorawan_api_get_status_push_network_downlink_to_user	8	static
smtc_modem_core/lorawan_api/lorawan_api.c:942:6:lorawan_api_set_status_push_network_downlink_to_user	8	static
smtc_modem_core/lorawan_api/lorawan_api.c:684:6:lorawan_api_modem_certification_set	8	static
smtc_modem_core/lorawan_api/lorawan_api.c:947:18:lorawan_api_set_adr_ack_limit_delay	8	static
smtc_modem_core/lorawan_api/lorawan_api.c:952:6:lorawan_api_get_adr_ack_limit_delay	8	static
smtc_modem_core/lorawan_api/lorawan_api.c:957:27:lorawan_api_class_b_d2d_request_tx	0	static
smtc_modem_core/lorawan_api/lorawan_api.c:971:9:lorawan_api_class_b_d2d_next_max_payload_length_get	0	static
