smtc_modem_core/modem_services/lorawan_certification.c:76:6:lorawan_certification_init	8	static
smtc_modem_core/modem_services/lorawan_certification.c:82:6:lorawan_certification_set_enabled	16	static
smtc_modem_core/modem_services/lorawan_certification.c:91:6:lorawan_certification_get_enabled	0	static
smtc_modem_core/modem_services/lorawan_certification.c:96:10:lorawan_certification_get_ul_periodicity	0	static
smtc_modem_core/modem_services/lorawan_certification.c:101:6:lorawan_certification_get_frame_type	0	static
smtc_modem_core/modem_services/lorawan_certification.c:106:6:lorawan_certification_get_cw_config	8	static
smtc_modem_core/modem_services/lorawan_certification.c:114:6:lorawan_certification_is_cw_running	0	static
smtc_modem_core/modem_services/lorawan_certification.c:119:6:lorawan_certification_cw_set_as_stopped	0	static
smtc_modem_core/modem_services/lorawan_certification.c:124:6:lorawan_certification_get_beacon_rx_status_ind_ctrl	0	static
smtc_modem_core/modem_services/lorawan_certification.c:129:31:lorawan_certification_get_requested_class	0	static
smtc_modem_core/modem_services/lorawan_certification.c:135:36:lorawan_certification_parser	56	static
smtc_modem_core/modem_services/lorawan_certification.c:527:6:lorawan_certification_build_beacon_rx_status_ind	96	static
