smtc_modem_core/radio_drivers/lr11xx_driver/src/lr11xx_wifi.c:594:17:uint16_from_array	0	static
smtc_modem_core/radio_drivers/lr11xx_driver/src/lr11xx_wifi.c:599:17:uint64_from_array	16	static
smtc_modem_core/radio_drivers/lr11xx_driver/src/lr11xx_wifi.c:607:13:lr11xx_wifi_read_mac_address_from_buffer	0	static
smtc_modem_core/radio_drivers/lr11xx_driver/src/lr11xx_wifi.c:664:24:fetch_and_aggregate_all_results	96	static
smtc_modem_core/radio_drivers/lr11xx_driver/src/lr11xx_wifi.c:249:17:lr11xx_wifi_scan	56	static
smtc_modem_core/radio_drivers/lr11xx_driver/src/lr11xx_wifi.c:271:17:lr11xx_wifi_search_country_code	48	static
smtc_modem_core/radio_drivers/lr11xx_driver/src/lr11xx_wifi.c:290:17:lr11xx_wifi_scan_time_limit	56	static
smtc_modem_core/radio_drivers/lr11xx_driver/src/lr11xx_wifi.c:312:17:lr11xx_wifi_search_country_code_time_limit	40	static
smtc_modem_core/radio_drivers/lr11xx_driver/src/lr11xx_wifi.c:333:17:lr11xx_wifi_get_nb_results	24	static
smtc_modem_core/radio_drivers/lr11xx_driver/src/lr11xx_wifi.c:344:17:lr11xx_wifi_read_basic_complete_results	752	static
smtc_modem_core/radio_drivers/lr11xx_driver/src/lr11xx_wifi.c:359:17:lr11xx_wifi_read_basic_mac_type_channel_results	336	static
smtc_modem_core/radio_drivers/lr11xx_driver/src/lr11xx_wifi.c:375:17:lr11xx_wifi_read_extended_full_results	1000	static
smtc_modem_core/radio_drivers/lr11xx_driver/src/lr11xx_wifi.c:390:17:lr11xx_wifi_reset_cumulative_timing	24	static
smtc_modem_core/radio_drivers/lr11xx_driver/src/lr11xx_wifi.c:400:17:lr11xx_wifi_read_cumulative_timing	56	static
smtc_modem_core/radio_drivers/lr11xx_driver/src/lr11xx_wifi.c:425:17:lr11xx_wifi_get_nb_country_code_results	24	static
smtc_modem_core/radio_drivers/lr11xx_driver/src/lr11xx_wifi.c:443:17:lr11xx_wifi_read_country_code_results	368	static
smtc_modem_core/radio_drivers/lr11xx_driver/src/lr11xx_wifi.c:482:17:lr11xx_wifi_cfg_timestamp_ap_phone	24	static
smtc_modem_core/radio_drivers/lr11xx_driver/src/lr11xx_wifi.c:497:17:lr11xx_wifi_read_version	32	static
smtc_modem_core/radio_drivers/lr11xx_driver/src/lr11xx_wifi.c:514:9:lr11xx_wifi_get_nb_results_max_per_chunk	0	static
smtc_modem_core/radio_drivers/lr11xx_driver/src/lr11xx_wifi.c:519:6:lr11xx_wifi_parse_channel_info	8	static
smtc_modem_core/radio_drivers/lr11xx_driver/src/lr11xx_wifi.c:527:23:lr11xx_wifi_extract_channel_from_info_byte	0	static
smtc_modem_core/radio_drivers/lr11xx_driver/src/lr11xx_wifi.c:532:6:lr11xx_wifi_parse_frame_type_info	8	static
smtc_modem_core/radio_drivers/lr11xx_driver/src/lr11xx_wifi.c:542:6:lr11xx_wifi_parse_data_rate_info	0	static
smtc_modem_core/radio_drivers/lr11xx_driver/src/lr11xx_wifi.c:550:34:lr11xx_wifi_extract_signal_type_from_data_rate_info	0	static
smtc_modem_core/radio_drivers/lr11xx_driver/src/lr11xx_wifi.c:556:10:lr11xx_wifi_get_consumption	16	static
smtc_modem_core/radio_drivers/lr11xx_driver/src/lr11xx_wifi.c:808:6:lr11xx_wifi_is_well_formed_utf8_byte_sequence	16	static
smtc_modem_core/radio_drivers/lr11xx_driver/src/lr11xx_wifi.c:887:6:lr11xx_wifi_are_scan_mode_result_format_compatible	0	static
