smtc_modem_core/radio_drivers/lr11xx_driver/src/lr11xx_system.c:155:17:lr11xx_system_reset	8	static
smtc_modem_core/radio_drivers/lr11xx_driver/src/lr11xx_system.c:160:17:lr11xx_system_get_status	24	static
smtc_modem_core/radio_drivers/lr11xx_driver/src/lr11xx_system.c:183:17:lr11xx_system_clear_reset_status_info	24	static
smtc_modem_core/radio_drivers/lr11xx_driver/src/lr11xx_system.c:193:17:lr11xx_system_get_version	24	static
smtc_modem_core/radio_drivers/lr11xx_driver/src/lr11xx_system.c:214:17:lr11xx_system_get_errors	32	static
smtc_modem_core/radio_drivers/lr11xx_driver/src/lr11xx_system.c:233:17:lr11xx_system_clear_errors	24	static
smtc_modem_core/radio_drivers/lr11xx_driver/src/lr11xx_system.c:243:17:lr11xx_system_calibrate	24	static
smtc_modem_core/radio_drivers/lr11xx_driver/src/lr11xx_system.c:254:17:lr11xx_system_set_reg_mode	24	static
smtc_modem_core/radio_drivers/lr11xx_driver/src/lr11xx_system.c:265:17:lr11xx_system_calibrate_image	24	static
smtc_modem_core/radio_drivers/lr11xx_driver/src/lr11xx_system.c:277:17:lr11xx_system_calibrate_image_in_mhz	8	static
smtc_modem_core/radio_drivers/lr11xx_driver/src/lr11xx_system.c:290:17:lr11xx_system_set_dio_as_rf_switch	32	static
smtc_modem_core/radio_drivers/lr11xx_driver/src/lr11xx_system.c:310:17:lr11xx_system_set_dio_irq_params	32	static
smtc_modem_core/radio_drivers/lr11xx_driver/src/lr11xx_system.c:330:17:lr11xx_system_clear_irq_status	24	static
smtc_modem_core/radio_drivers/lr11xx_driver/src/lr11xx_system.c:344:17:lr11xx_system_get_and_clear_irq_status	32	static
smtc_modem_core/radio_drivers/lr11xx_driver/src/lr11xx_system.c:362:17:lr11xx_system_cfg_lfclk	24	static
smtc_modem_core/radio_drivers/lr11xx_driver/src/lr11xx_system.c:374:17:lr11xx_system_set_tcxo_mode	24	static
smtc_modem_core/radio_drivers/lr11xx_driver/src/lr11xx_system.c:389:17:lr11xx_system_reboot	24	static
smtc_modem_core/radio_drivers/lr11xx_driver/src/lr11xx_system.c:400:17:lr11xx_system_get_vbat	24	static
smtc_modem_core/radio_drivers/lr11xx_driver/src/lr11xx_system.c:411:17:lr11xx_system_get_temp	24	static
smtc_modem_core/radio_drivers/lr11xx_driver/src/lr11xx_system.c:430:17:lr11xx_system_set_sleep	40	static
smtc_modem_core/radio_drivers/lr11xx_driver/src/lr11xx_system.c:446:17:lr11xx_system_set_standby	24	static
smtc_modem_core/radio_drivers/lr11xx_driver/src/lr11xx_system.c:457:17:lr11xx_system_wakeup	8	static
smtc_modem_core/radio_drivers/lr11xx_driver/src/lr11xx_system.c:462:17:lr11xx_system_set_fs	24	static
smtc_modem_core/radio_drivers/lr11xx_driver/src/lr11xx_system.c:472:17:lr11xx_system_erase_infopage	24	static
smtc_modem_core/radio_drivers/lr11xx_driver/src/lr11xx_system.c:483:17:lr11xx_system_write_infopage	296	static
smtc_modem_core/radio_drivers/lr11xx_driver/src/lr11xx_system.c:509:17:lr11xx_system_read_infopage	32	static
smtc_modem_core/radio_drivers/lr11xx_driver/src/lr11xx_system.c:538:17:lr11xx_system_read_uid	24	static
smtc_modem_core/radio_drivers/lr11xx_driver/src/lr11xx_system.c:549:17:lr11xx_system_read_join_eui	24	static
smtc_modem_core/radio_drivers/lr11xx_driver/src/lr11xx_system.c:560:17:lr11xx_system_read_pin	24	static
smtc_modem_core/radio_drivers/lr11xx_driver/src/lr11xx_system.c:571:17:lr11xx_system_read_pin_custom_eui	48	static
smtc_modem_core/radio_drivers/lr11xx_driver/src/lr11xx_system.c:601:17:lr11xx_system_get_random_number	24	static
smtc_modem_core/radio_drivers/lr11xx_driver/src/lr11xx_system.c:612:17:lr11xx_system_enable_spi_crc	24	static
smtc_modem_core/radio_drivers/lr11xx_driver/src/lr11xx_system.c:623:17:lr11xx_system_drive_dio_in_sleep_mode	24	static
