smtc_modem_core/radio_drivers/lr11xx_driver/src/lr11xx_gnss.c:724:10:lr11xx_gnss_uint8_to_uint32	0	static
smtc_modem_core/radio_drivers/lr11xx_driver/src/lr11xx_gnss.c:334:17:lr11xx_gnss_get_almanac_address_size.constprop	56	static
smtc_modem_core/radio_drivers/lr11xx_driver/src/lr11xx_gnss.c:187:17:lr11xx_gnss_get_result_size	24	static
smtc_modem_core/radio_drivers/lr11xx_driver/src/lr11xx_gnss.c:206:17:lr11xx_gnss_read_results	24	static
smtc_modem_core/radio_drivers/lr11xx_driver/src/lr11xx_gnss.c:218:17:lr11xx_gnss_get_timings	48	static
smtc_modem_core/radio_drivers/lr11xx_driver/src/lr11xx_gnss.c:233:17:lr11xx_gnss_almanac_update	48	static
smtc_modem_core/radio_drivers/lr11xx_driver/src/lr11xx_gnss.c:265:17:lr11xx_gnss_read_almanac	232	static
smtc_modem_core/radio_drivers/lr11xx_driver/src/lr11xx_gnss.c:306:17:lr11xx_gnss_get_almanac_age_for_satellite	24	static
smtc_modem_core/radio_drivers/lr11xx_driver/src/lr11xx_gnss.c:354:17:lr11xx_gnss_push_solver_msg	24	static
smtc_modem_core/radio_drivers/lr11xx_driver/src/lr11xx_gnss.c:365:17:lr11xx_gnss_set_constellations_to_use	24	static
smtc_modem_core/radio_drivers/lr11xx_driver/src/lr11xx_gnss.c:377:17:lr11xx_gnss_read_used_constellations	24	static
smtc_modem_core/radio_drivers/lr11xx_driver/src/lr11xx_gnss.c:389:17:lr11xx_gnss_set_almanac_update	24	static
smtc_modem_core/radio_drivers/lr11xx_driver/src/lr11xx_gnss.c:401:17:lr11xx_gnss_read_almanac_update	24	static
smtc_modem_core/radio_drivers/lr11xx_driver/src/lr11xx_gnss.c:413:17:lr11xx_gnss_read_firmware_version	32	static
smtc_modem_core/radio_drivers/lr11xx_driver/src/lr11xx_gnss.c:429:17:lr11xx_gnss_read_supported_constellations	24	static
smtc_modem_core/radio_drivers/lr11xx_driver/src/lr11xx_gnss.c:441:17:lr11xx_gnss_set_scan_mode	24	static
smtc_modem_core/radio_drivers/lr11xx_driver/src/lr11xx_gnss.c:452:17:lr11xx_gnss_scan_autonomous	40	static
smtc_modem_core/radio_drivers/lr11xx_driver/src/lr11xx_gnss.c:471:17:lr11xx_gnss_scan_assisted	40	static
smtc_modem_core/radio_drivers/lr11xx_driver/src/lr11xx_gnss.c:490:17:lr11xx_gnss_set_assistance_position	32	static
smtc_modem_core/radio_drivers/lr11xx_driver/src/lr11xx_gnss.c:508:17:lr11xx_gnss_read_assistance_position	32	static
smtc_modem_core/radio_drivers/lr11xx_driver/src/lr11xx_gnss.c:530:17:lr11xx_gnss_push_dmc_msg	24	static
smtc_modem_core/radio_drivers/lr11xx_driver/src/lr11xx_gnss.c:541:17:lr11xx_gnss_get_context_status	24	static
smtc_modem_core/radio_drivers/lr11xx_driver/src/lr11xx_gnss.c:553:17:lr11xx_gnss_get_nb_detected_satellites	24	static
smtc_modem_core/radio_drivers/lr11xx_driver/src/lr11xx_gnss.c:564:17:lr11xx_gnss_get_detected_satellites	168	static
smtc_modem_core/radio_drivers/lr11xx_driver/src/lr11xx_gnss.c:597:17:lr11xx_gnss_parse_context_status_buffer	8	static
smtc_modem_core/radio_drivers/lr11xx_driver/src/lr11xx_gnss.c:635:17:lr11xx_gnss_get_result_destination	0	static
smtc_modem_core/radio_drivers/lr11xx_driver/src/lr11xx_gnss.c:668:10:lr11xx_gnss_compute_almanac_age	0	static
smtc_modem_core/radio_drivers/lr11xx_driver/src/lr11xx_gnss.c:675:10:lr11xx_gnss_get_consumption	24	static
