smtc_modem_core/radio_drivers/lr11xx_driver/src/lr11xx_radio.c:171:17:lr11xx_radio_reset_stats	24	static
smtc_modem_core/radio_drivers/lr11xx_driver/src/lr11xx_radio.c:181:17:lr11xx_radio_get_gfsk_stats	56	static
smtc_modem_core/radio_drivers/lr11xx_driver/src/lr11xx_radio.c:202:17:lr11xx_radio_get_lora_stats	56	static
smtc_modem_core/radio_drivers/lr11xx_driver/src/lr11xx_radio.c:224:17:lr11xx_radio_get_pkt_type	24	static
smtc_modem_core/radio_drivers/lr11xx_driver/src/lr11xx_radio.c:243:17:lr11xx_radio_get_rx_buffer_status	32	static
smtc_modem_core/radio_drivers/lr11xx_driver/src/lr11xx_radio.c:264:17:lr11xx_radio_get_gfsk_pkt_status	32	static
smtc_modem_core/radio_drivers/lr11xx_driver/src/lr11xx_radio.c:291:17:lr11xx_radio_get_lora_pkt_status	48	static
smtc_modem_core/radio_drivers/lr11xx_driver/src/lr11xx_radio.c:312:17:lr11xx_radio_get_rssi_inst	24	static
smtc_modem_core/radio_drivers/lr11xx_driver/src/lr11xx_radio.c:331:17:lr11xx_radio_set_gfsk_sync_word	32	static
smtc_modem_core/radio_drivers/lr11xx_driver/src/lr11xx_radio.c:360:17:lr11xx_radio_set_lora_sync_word	24	static
smtc_modem_core/radio_drivers/lr11xx_driver/src/lr11xx_radio.c:371:17:lr11xx_radio_set_lora_public_network	40	static
smtc_modem_core/radio_drivers/lr11xx_driver/src/lr11xx_radio.c:454:17:lr11xx_radio_set_rf_freq	24	static
smtc_modem_core/radio_drivers/lr11xx_driver/src/lr11xx_radio.c:468:17:lr11xx_radio_auto_tx_rx	40	static
smtc_modem_core/radio_drivers/lr11xx_driver/src/lr11xx_radio.c:487:17:lr11xx_radio_set_cad_params	32	static
smtc_modem_core/radio_drivers/lr11xx_driver/src/lr11xx_radio.c:504:17:lr11xx_radio_set_pkt_type	24	static
smtc_modem_core/radio_drivers/lr11xx_driver/src/lr11xx_radio.c:515:17:lr11xx_radio_set_gfsk_mod_params	40	static
smtc_modem_core/radio_drivers/lr11xx_driver/src/lr11xx_radio.c:537:17:lr11xx_radio_set_lora_mod_params	24	static
smtc_modem_core/radio_drivers/lr11xx_driver/src/lr11xx_radio.c:553:17:lr11xx_radio_set_gfsk_pkt_params	32	static
smtc_modem_core/radio_drivers/lr11xx_driver/src/lr11xx_radio.c:573:17:lr11xx_radio_set_lora_pkt_params	24	static
smtc_modem_core/radio_drivers/lr11xx_driver/src/lr11xx_radio.c:590:17:lr11xx_radio_set_tx_params	24	static
smtc_modem_core/radio_drivers/lr11xx_driver/src/lr11xx_radio.c:603:17:lr11xx_radio_set_pkt_address	24	static
smtc_modem_core/radio_drivers/lr11xx_driver/src/lr11xx_radio.c:616:17:lr11xx_radio_set_rx_tx_fallback_mode	24	static
smtc_modem_core/radio_drivers/lr11xx_driver/src/lr11xx_radio.c:640:17:lr11xx_radio_set_rx_duty_cycle_with_timings_in_rtc_step	40	static
smtc_modem_core/radio_drivers/lr11xx_driver/src/lr11xx_radio.c:629:17:lr11xx_radio_set_rx_duty_cycle	24	static
smtc_modem_core/radio_drivers/lr11xx_driver/src/lr11xx_radio.c:661:17:lr11xx_radio_set_pa_cfg	24	static
smtc_modem_core/radio_drivers/lr11xx_driver/src/lr11xx_radio.c:675:17:lr11xx_radio_stop_timeout_on_preamble	24	static
smtc_modem_core/radio_drivers/lr11xx_driver/src/lr11xx_radio.c:713:17:lr11xx_radio_set_tx_cw	24	static
smtc_modem_core/radio_drivers/lr11xx_driver/src/lr11xx_radio.c:750:17:lr11xx_radio_set_lora_sync_timeout	24	static
smtc_modem_core/radio_drivers/lr11xx_driver/src/lr11xx_radio.c:762:17:lr11xx_radio_set_gfsk_crc_params	32	static
smtc_modem_core/radio_drivers/lr11xx_driver/src/lr11xx_radio.c:780:17:lr11xx_radio_set_gfsk_whitening_seed	24	static
smtc_modem_core/radio_drivers/lr11xx_driver/src/lr11xx_radio.c:792:17:lr11xx_radio_cfg_rx_boosted	24	static
smtc_modem_core/radio_drivers/lr11xx_driver/src/lr11xx_radio.c:803:17:lr11xx_radio_set_rssi_calibration	40	static
smtc_modem_core/radio_drivers/lr11xx_driver/src/lr11xx_radio.c:828:17:lr11xx_radio_get_gfsk_rx_bandwidth	0	static
smtc_modem_core/radio_drivers/lr11xx_driver/src/lr11xx_radio.c:922:10:lr11xx_radio_get_lora_time_on_air_numerator	40	static
smtc_modem_core/radio_drivers/lr11xx_driver/src/lr11xx_radio.c:1013:10:lr11xx_radio_get_lora_bw_in_hz	0	static
smtc_modem_core/radio_drivers/lr11xx_driver/src/lr11xx_radio.c:1060:10:lr11xx_radio_get_lora_time_on_air_in_ms	16	static
smtc_modem_core/radio_drivers/lr11xx_driver/src/lr11xx_radio.c:1069:10:lr11xx_radio_get_gfsk_time_on_air_numerator	4	static
smtc_modem_core/radio_drivers/lr11xx_driver/src/lr11xx_radio.c:1103:10:lr11xx_radio_get_gfsk_time_on_air_in_ms	8	static
smtc_modem_core/radio_drivers/lr11xx_driver/src/lr11xx_radio.c:1113:10:lr11xx_radio_convert_time_in_ms_to_rtc_step	8	static
smtc_modem_core/radio_drivers/lr11xx_driver/src/lr11xx_radio.c:1118:17:lr11xx_radio_get_lora_rx_info	40	static
smtc_modem_core/radio_drivers/lr11xx_driver/src/lr11xx_radio.c:1138:17:lr11xx_radio_apply_high_acp_workaround	8	static
smtc_modem_core/radio_drivers/lr11xx_driver/src/lr11xx_radio.c:390:17:lr11xx_radio_set_rx_with_timeout_in_rtc_step	32	static
smtc_modem_core/radio_drivers/lr11xx_driver/src/lr11xx_radio.c:383:17:lr11xx_radio_set_rx	8	static
smtc_modem_core/radio_drivers/lr11xx_driver/src/lr11xx_radio.c:426:17:lr11xx_radio_set_tx_with_timeout_in_rtc_step	32	static
smtc_modem_core/radio_drivers/lr11xx_driver/src/lr11xx_radio.c:419:17:lr11xx_radio_set_tx	8	static
smtc_modem_core/radio_drivers/lr11xx_driver/src/lr11xx_radio.c:687:17:lr11xx_radio_set_cad	32	static
smtc_modem_core/radio_drivers/lr11xx_driver/src/lr11xx_radio.c:723:17:lr11xx_radio_set_tx_infinite_preamble	32	static
