smtc_modem_core/smtc_ral/src/ral_defs.h:442:23:ral_compute_lora_ldro	4	static
smtc_modem_core/smtc_ral/src/ral.h:402:28:ral_set_dio_irq_params	8	static
smtc_modem_core/lr1mac/src/lr1_stack_mac_layer.c:233:6:lr1_stack_mac_tx_lora_launch_callback_for_rp	16	static
smtc_modem_core/lr1mac/src/lr1_stack_mac_layer.c:301:6:lr1_stack_mac_rx_lora_launch_callback_for_rp	24	static
smtc_modem_core/lr1mac/src/lr1_stack_mac_layer.c:320:6:lr1_stack_mac_rx_gfsk_launch_callback_for_rp	24	static
smtc_modem_core/lr1mac/src/lr1_stack_mac_layer.c:272:6:lr1_stack_mac_tx_lr_fhss_launch_callback_for_rp	40	static
smtc_modem_core/lr1mac/src/lr1_stack_mac_layer.c:253:6:lr1_stack_mac_tx_gfsk_launch_callback_for_rp	16	static
smtc_modem_core/lr1mac/src/lr1_stack_mac_layer.c:140:6:lr1_stack_mac_session_init	16	static
smtc_modem_core/lr1mac/src/lr1_stack_mac_layer.c:106:6:lr1_stack_mac_init	8	static
smtc_modem_core/lr1mac/src/lr1_stack_mac_layer.c:174:6:lr1_stack_mac_tx_frame_build	20	static
smtc_modem_core/lr1mac/src/lr1_stack_mac_layer.c:191:6:lr1_stack_mac_tx_frame_encrypt	32	static
smtc_modem_core/lr1mac/src/lr1_stack_mac_layer.c:223:6:lr1_stack_mac_radio_busy_lbt	8	static
smtc_modem_core/lr1mac/src/lr1_stack_mac_layer.c:229:6:lr1_stack_mac_radio_abort_lbt	0	static
smtc_modem_core/lr1mac/src/lr1_stack_mac_layer.c:338:6:lr1_stack_mac_tx_radio_start	256	static
smtc_modem_core/lr1mac/src/lr1_stack_mac_layer.c:216:6:lr1_stack_mac_tx_radio_free_lbt	8	static
smtc_modem_core/lr1mac/src/lr1_stack_mac_layer.c:484:6:lr1_stack_mac_rx_radio_start	240	static
smtc_modem_core/lr1mac/src/lr1_stack_mac_layer.c:613:6:lr1_stack_mac_rp_callback	40	static
smtc_modem_core/lr1mac/src/lr1_stack_mac_layer.c:727:6:lr1_stack_mac_rx_timer_configure	56	static
smtc_modem_core/lr1mac/src/lr1_stack_mac_layer.c:1005:6:lr1_stack_mac_update_tx_done	8	static
smtc_modem_core/lr1mac/src/lr1_stack_mac_layer.c:1175:18:lr1_stack_mac_cmd_parse	64	static
smtc_modem_core/lr1mac/src/lr1_stack_mac_layer.c:1293:6:lr1_stack_mac_join_request_build	56	static
smtc_modem_core/lr1mac/src/lr1_stack_mac_layer.c:1336:18:lr1_stack_mac_join_accept	40	static
smtc_modem_core/lr1mac/src/lr1_stack_mac_layer.c:1418:9:lr1_stack_network_next_free_duty_cycle_ms_get	16	static
smtc_modem_core/lr1mac/src/lr1_stack_mac_layer.c:1448:10:lr1_stack_toa_get	80	static
smtc_modem_core/lr1mac/src/lr1_stack_mac_layer.c:1034:6:lr1_stack_mac_update	32	static
smtc_modem_core/lr1mac/src/lr1_stack_mac_layer.c:1528:9:lr1_stack_nb_trans_get	0	static
smtc_modem_core/lr1mac/src/lr1_stack_mac_layer.c:1533:18:lr1_stack_nb_trans_set	0	static
smtc_modem_core/lr1mac/src/lr1_stack_mac_layer.c:1549:10:lr1_stack_get_crystal_error	0	static
smtc_modem_core/lr1mac/src/lr1_stack_mac_layer.c:1554:6:lr1_stack_set_crystal_error	0	static
smtc_modem_core/lr1mac/src/lr1_stack_mac_layer.c:2164:18:lr1mac_rx_payload_max_size_check	8	static
smtc_modem_core/lr1mac/src/lr1_stack_mac_layer.c:802:18:lr1_stack_mac_rx_frame_decode	72	static
