smtc_modem_core/lr1mac/src/lr1mac_core.c:1227:13:save_devnonce_rst	72	static
smtc_modem_core/lr1mac/src/lr1mac_core.c:1151:13:lr1mac_mac_update	32	static
smtc_modem_core/lr1mac/src/lr1mac_core.c:182:17:lr1mac_core_process	80	static
smtc_modem_core/lr1mac/src/lr1mac_core.c:387:18:lr1mac_core_join	24	static
smtc_modem_core/lr1mac/src/lr1mac_core.c:440:15:lr1_mac_joined_status_get	0	static
smtc_modem_core/lr1mac/src/lr1mac_core.c:605:18:lr1mac_core_dr_strategy_set	24	static
smtc_modem_core/lr1mac/src/lr1mac_core.c:634:15:lr1mac_core_dr_strategy_get	0	static
smtc_modem_core/lr1mac/src/lr1mac_core.c:653:10:lr1mac_core_devaddr_get	0	static
smtc_modem_core/lr1mac/src/lr1mac_core.c:661:9:lr1mac_core_next_power_get	0	static
smtc_modem_core/lr1mac/src/lr1mac_core.c:669:17:lr1mac_core_state_get	0	static
smtc_modem_core/lr1mac/src/lr1mac_core.c:677:6:lr1mac_core_context_save	72	static
smtc_modem_core/lr1mac/src/lr1mac_core.c:643:6:lr1mac_core_dr_custom_set	8	static
smtc_modem_core/lr1mac/src/lr1mac_core.c:702:10:lr1mac_core_next_max_payload_length_get	8	static
smtc_modem_core/lr1mac/src/lr1mac_core.c:711:9:lr1mac_core_next_dr_get	0	static
smtc_modem_core/lr1mac/src/lr1mac_core.c:716:10:lr1mac_core_next_frequency_get	0	static
smtc_modem_core/lr1mac/src/lr1mac_core.c:721:6:lr1mac_core_factory_reset	64	static
smtc_modem_core/lr1mac/src/lr1mac_core.c:737:26:lr1mac_core_get_activation_mode	0	static
smtc_modem_core/lr1mac/src/lr1mac_core.c:742:6:lr1mac_core_set_activation_mode	0	static
smtc_modem_core/lr1mac/src/lr1mac_core.c:747:18:lr1mac_core_rp_get	0	static
smtc_modem_core/lr1mac/src/lr1mac_core.c:752:10:lr1mac_core_nb_reset_get	0	static
smtc_modem_core/lr1mac/src/lr1mac_core.c:757:10:lr1mac_core_devnonce_get	0	static
smtc_modem_core/lr1mac/src/lr1mac_core.c:762:9:lr1mac_core_last_snr_get	0	static
smtc_modem_core/lr1mac/src/lr1mac_core.c:767:9:lr1mac_core_last_rssi_get	0	static
smtc_modem_core/lr1mac/src/lr1mac_core.c:772:18:lr1mac_core_context_load	8	static
smtc_modem_core/lr1mac/src/lr1mac_core.c:98:6:lr1mac_core_init	104	static
smtc_modem_core/lr1mac/src/lr1mac_core.c:791:15:lr1mac_core_rx_window_get	0	static
smtc_modem_core/lr1mac/src/lr1mac_core.c:796:10:lr1mac_core_fcnt_up_get	0	static
smtc_modem_core/lr1mac/src/lr1mac_core.c:801:10:lr1mac_core_next_join_time_second_get	0	static
smtc_modem_core/lr1mac/src/lr1mac_core.c:806:9:lr1mac_core_next_free_duty_cycle_ms_get	88	static
smtc_modem_core/lr1mac/src/lr1mac_core.c:532:18:lr1mac_core_payload_send	40	static
smtc_modem_core/lr1mac/src/lr1mac_core.c:459:18:lr1mac_core_send_stack_cid_req	296	static
smtc_modem_core/lr1mac/src/lr1mac_core.c:517:18:lr1mac_core_payload_send_at_time	32	static
smtc_modem_core/lr1mac/src/lr1mac_core.c:835:9:lr1mac_core_rx_ack_bit_get	0	static
smtc_modem_core/lr1mac/src/lr1mac_core.c:840:9:lr1mac_core_rx_fpending_bit_get	0	static
smtc_modem_core/lr1mac/src/lr1mac_core.c:845:26:lr1mac_core_get_region	0	static
smtc_modem_core/lr1mac/src/lr1mac_core.c:850:18:lr1mac_core_set_region	16	static
smtc_modem_core/lr1mac/src/lr1mac_core.c:865:6:lr1mac_core_set_no_rx_packet_threshold	0	static
smtc_modem_core/lr1mac/src/lr1mac_core.c:870:10:lr1mac_core_get_no_rx_packet_threshold	0	static
smtc_modem_core/lr1mac/src/lr1mac_core.c:875:10:lr1mac_core_get_current_adr_ack_cnt	0	static
smtc_modem_core/lr1mac/src/lr1mac_core.c:880:10:lr1mac_core_get_current_no_rx_packet_in_mobile_mode	0	static
smtc_modem_core/lr1mac/src/lr1mac_core.c:885:6:lr1mac_core_reset_no_rx_packet_in_mobile_mode_cnt	0	static
smtc_modem_core/lr1mac/src/lr1mac_core.c:890:10:lr1mac_core_get_current_no_rx_packet_cnt	0	static
smtc_modem_core/lr1mac/src/lr1mac_core.c:895:6:lr1mac_core_available_link_adr_get	0	static
smtc_modem_core/lr1mac/src/lr1mac_core.c:906:6:lr1mac_core_certification_set	8	static
smtc_modem_core/lr1mac/src/lr1mac_core.c:912:9:lr1mac_core_certification_get	0	static
smtc_modem_core/lr1mac/src/lr1mac_core.c:917:18:lr1mac_core_get_lorawan_version	8	static
smtc_modem_core/lr1mac/src/lr1mac_core.c:952:6:lr1mac_core_is_time_valid	8	static
smtc_modem_core/lr1mac/src/lr1mac_core.c:926:6:lr1mac_core_convert_rtc_to_gps_epoch_time	24	static
smtc_modem_core/lr1mac/src/lr1mac_core.c:965:10:lr1mac_core_get_timestamp_last_device_time_ans_s	0	static
smtc_modem_core/lr1mac/src/lr1mac_core.c:970:10:lr1mac_core_get_time_left_connection_lost	8	static
smtc_modem_core/lr1mac/src/lr1mac_core.c:993:6:lr1mac_core_set_device_time_callback	0	static
smtc_modem_core/lr1mac/src/lr1mac_core.c:1004:18:lr1_mac_core_set_device_time_invalid_delay_s	0	static
smtc_modem_core/lr1mac/src/lr1mac_core.c:1014:10:lr1_mac_core_get_device_time_invalid_delay_s	0	static
smtc_modem_core/lr1mac/src/lr1mac_core.c:1019:18:lr1mac_core_set_ping_slot_periodicity	0	static
smtc_modem_core/lr1mac/src/lr1mac_core.c:1037:9:lr1mac_core_get_ping_slot_periodicity	0	static
smtc_modem_core/lr1mac/src/lr1mac_core.c:1042:6:lr1mac_core_get_class_b_status	0	static
smtc_modem_core/lr1mac/src/lr1mac_core.c:1047:18:lr1_mac_core_get_link_check_ans	0	static
smtc_modem_core/lr1mac/src/lr1mac_core.c:1066:18:lr1_mac_core_get_device_time_req_status	0	static
smtc_modem_core/lr1mac/src/lr1mac_core.c:1075:18:lr1_mac_core_get_ping_slot_info_req_status	0	static
smtc_modem_core/lr1mac/src/lr1mac_core.c:1084:6:lr1mac_core_get_status_push_network_downlink_to_user	0	static
smtc_modem_core/lr1mac/src/lr1mac_core.c:1089:6:lr1mac_core_set_status_push_network_downlink_to_user	0	static
smtc_modem_core/lr1mac/src/lr1mac_core.c:1094:18:lr1mac_core_set_adr_ack_limit_delay	0	static
smtc_modem_core/lr1mac/src/lr1mac_core.c:1109:6:lr1mac_core_get_adr_ack_limit_delay	0	static
smtc_modem_core/lr1mac/src/lr1mac_core.c:1142:6:lr1mac_core_abort	8	static
smtc_modem_core/lr1mac/src/lr1mac_core.c:448:6:lr1mac_core_join_status_clear	16	static
