smtc_modem_core/lr1mac/src/lr1mac_class_c/lr1mac_class_c.c:168:6:lr1mac_class_c_launch	216	static
smtc_modem_core/lr1mac/src/lr1mac_class_c/lr1mac_class_c.c:299:13:lr1mac_class_c_rp_callback	8	static
smtc_modem_core/lr1mac/src/lr1mac_class_c/lr1mac_class_c.c:99:6:lr1mac_class_c_init	32	static
smtc_modem_core/lr1mac/src/lr1mac_class_c/lr1mac_class_c.c:160:6:lr1mac_class_c_start	8	static
smtc_modem_core/lr1mac/src/lr1mac_class_c/lr1mac_class_c.c:320:6:lr1mac_class_c_mac_rp_callback	80	static
smtc_modem_core/lr1mac/src/lr1mac_class_c/lr1mac_class_c.c:391:28:lr1mac_class_c_multicast_start_session	24	static
smtc_modem_core/lr1mac/src/lr1mac_class_c/lr1mac_class_c.c:466:28:lr1mac_class_c_multicast_stop_session	8	static
smtc_modem_core/lr1mac/src/lr1mac_class_c/lr1mac_class_c.c:508:28:lr1mac_class_c_multicast_stop_all_sessions	24	static
smtc_modem_core/lr1mac/src/lr1mac_class_c/lr1mac_class_c.c:146:6:lr1mac_class_c_stop	16	static
smtc_modem_core/lr1mac/src/lr1mac_class_c/lr1mac_class_c.c:136:6:lr1mac_class_c_enabled	16	static
smtc_modem_core/lr1mac/src/lr1mac_class_c/lr1mac_class_c.c:537:28:lr1mac_class_c_multicast_get_session_status	8	static
