smtc_modem_core/lr1mac/src/lr1mac_utilities.c:49:6:memcpy1	8	static
smtc_modem_core/lr1mac/src/lr1mac_utilities.c:57:6:memcpy1_r	8	static
smtc_modem_core/lr1mac/src/lr1mac_utilities.c:66:6:memset1	0	static
smtc_modem_core/lr1mac/src/lr1mac_utilities.c:74:10:lr1mac_utilities_crc	16	static
smtc_modem_core/lr1mac/src/lr1mac_utilities.c:89:10:lr1mac_utilities_get_symb_time_us	8	static
smtc_modem_core/lr1mac/src/lr1mac_utilities.c:134:9:SMTC_GET_BIT8	0	static
smtc_modem_core/lr1mac/src/lr1mac_utilities.c:138:6:SMTC_SET_BIT8	0	static
smtc_modem_core/lr1mac/src/lr1mac_utilities.c:142:6:SMTC_CLR_BIT8	8	static
smtc_modem_core/lr1mac/src/lr1mac_utilities.c:146:6:SMTC_PUT_BIT8	8	static
smtc_modem_core/lr1mac/src/lr1mac_utilities.c:151:9:SMTC_ARE_CLR_BYTE8	0	static
smtc_modem_core/lr1mac/src/lr1mac_utilities.c:163:9:SMTC_GET_BIT16	0	static
smtc_modem_core/lr1mac/src/lr1mac_utilities.c:167:6:SMTC_SET_BIT16	0	static
smtc_modem_core/lr1mac/src/lr1mac_utilities.c:171:6:SMTC_CLR_BIT16	0	static
smtc_modem_core/lr1mac/src/lr1mac_utilities.c:175:6:SMTC_PUT_BIT16	8	static
smtc_modem_core/lr1mac/src/lr1mac_utilities.c:180:9:SMTC_ARE_CLR_BYTE16	0	static
smtc_modem_core/lr1mac/src/lr1mac_utilities.c:192:18:lr1mac_rx_payload_min_size_check	8	static
smtc_modem_core/lr1mac/src/lr1mac_utilities.c:203:18:lr1mac_rx_mhdr_extract	16	static
smtc_modem_core/lr1mac/src/lr1mac_utilities.c:220:5:lr1mac_rx_fhdr_extract	32	static
smtc_modem_core/lr1mac/src/lr1mac_utilities.c:254:18:lr1mac_fcnt_dwn_accept	16	static
smtc_modem_core/lr1mac/src/lr1mac_utilities.c:286:9:lr1_stack_mac_cmd_ans_cut	32	static
