smtc_modem_core/modem_supervisor/modem_supervisor.c:1272:13:certification_event_handler	584	static
smtc_modem_core/modem_supervisor/modem_supervisor.c:288:6:modem_supervisor_init_task	0	static
smtc_modem_core/modem_supervisor/modem_supervisor.c:221:6:modem_supervisor_init	32	static
smtc_modem_core/modem_supervisor/modem_supervisor.c:298:16:modem_supervisor_get_task_priority	0	static
smtc_modem_core/modem_supervisor/modem_supervisor.c:310:15:modem_supervisor_remove_task	8	static
smtc_modem_core/modem_supervisor/modem_supervisor.c:321:15:modem_supervisor_add_task	16	static
smtc_modem_core/modem_supervisor/modem_supervisor.c:343:6:modem_supervisor_launch_task	312	static
smtc_modem_core/modem_supervisor/modem_supervisor.c:726:6:modem_supervisor_update_task	24	static
smtc_modem_core/modem_supervisor/modem_supervisor.c:946:10:modem_supervisor_scheduler	48	static
smtc_modem_core/modem_supervisor/modem_supervisor.c:1011:10:modem_supervisor_engine	24	static
smtc_modem_core/modem_supervisor/modem_supervisor.c:1156:9:modem_supervisor_update_downlink_frame	288	static
