smtc_modem_core/device_management/modem_context.c:1888:6:modem_context_empty_callback	0	static
smtc_modem_core/device_management/modem_context.c:361:6:modem_context_init	8	static
smtc_modem_core/device_management/modem_context.c:430:9:get_modem_event_count	16	static
smtc_modem_core/device_management/modem_context.c:440:9:get_modem_event_status	16	static
smtc_modem_core/device_management/modem_context.c:449:6:set_modem_event_count_and_status	0	static
smtc_modem_core/device_management/modem_context.c:422:6:modem_event_init	8	static
smtc_modem_core/device_management/modem_context.c:458:6:increment_modem_event_count_and_status	0	static
smtc_modem_core/device_management/modem_context.c:471:6:decrement_asynchronous_msgnumber	0	static
smtc_modem_core/device_management/modem_context.c:483:9:get_asynchronous_msgnumber	0	static
smtc_modem_core/device_management/modem_context.c:488:6:increment_asynchronous_msgnumber	16	static
smtc_modem_core/device_management/modem_context.c:507:9:get_last_msg_event	0	static
smtc_modem_core/device_management/modem_context.c:512:10:get_modem_uptime_s	8	static
smtc_modem_core/device_management/modem_context.c:517:6:set_modem_start_time_s	0	static
smtc_modem_core/device_management/modem_context.c:526:9:set_modem_dm_interval	0	static
smtc_modem_core/device_management/modem_context.c:535:9:get_modem_dm_interval	0	static
smtc_modem_core/device_management/modem_context.c:539:10:get_modem_dm_interval_second	0	static
smtc_modem_core/device_management/modem_context.c:564:6:set_modem_class	0	static
smtc_modem_core/device_management/modem_context.c:569:20:get_modem_class	0	static
smtc_modem_core/device_management/modem_context.c:592:9:get_modem_dm_port	0	static
smtc_modem_core/device_management/modem_context.c:610:26:get_modem_adr_profile	0	static
smtc_modem_core/device_management/modem_context.c:615:9:get_modem_region	8	static
smtc_modem_core/device_management/modem_context.c:620:9:set_modem_region	8	static
smtc_modem_core/device_management/modem_context.c:647:6:set_modem_appstatus	8	static
smtc_modem_core/device_management/modem_context.c:652:6:get_modem_appstatus	8	static
smtc_modem_core/device_management/modem_context.c:705:6:modem_supervisor_add_task_dm_status_now	40	static
smtc_modem_core/device_management/modem_context.c:715:6:modem_supervisor_add_task_crash_log	48	static
smtc_modem_core/device_management/modem_context.c:727:6:modem_supervisor_add_task_clock_sync_time_req	40	static
smtc_modem_core/device_management/modem_context.c:738:6:modem_supervisor_remove_task_clock_sync	8	static
smtc_modem_core/device_management/modem_context.c:750:6:modem_supervisor_is_clock_sync_running	8	static
smtc_modem_core/device_management/modem_context.c:787:6:modem_supervisor_add_task_modem_mute	32	static
smtc_modem_core/device_management/modem_context.c:845:6:modem_supervisor_add_task_file_upload	32	static
smtc_modem_core/device_management/modem_context.c:906:6:get_modem_gnss_status	16	static
smtc_modem_core/device_management/modem_context.c:918:6:set_modem_status_reset_after_brownout	8	static
smtc_modem_core/device_management/modem_context.c:924:6:set_modem_status_reset_after_crash	8	static
smtc_modem_core/device_management/modem_context.c:930:6:set_modem_status_modem_mute	8	static
smtc_modem_core/device_management/modem_context.c:936:6:set_modem_status_modem_joined	8	static
smtc_modem_core/device_management/modem_context.c:942:6:set_modem_status_radio_suspend	8	static
smtc_modem_core/device_management/modem_context.c:948:6:set_modem_status_file_upload	8	static
smtc_modem_core/device_management/modem_context.c:954:6:set_modem_status_joining	8	static
smtc_modem_core/device_management/modem_context.c:657:6:modem_supervisor_add_task_join	32	static
smtc_modem_core/device_management/modem_context.c:960:6:set_modem_status_streaming	0	static
smtc_modem_core/device_management/modem_context.c:824:6:modem_supervisor_add_task_stream	40	static
smtc_modem_core/device_management/modem_context.c:966:6:get_modem_status_reset_after_crash	0	static
smtc_modem_core/device_management/modem_context.c:971:6:get_modem_status_file_upload	0	static
smtc_modem_core/device_management/modem_context.c:976:6:get_modem_status_joining	0	static
smtc_modem_core/device_management/modem_context.c:629:20:get_join_state	8	static
smtc_modem_core/device_management/modem_context.c:692:6:modem_supervisor_add_task_dm_status	40	static
smtc_modem_core/device_management/modem_context.c:760:6:modem_supervisor_add_task_alc_sync_ans	40	static
smtc_modem_core/device_management/modem_context.c:774:6:modem_supervisor_add_task_alm_dbg_ans	40	static
smtc_modem_core/device_management/modem_context.c:796:6:modem_supervisor_add_task_retrieve_dl	40	static
smtc_modem_core/device_management/modem_context.c:810:6:modem_supervisor_add_task_frag	40	static
smtc_modem_core/device_management/modem_context.c:857:6:modem_supervisor_add_task_link_check_req	40	static
smtc_modem_core/device_management/modem_context.c:870:6:modem_supervisor_add_task_device_time_req	40	static
smtc_modem_core/device_management/modem_context.c:883:6:modem_supervisor_add_task_ping_slot_info_req	40	static
smtc_modem_core/device_management/modem_context.c:896:9:get_modem_status	8	static
smtc_modem_core/device_management/modem_context.c:981:6:get_modem_status_streaming	0	static
smtc_modem_core/device_management/modem_context.c:986:6:reset_modem_charge	8	static
smtc_modem_core/device_management/modem_context.c:992:10:get_modem_charge_ma_s	8	static
smtc_modem_core/device_management/modem_context.c:1000:10:get_modem_charge_ma_h	8	static
smtc_modem_core/device_management/modem_context.c:1005:10:get_modem_user_define_charge_ma_h	0	static
smtc_modem_core/device_management/modem_context.c:1010:6:set_modem_user_define_charge_ma_h	0	static
smtc_modem_core/device_management/modem_context.c:1015:6:choose_modem_charge_counter	0	static
smtc_modem_core/device_management/modem_context.c:1020:6:choose_user_define_charge_counter	0	static
smtc_modem_core/device_management/modem_context.c:1025:24:get_charge_counter_to_send	0	static
smtc_modem_core/device_management/modem_context.c:1030:9:get_modem_voltage	8	static
smtc_modem_core/device_management/modem_context.c:1034:8:get_modem_temp	8	static
smtc_modem_core/device_management/modem_context.c:1039:23:dm_check_dminfo_size	8	static
smtc_modem_core/device_management/modem_context.c:1056:9:dm_set_conf	24	static
smtc_modem_core/device_management/modem_context.c:1109:21:get_modem_muted	0	static
smtc_modem_core/device_management/modem_context.c:1128:9:dm_get_number_of_days_mute	0	static
smtc_modem_core/device_management/modem_context.c:1133:6:dm_set_number_of_days_mute	8	static
smtc_modem_core/device_management/modem_context.c:1151:9:get_dm_info_tag_list	12	static
smtc_modem_core/device_management/modem_context.c:1175:9:set_dm_info	32	static
smtc_modem_core/device_management/modem_context.c:1469:9:set_modem_suspend	8	static
smtc_modem_core/device_management/modem_context.c:1476:24:get_modem_suspend	0	static
smtc_modem_core/device_management/modem_context.c:1481:9:set_modem_adr_profile	32	static
smtc_modem_core/device_management/modem_context.c:1607:6:set_modem_downlink_frame	24	static
smtc_modem_core/device_management/modem_context.c:1624:6:get_modem_downlink_frame	8	static
smtc_modem_core/device_management/modem_context.c:1234:6:dm_status_payload	304	static
smtc_modem_core/device_management/modem_context.c:1637:6:set_dm_retrieve_pending_dl	0	static
smtc_modem_core/device_management/modem_context.c:1643:6:get_dm_retrieve_pending_dl	0	static
smtc_modem_core/device_management/modem_context.c:1649:6:decrement_dm_retrieve_pending_dl	0	static
smtc_modem_core/device_management/modem_context.c:1703:6:modem_context_factory_reset	40	static
smtc_modem_core/device_management/modem_context.c:1677:6:modem_load_context	40	static
smtc_modem_core/device_management/modem_context.c:1657:6:modem_store_context	40	static
smtc_modem_core/device_management/modem_context.c:574:9:set_modem_dm_port	8	static
smtc_modem_core/device_management/modem_context.c:1723:9:modem_context_compute_and_get_next_dm_upload_sctr	0	static
smtc_modem_core/device_management/modem_context.c:1730:22:modem_get_upload_state	0	static
smtc_modem_core/device_management/modem_context.c:1735:6:modem_set_upload_state	0	static
smtc_modem_core/device_management/modem_context.c:1742:23:modem_get_stream_state	0	static
smtc_modem_core/device_management/modem_context.c:1747:9:modem_get_stream_port	0	static
smtc_modem_core/device_management/modem_context.c:1752:6:modem_get_stream_encryption	0	static
smtc_modem_core/device_management/modem_context.c:1757:6:modem_set_stream_state	0	static
smtc_modem_core/device_management/modem_context.c:1762:6:modem_set_stream_port	0	static
smtc_modem_core/device_management/modem_context.c:1767:6:modem_set_stream_encryption	0	static
smtc_modem_core/device_management/modem_context.c:1773:6:modem_set_dm_info_bitfield_periodic	0	static
smtc_modem_core/device_management/modem_context.c:1781:6:modem_context_reset_dm_tag_number	0	static
smtc_modem_core/device_management/modem_context.c:1786:10:modem_get_dm_info_bitfield_periodic	0	static
smtc_modem_core/device_management/modem_context.c:1790:10:modem_get_user_alarm	0	static
smtc_modem_core/device_management/modem_context.c:1795:6:modem_set_user_alarm	0	static
smtc_modem_core/device_management/modem_context.c:1800:6:get_modem_reset_requested	0	static
smtc_modem_core/device_management/modem_context.c:1804:6:set_modem_reset_requested	0	static
smtc_modem_core/device_management/modem_context.c:1809:13:modem_get_rfo_pa	0	static
smtc_modem_core/device_management/modem_context.c:1814:9:modem_set_rfo_pa	0	static
smtc_modem_core/device_management/modem_context.c:1824:6:modem_set_duty_cycle_disabled_by_host	0	static
smtc_modem_core/device_management/modem_context.c:1829:9:modem_get_duty_cycle_disabled_by_host	0	static
smtc_modem_core/device_management/modem_context.c:1834:6:modem_set_adr_mobile_timeout_config	0	static
smtc_modem_core/device_management/modem_context.c:1839:10:modem_get_adr_mobile_timeout_config	0	static
smtc_modem_core/device_management/modem_context.c:1844:6:modem_available_new_link_adr_request	8	static
smtc_modem_core/device_management/modem_context.c:1848:6:modem_set_test_mode_status	0	static
smtc_modem_core/device_management/modem_context.c:1853:6:modem_get_test_mode_status	0	static
smtc_modem_core/device_management/modem_context.c:1858:6:modem_context_set_rx_pathloss_db	0	static
smtc_modem_core/device_management/modem_context.c:1863:8:modem_context_get_rx_pathloss_db	0	static
smtc_modem_core/device_management/modem_context.c:1868:6:modem_context_set_tx_power_offset_db	0	static
smtc_modem_core/device_management/modem_context.c:1873:8:modem_context_get_tx_power_offset_db	0	static
smtc_modem_core/device_management/modem_context.c:1878:18:modem_context_get_modem_rp	0	static
smtc_modem_core/device_management/modem_context.c:1883:6:modem_context_set_modem_rp	0	static
smtc_modem_core/device_management/modem_context.c:1894:6:modem_context_suspend_user_radio_access	184	static
smtc_modem_core/device_management/modem_context.c:1912:6:modem_context_resume_user_radio_access	8	static
smtc_modem_core/device_management/modem_context.c:1926:6:modem_context_suspend_radio_access	184	static
smtc_modem_core/device_management/modem_context.c:1948:6:modem_context_resume_radio_access	8	static
smtc_modem_core/device_management/modem_context.c:1964:6:modem_context_set_power_config_lut	0	static
smtc_modem_core/device_management/modem_context.c:1977:23:modem_context_get_power_config_lut	0	static
smtc_modem_core/device_management/modem_context.c:1982:16:modem_context_set_appkey	8	static
smtc_modem_core/device_management/modem_context.c:2013:6:modem_context_appkey_is_derived	8	static
smtc_modem_core/device_management/modem_context.c:2019:6:modem_context_get_network_type	8	static
smtc_modem_core/device_management/modem_context.c:2024:6:modem_context_set_network_type	8	static
smtc_modem_core/device_management/modem_context.c:2029:13:modem_context_get_modem_radio_ctx	0	static
smtc_modem_core/device_management/modem_context.c:2034:6:modem_context_set_modem_radio_ctx	0	static
smtc_modem_core/device_management/modem_context.c:2064:6:modem_set_extended_callback	0	static
smtc_modem_core/device_management/modem_context.c:2079:15:modem_get_extended_callback	0	static
smtc_modem_core/device_management/modem_context.c:2095:6:modem_leave	8	static
