smtc_modem_core/radio_planner/src/radio_planner.c:907:13:rp_hook_callback	8	static
smtc_modem_core/radio_planner/src/radio_planner.c:878:13:rp_task_call_aborted	32	static
smtc_modem_core/radio_planner/src/radio_planner.c:683:13:rp_task_compute_ranking	40	static
smtc_modem_core/radio_planner/src/radio_planner.c:970:13:rp_consumption_statistics_updated	56	static
smtc_modem_core/radio_planner/src/radio_planner.c:498:13:rp_task_arbiter.isra	56	static
smtc_modem_core/radio_planner/src/radio_planner.c:902:13:rp_timer_irq_callback	8	static
smtc_modem_core/radio_planner/src/radio_planner.c:193:6:rp_init	24	static
smtc_modem_core/radio_planner/src/radio_planner.c:218:18:rp_hook_init	16	static
smtc_modem_core/radio_planner/src/radio_planner.c:236:18:rp_release_hook	8	static
smtc_modem_core/radio_planner/src/radio_planner.c:249:18:rp_hook_get_id	8	static
smtc_modem_core/radio_planner/src/radio_planner.c:263:18:rp_task_enqueue	40	static
smtc_modem_core/radio_planner/src/radio_planner.c:357:6:rp_get_status	8	static
smtc_modem_core/radio_planner/src/radio_planner.c:369:6:rp_get_and_clear_raw_radio_irq	8	static
smtc_modem_core/radio_planner/src/radio_planner.c:380:12:rp_get_stats	8	static
smtc_modem_core/radio_planner/src/radio_planner.c:831:18:rp_get_pkt_payload	24	static
smtc_modem_core/radio_planner/src/radio_planner.c:385:6:rp_radio_irq	32	static
smtc_modem_core/radio_planner/src/radio_planner.c:323:18:rp_task_abort	16	static
smtc_modem_core/radio_planner/src/radio_planner.c:897:6:rp_radio_irq_callback	8	static
