smtc_modem_core/smtc_ral/src/ral_lr11xx.c:1242:18:ral_lr11xx_convert_irq_flags_to_ral	0	static
smtc_modem_core/smtc_ral/src/ral_lr11xx.c:1298:33:ral_lr11xx_convert_irq_flags_from_ral	0	static
smtc_modem_core/smtc_ral/src/ral_lr11xx.c:1406:21:ral_lr11xx_convert_gfsk_pkt_params_from_ral	4	static
smtc_modem_core/smtc_ral/src/ral_lr11xx.c:1543:21:ral_lr11xx_convert_lora_mod_params_from_ral	4	static
smtc_modem_core/smtc_ral/src/ral_lr11xx.c:1354:21:ral_lr11xx_convert_gfsk_mod_params_from_ral	24	static
smtc_modem_core/smtc_ral/src/ral_lr11xx.c:1623:21:ral_lr11xx_convert_lora_pkt_params_from_ral	0	static
smtc_modem_core/smtc_ral/src/ral_lr11xx.c:363:6:ral_lr11xx_handles_part	8	static
smtc_modem_core/smtc_ral/src/ral_lr11xx.c:368:14:ral_lr11xx_reset	8	static
smtc_modem_core/smtc_ral/src/ral_lr11xx.c:373:14:ral_lr11xx_init	32	static
smtc_modem_core/smtc_ral/src/ral_lr11xx.c:429:14:ral_lr11xx_wakeup	8	static
smtc_modem_core/smtc_ral/src/ral_lr11xx.c:434:14:ral_lr11xx_set_sleep	16	static
smtc_modem_core/smtc_ral/src/ral_lr11xx.c:452:14:ral_lr11xx_set_standby	8	static
smtc_modem_core/smtc_ral/src/ral_lr11xx.c:475:14:ral_lr11xx_set_fs	8	static
smtc_modem_core/smtc_ral/src/ral_lr11xx.c:480:14:ral_lr11xx_set_tx	8	static
smtc_modem_core/smtc_ral/src/ral_lr11xx.c:485:14:ral_lr11xx_set_rx	8	static
smtc_modem_core/smtc_ral/src/ral_lr11xx.c:506:14:ral_lr11xx_cfg_rx_boosted	8	static
smtc_modem_core/smtc_ral/src/ral_lr11xx.c:511:14:ral_lr11xx_set_rx_tx_fallback_mode	8	static
smtc_modem_core/smtc_ral/src/ral_lr11xx.c:541:14:ral_lr11xx_stop_timer_on_preamble	8	static
smtc_modem_core/smtc_ral/src/ral_lr11xx.c:546:14:ral_lr11xx_set_rx_duty_cycle	8	static
smtc_modem_core/smtc_ral/src/ral_lr11xx.c:553:14:ral_lr11xx_set_lora_cad	8	static
smtc_modem_core/smtc_ral/src/ral_lr11xx.c:558:14:ral_lr11xx_set_tx_cw	8	static
smtc_modem_core/smtc_ral/src/ral_lr11xx.c:563:14:ral_lr11xx_set_tx_infinite_preamble	8	static
smtc_modem_core/smtc_ral/src/ral_lr11xx.c:568:14:ral_lr11xx_cal_img	8	static
smtc_modem_core/smtc_ral/src/ral_lr11xx.c:573:14:ral_lr11xx_set_tx_cfg	24	static
smtc_modem_core/smtc_ral/src/ral_lr11xx.c:600:14:ral_lr11xx_set_pkt_payload	8	static
smtc_modem_core/smtc_ral/src/ral_lr11xx.c:605:14:ral_lr11xx_get_pkt_payload	40	static
smtc_modem_core/smtc_ral/src/ral_lr11xx.c:635:14:ral_lr11xx_get_irq_status	24	static
smtc_modem_core/smtc_ral/src/ral_lr11xx.c:651:14:ral_lr11xx_clear_irq_status	8	static
smtc_modem_core/smtc_ral/src/ral_lr11xx.c:658:14:ral_lr11xx_get_and_clear_irq_status	24	static
smtc_modem_core/smtc_ral/src/ral_lr11xx.c:677:14:ral_lr11xx_set_dio_irq_params	8	static
smtc_modem_core/smtc_ral/src/ral_lr11xx.c:684:14:ral_lr11xx_set_rf_freq	40	static
smtc_modem_core/smtc_ral/src/ral_lr11xx.c:706:14:ral_lr11xx_set_pkt_type	8	static
smtc_modem_core/smtc_ral/src/ral_lr11xx.c:731:14:ral_lr11xx_get_pkt_type	24	static
smtc_modem_core/smtc_ral/src/ral_lr11xx.c:761:14:ral_lr11xx_set_gfsk_mod_params	32	static
smtc_modem_core/smtc_ral/src/ral_lr11xx.c:775:14:ral_lr11xx_set_gfsk_pkt_params	32	static
smtc_modem_core/smtc_ral/src/ral_lr11xx.c:789:14:ral_lr11xx_set_lora_mod_params	16	static
smtc_modem_core/smtc_ral/src/ral_lr11xx.c:803:14:ral_lr11xx_set_lora_pkt_params	24	static
smtc_modem_core/smtc_ral/src/ral_lr11xx.c:817:14:ral_lr11xx_set_lora_cad_params	16	static
smtc_modem_core/smtc_ral/src/ral_lr11xx.c:831:14:ral_lr11xx_set_lora_symb_nb_timeout	8	static
smtc_modem_core/smtc_ral/src/ral_lr11xx.c:836:14:ral_lr11xx_set_flrc_mod_params	0	static
smtc_modem_core/smtc_ral/src/ral_lr11xx.c:841:14:ral_lr11xx_set_flrc_pkt_params	0	static
smtc_modem_core/smtc_ral/src/ral_lr11xx.c:846:14:ral_lr11xx_get_gfsk_rx_pkt_status	32	static
smtc_modem_core/smtc_ral/src/ral_lr11xx.c:873:14:ral_lr11xx_get_lora_rx_pkt_status	24	static
smtc_modem_core/smtc_ral/src/ral_lr11xx.c:891:14:ral_lr11xx_get_flrc_rx_pkt_status	0	static
smtc_modem_core/smtc_ral/src/ral_lr11xx.c:896:14:ral_lr11xx_get_rssi_inst	24	static
smtc_modem_core/smtc_ral/src/ral_lr11xx.c:905:10:ral_lr11xx_get_lora_time_on_air_in_ms	24	static
smtc_modem_core/smtc_ral/src/ral_lr11xx.c:916:10:ral_lr11xx_get_gfsk_time_on_air_in_ms	32	static
smtc_modem_core/smtc_ral/src/ral_lr11xx.c:927:10:ral_lr11xx_get_flrc_time_on_air_in_ms	0	static
smtc_modem_core/smtc_ral/src/ral_lr11xx.c:932:14:ral_lr11xx_set_gfsk_sync_word	24	static
smtc_modem_core/smtc_ral/src/ral_lr11xx.c:944:14:ral_lr11xx_set_lora_sync_word	8	static
smtc_modem_core/smtc_ral/src/ral_lr11xx.c:949:14:ral_lr11xx_set_flrc_sync_word	0	static
smtc_modem_core/smtc_ral/src/ral_lr11xx.c:954:14:ral_lr11xx_set_gfsk_crc_params	8	static
smtc_modem_core/smtc_ral/src/ral_lr11xx.c:959:14:ral_lr11xx_set_flrc_crc_params	0	static
smtc_modem_core/smtc_ral/src/ral_lr11xx.c:964:14:ral_lr11xx_set_gfsk_whitening_seed	8	static
smtc_modem_core/smtc_ral/src/ral_lr11xx.c:969:14:ral_lr11xx_lr_fhss_init	8	static
smtc_modem_core/smtc_ral/src/ral_lr11xx.c:975:14:ral_lr11xx_lr_fhss_build_frame	72	static
smtc_modem_core/smtc_ral/src/ral_lr11xx.c:1011:14:ral_lr11xx_lr_fhss_handle_hop	0	static
smtc_modem_core/smtc_ral/src/ral_lr11xx.c:1020:14:ral_lr11xx_lr_fhss_handle_tx_done	0	static
smtc_modem_core/smtc_ral/src/ral_lr11xx.c:1029:14:ral_lr11xx_lr_fhss_get_time_on_air_in_ms	40	static
smtc_modem_core/smtc_ral/src/ral_lr11xx.c:1040:14:ral_lr11xx_lr_fhss_get_hop_sequence_count	32	static
smtc_modem_core/smtc_ral/src/ral_lr11xx.c:1049:14:ral_lr11xx_get_lora_rx_pkt_cr_crc	0	static
smtc_modem_core/smtc_ral/src/ral_lr11xx.c:1054:14:ral_lr11xx_get_tx_consumption_in_ua	48	static
smtc_modem_core/smtc_ral/src/ral_lr11xx.c:1175:14:ral_lr11xx_get_gfsk_rx_consumption_in_ua	24	static
smtc_modem_core/smtc_ral/src/ral_lr11xx.c:1198:14:ral_lr11xx_get_lora_rx_consumption_in_ua	24	static
smtc_modem_core/smtc_ral/src/ral_lr11xx.c:1220:14:ral_lr11xx_get_random_numbers	24	static
