smtc_modem_core/lr1mac/src/smtc_real/src/region_eu_868.c:86:6:region_eu_868_config	32	static
smtc_modem_core/lr1mac/src/smtc_real/src/region_eu_868.c:157:6:region_eu_868_init	16	static
smtc_modem_core/lr1mac/src/smtc_real/src/region_eu_868.c:186:18:region_eu_868_get_next_channel	32	static
smtc_modem_core/lr1mac/src/smtc_real/src/region_eu_868.c:181:18:region_eu_868_get_join_next_channel	8	static
smtc_modem_core/lr1mac/src/smtc_real/src/region_eu_868.c:226:6:region_eu_868_set_rx_config	8	static
smtc_modem_core/lr1mac/src/smtc_real/src/region_eu_868.c:241:6:region_eu_868_set_channel_mask	16	static
smtc_modem_core/lr1mac/src/smtc_real/src/region_eu_868.c:253:18:region_eu_868_build_channel_mask	24	static
smtc_modem_core/lr1mac/src/smtc_real/src/region_eu_868.c:306:19:region_eu_868_get_modulation_type_from_datarate	8	static
smtc_modem_core/lr1mac/src/smtc_real/src/region_eu_868.c:327:6:region_eu_868_lora_dr_to_sf_bw	8	static
smtc_modem_core/lr1mac/src/smtc_real/src/region_eu_868.c:340:6:region_eu_868_fsk_dr_to_bitrate	8	static
smtc_modem_core/lr1mac/src/smtc_real/src/region_eu_868.c:352:6:region_eu_868_lr_fhss_dr_to_cr_bw	8	static
