smtc_modem_core/smtc_modem_services/src/stream/rose.c:243:13:ROSE_payload_encrypt.constprop	40	static
smtc_modem_core/smtc_modem_services/src/stream/rose.c:140:5:ROSE_rvec_len	0	static
smtc_modem_core/smtc_modem_services/src/stream/rose.c:156:9:ROSE_encWL	0	static
smtc_modem_core/smtc_modem_services/src/stream/rose.c:170:10:ROSE_decWL	8	static
smtc_modem_core/smtc_modem_services/src/stream/rose.c:258:6:ROSE_cipher	48	static
smtc_modem_core/smtc_modem_services/src/stream/rose.c:289:5:ROSE_init	32	static
smtc_modem_core/smtc_modem_services/src/stream/rose.c:323:5:ROSE_enable_encryption	0	static
smtc_modem_core/smtc_modem_services/src/stream/rose.c:339:10:ROSE_getSoff	0	static
smtc_modem_core/smtc_modem_services/src/stream/rose.c:344:10:ROSE_getFree	8	static
smtc_modem_core/smtc_modem_services/src/stream/rose.c:349:10:ROSE_getPending	0	static
smtc_modem_core/smtc_modem_services/src/stream/rose.c:354:5:ROSE_getStatus	16	static
smtc_modem_core/smtc_modem_services/src/stream/rose.c:369:5:ROSE_getData	96	static
smtc_modem_core/smtc_modem_services/src/stream/rose.c:513:5:ROSE_processDnFrame	32	static
smtc_modem_core/smtc_modem_services/src/stream/rose.c:621:5:ROSE_addRecord	40	static
