smtc_modem_core/smtc_ral/src/ral_defs.h:442:23:ral_compute_lora_ldro	4	static
smtc_modem_core/modem_core/smtc_modem_test.c:772:6:modem_test_empty_callback	8	static
smtc_modem_core/modem_core/smtc_modem_test.c:777:6:modem_test_compute_rssi_callback	24	static
smtc_modem_core/modem_core/smtc_modem_test.c:845:6:modem_test_rx_callback	192	static
smtc_modem_core/modem_core/smtc_modem_test.c:893:6:test_mode_cw_callback_for_rp	16	static
smtc_modem_core/modem_core/smtc_modem_test.c:789:6:modem_test_tx_callback	192	static
smtc_modem_core/modem_core/smtc_modem_test.c:198:26:smtc_modem_test_start	16	static
smtc_modem_core/modem_core/smtc_modem_test.c:245:26:smtc_modem_test_tx_hop	8	static
smtc_modem_core/modem_core/smtc_modem_test.c:415:26:smtc_modem_test_tx_cw	224	static
smtc_modem_core/modem_core/smtc_modem_test.c:586:26:smtc_modem_test_get_nb_rx_packets	8	static
smtc_modem_core/modem_core/smtc_modem_test.c:597:26:smtc_modem_test_rssi	56	static
smtc_modem_core/modem_core/smtc_modem_test.c:639:26:smtc_modem_test_get_rssi	8	static
smtc_modem_core/modem_core/smtc_modem_test.c:662:6:modem_test_set_rssi	0	static
smtc_modem_core/modem_core/smtc_modem_test.c:667:26:smtc_modem_test_radio_reset	16	static
smtc_modem_core/modem_core/smtc_modem_test.c:255:26:smtc_modem_test_nop	8	static
smtc_modem_core/modem_core/smtc_modem_test.c:226:26:smtc_modem_test_stop	16	static
smtc_modem_core/modem_core/smtc_modem_test.c:267:26:smtc_modem_test_tx	280	static
smtc_modem_core/modem_core/smtc_modem_test.c:465:26:smtc_modem_test_rx_continuous	264	static
smtc_modem_core/modem_core/smtc_modem_test.c:692:26:smtc_modem_test_duty_cycle_app_activate	16	static
smtc_modem_core/modem_core/smtc_modem_test.c:711:26:smtc_modem_test_direct_radio_write	32	static
smtc_modem_core/modem_core/smtc_modem_test.c:739:26:smtc_modem_test_direct_radio_read	32	static
