smtc_modem_core/lr1mac/src/services/smtc_lbt.c:199:6:smtc_lbt_rp_callback	24	static
smtc_modem_core/lr1mac/src/services/smtc_lbt.c:100:6:smtc_lbt_launch_callback_for_rp	40	static
smtc_modem_core/lr1mac/src/services/smtc_lbt.c:43:6:smtc_lbt_init	32	static
smtc_modem_core/lr1mac/src/services/smtc_lbt.c:72:6:smtc_lbt_set_parameters	8	static
smtc_modem_core/lr1mac/src/services/smtc_lbt.c:82:6:smtc_lbt_get_parameters	8	static
smtc_modem_core/lr1mac/src/services/smtc_lbt.c:90:6:smtc_lbt_set_state	0	static
smtc_modem_core/lr1mac/src/services/smtc_lbt.c:95:6:smtc_lbt_get_state	0	static
smtc_modem_core/lr1mac/src/services/smtc_lbt.c:138:6:smtc_lbt_listen_channel	248	static
