smtc_modem_core/lr1mac/src/services/smtc_duty_cycle.c:456:16:smtc_duty_cycle_get_band	8	static
smtc_modem_core/lr1mac/src/services/smtc_duty_cycle.c:125:6:smtc_duty_cycle_init	8	static
smtc_modem_core/lr1mac/src/services/smtc_duty_cycle.c:131:6:smtc_duty_cycle_config	32	static
smtc_modem_core/lr1mac/src/services/smtc_duty_cycle.c:148:9:smtc_duty_cycle_enable_set	0	static
smtc_modem_core/lr1mac/src/services/smtc_duty_cycle.c:159:28:smtc_duty_cycle_enable_get	0	static
smtc_modem_core/lr1mac/src/services/smtc_duty_cycle.c:164:6:smtc_duty_cycle_sum	40	static
smtc_modem_core/lr1mac/src/services/smtc_duty_cycle.c:223:6:smtc_duty_cycle_update	40	static
smtc_modem_core/lr1mac/src/services/smtc_duty_cycle.c:268:6:smtc_duty_cycle_is_toa_accepted	16	static
smtc_modem_core/lr1mac/src/services/smtc_duty_cycle.c:294:9:smtc_duty_cycle_band_get_available_toa_ms	16	static
smtc_modem_core/lr1mac/src/services/smtc_duty_cycle.c:308:6:smtc_duty_cycle_is_channel_free	8	static
smtc_modem_core/lr1mac/src/services/smtc_duty_cycle.c:323:6:smtc_duty_cycle_is_band_free	8	static
smtc_modem_core/lr1mac/src/services/smtc_duty_cycle.c:337:9:smtc_duty_cycle_get_next_free_time_ms	72	static
