smtc_modem_core/lr1mac/src/smtc_real/src/smtc_real.c:93:20:smtc_real_is_supported_region	8	static
smtc_modem_core/lr1mac/src/smtc_real/src/smtc_real.c:211:6:smtc_real_init	8	static
smtc_modem_core/lr1mac/src/smtc_real/src/smtc_real.c:304:6:smtc_real_init_session	8	static
smtc_modem_core/lr1mac/src/smtc_real/src/smtc_real.c:362:6:smtc_real_set_dr_distribution	24	static
smtc_modem_core/lr1mac/src/smtc_real/src/smtc_real.c:475:16:smtc_real_cf_list_type_supported	0	static
smtc_modem_core/lr1mac/src/smtc_real/src/smtc_real.c:581:9:smtc_real_get_number_of_chmask_in_cflist	8	static
smtc_modem_core/lr1mac/src/smtc_real/src/smtc_real.c:642:18:smtc_real_get_next_channel	8	static
smtc_modem_core/lr1mac/src/smtc_real/src/smtc_real.c:709:18:smtc_real_get_join_next_channel	8	static
smtc_modem_core/lr1mac/src/smtc_real/src/smtc_real.c:776:6:smtc_real_set_rx_config	8	static
smtc_modem_core/lr1mac/src/smtc_real/src/smtc_real.c:852:6:smtc_real_set_power	8	static
smtc_modem_core/lr1mac/src/smtc_real/src/smtc_real.c:866:6:smtc_real_set_channel_mask	8	static
smtc_modem_core/lr1mac/src/smtc_real/src/smtc_real.c:942:6:smtc_real_init_channel_mask	8	static
smtc_modem_core/lr1mac/src/smtc_real/src/smtc_real.c:947:6:smtc_real_init_join_snapshot_channel_mask	8	static
smtc_modem_core/lr1mac/src/smtc_real/src/smtc_real.c:1006:6:smtc_real_init_after_join_snapshot_channel_mask	8	static
smtc_modem_core/lr1mac/src/smtc_real/src/smtc_real.c:1065:18:smtc_real_build_channel_mask	8	static
smtc_modem_core/lr1mac/src/smtc_real/src/smtc_real.c:1192:6:smtc_real_enable_all_channels_with_valid_freq	16	static
smtc_modem_core/lr1mac/src/smtc_real/src/smtc_real.c:1264:18:smtc_real_is_rx1_dr_offset_valid	8	static
smtc_modem_core/lr1mac/src/smtc_real/src/smtc_real.c:1275:18:smtc_real_is_rx_dr_valid	8	static
smtc_modem_core/lr1mac/src/smtc_real/src/smtc_real.c:1289:18:smtc_real_is_tx_dr_valid	8	static
smtc_modem_core/lr1mac/src/smtc_real/src/smtc_real.c:1303:18:smtc_real_is_tx_dr_acceptable	32	static
smtc_modem_core/lr1mac/src/smtc_real/src/smtc_real.c:1132:9:smtc_real_decrement_dr_simulation	24	static
smtc_modem_core/lr1mac/src/smtc_real/src/smtc_real.c:1445:18:smtc_real_is_channel_index_valid	8	static
smtc_modem_core/lr1mac/src/smtc_real/src/smtc_real.c:1509:18:smtc_real_is_payload_size_valid	40	static
smtc_modem_core/lr1mac/src/smtc_real/src/smtc_real.c:1537:6:smtc_real_set_tx_frequency_channel	16	static
smtc_modem_core/lr1mac/src/smtc_real/src/smtc_real.c:1600:18:smtc_real_set_rx1_frequency_channel	16	static
smtc_modem_core/lr1mac/src/smtc_real/src/smtc_real.c:1667:6:smtc_real_set_channel_dr	24	static
smtc_modem_core/lr1mac/src/smtc_real/src/smtc_real.c:1735:6:smtc_real_set_channel_enabled	16	static
smtc_modem_core/lr1mac/src/smtc_real/src/smtc_real.c:1798:10:smtc_real_get_tx_channel_frequency	24	static
smtc_modem_core/lr1mac/src/smtc_real/src/smtc_real.c:1865:10:smtc_real_get_rx1_channel_frequency	24	static
smtc_modem_core/lr1mac/src/smtc_real/src/smtc_real.c:1932:9:smtc_real_get_min_tx_channel_dr	32	static
smtc_modem_core/lr1mac/src/smtc_real/src/smtc_real.c:1163:6:smtc_real_decrement_dr	16	static
smtc_modem_core/lr1mac/src/smtc_real/src/smtc_real.c:1962:9:smtc_real_get_max_tx_channel_dr	32	static
smtc_modem_core/lr1mac/src/smtc_real/src/smtc_real.c:1987:10:smtc_real_mask_tx_dr_channel	16	static
smtc_modem_core/lr1mac/src/smtc_real/src/smtc_real.c:2001:10:smtc_real_mask_tx_dr_channel_up_dwell_time_check	24	static
smtc_modem_core/lr1mac/src/smtc_real/src/smtc_real.c:409:18:smtc_real_get_next_dr	32	static
smtc_modem_core/lr1mac/src/smtc_real/src/smtc_real.c:2015:9:smtc_real_get_preamble_len	0	static
smtc_modem_core/lr1mac/src/smtc_real/src/smtc_real.c:2038:18:smtc_real_is_channel_mask_for_mobile_mode	32	static
smtc_modem_core/lr1mac/src/smtc_real/src/smtc_real.c:2088:19:smtc_real_get_modulation_type_from_datarate	8	static
smtc_modem_core/lr1mac/src/smtc_real/src/smtc_real.c:2164:6:smtc_real_lora_dr_to_sf_bw	8	static
smtc_modem_core/lr1mac/src/smtc_real/src/smtc_real.c:2240:6:smtc_real_fsk_dr_to_bitrate	8	static
smtc_modem_core/lr1mac/src/smtc_real/src/smtc_real.c:2286:6:smtc_real_lr_fhss_dr_to_cr_bw	8	static
smtc_modem_core/lr1mac/src/smtc_real/src/smtc_real.c:2315:14:smtc_real_lr_fhss_get_header_count	8	static
smtc_modem_core/lr1mac/src/smtc_real/src/smtc_real.c:2330:19:smtc_real_lr_fhss_get_grid	8	static
smtc_modem_core/lr1mac/src/smtc_real/src/smtc_real.c:2359:9:smtc_real_get_number_of_enabled_channels_for_a_datarate	24	static
smtc_modem_core/lr1mac/src/smtc_real/src/smtc_real.c:2376:8:smtc_real_clamp_output_power_eirp_vs_freq_and_dr	8	static
smtc_modem_core/lr1mac/src/smtc_real/src/smtc_real.c:2454:9:smtc_real_get_current_enabled_frequency_list	24	static
smtc_modem_core/lr1mac/src/smtc_real/src/smtc_real.c:2476:6:smtc_real_is_tx_param_setup_req_supported	0	static
smtc_modem_core/lr1mac/src/smtc_real/src/smtc_real.c:2481:6:smtc_real_is_new_channel_req_supported	0	static
smtc_modem_core/lr1mac/src/smtc_real/src/smtc_real.c:2486:9:smtc_real_get_rx1_join_delay	0	static
smtc_modem_core/lr1mac/src/smtc_real/src/smtc_real.c:2491:9:smtc_real_get_rx2_join_dr	0	static
smtc_modem_core/lr1mac/src/smtc_real/src/smtc_real.c:2496:9:smtc_real_get_frequency_factor	0	static
smtc_modem_core/lr1mac/src/smtc_real/src/smtc_real.c:2501:15:smtc_real_get_coding_rate	0	static
smtc_modem_core/lr1mac/src/smtc_real/src/smtc_real.c:2506:9:smtc_real_get_adr_ack_delay	0	static
smtc_modem_core/lr1mac/src/smtc_real/src/smtc_real.c:2511:9:smtc_real_get_adr_ack_limit	0	static
smtc_modem_core/lr1mac/src/smtc_real/src/smtc_real.c:2516:9:smtc_real_get_public_sync_word	0	static
smtc_modem_core/lr1mac/src/smtc_real/src/smtc_real.c:2521:9:smtc_real_get_private_sync_word	0	static
smtc_modem_core/lr1mac/src/smtc_real/src/smtc_real.c:2526:9:smtc_real_get_sync_word	0	static
smtc_modem_core/lr1mac/src/smtc_real/src/smtc_real.c:2531:6:smtc_real_set_sync_word	0	static
smtc_modem_core/lr1mac/src/smtc_real/src/smtc_real.c:2536:10:smtc_real_get_gfsk_sync_word	0	static
smtc_modem_core/lr1mac/src/smtc_real/src/smtc_real.c:2546:10:smtc_real_get_lr_fhss_sync_word	0	static
smtc_modem_core/lr1mac/src/smtc_real/src/smtc_real.c:2555:6:smtc_real_is_dtc_supported	0	static
smtc_modem_core/lr1mac/src/smtc_real/src/smtc_real.c:2560:6:smtc_real_is_lbt_supported	0	static
smtc_modem_core/lr1mac/src/smtc_real/src/smtc_real.c:2565:10:smtc_real_get_lbt_duration_ms	16	static
smtc_modem_core/lr1mac/src/smtc_real/src/smtc_real.c:2575:9:smtc_real_get_lbt_threshold_dbm	16	static
smtc_modem_core/lr1mac/src/smtc_real/src/smtc_real.c:2584:10:smtc_real_get_lbt_bw_hz	16	static
smtc_modem_core/lr1mac/src/smtc_real/src/smtc_real.c:107:6:smtc_real_config	48	static
smtc_modem_core/lr1mac/src/smtc_real/src/smtc_real.c:2593:9:smtc_real_get_max_payload_size	24	static
smtc_modem_core/lr1mac/src/smtc_real/src/smtc_real.c:2613:9:smtc_real_get_default_max_eirp	0	static
smtc_modem_core/lr1mac/src/smtc_real/src/smtc_real.c:2618:9:smtc_real_get_beacon_dr	0	static
smtc_modem_core/lr1mac/src/smtc_real/src/smtc_real.c:2623:10:smtc_real_get_beacon_frequency	8	static
smtc_modem_core/lr1mac/src/smtc_real/src/smtc_real.c:2689:10:smtc_real_get_ping_slot_frequency	8	static
smtc_modem_core/lr1mac/src/smtc_real/src/smtc_real.c:2755:9:smtc_real_get_ping_slot_datarate	0	static
smtc_modem_core/lr1mac/src/smtc_real/src/smtc_real.c:2760:10:smtc_real_decode_freq_from_buf	8	static
smtc_modem_core/lr1mac/src/smtc_real/src/smtc_real.c:2767:18:smtc_real_is_frequency_valid	8	static
smtc_modem_core/lr1mac/src/smtc_real/src/smtc_real.c:1382:18:smtc_real_is_nwk_received_tx_frequency_valid	8	static
smtc_modem_core/lr1mac/src/smtc_real/src/smtc_real.c:480:18:smtc_real_update_cflist	40	static
smtc_modem_core/lr1mac/src/smtc_real/src/smtc_real.c:2778:18:smtc_real_is_tx_power_valid	8	static
smtc_modem_core/lr1mac/src/smtc_real/src/smtc_real.c:2789:18:smtc_real_get_regional_parameters_version	8	static
smtc_modem_core/lr1mac/src/smtc_real/src/smtc_real.c:2797:10:smtc_real_get_symbol_duration_us	24	static
smtc_modem_core/lr1mac/src/smtc_real/src/smtc_real.c:2835:6:smtc_real_get_rx_window_parameters	32	static
smtc_modem_core/lr1mac/src/smtc_real/src/smtc_real.c:2873:6:smtc_real_get_rx_start_time_offset_ms	32	static
