smtc_modem_core/smtc_ral/src/ral_defs.h:442:23:ral_compute_lora_ldro	4	static
smtc_modem_core/lr1mac/src/lr1mac_class_b/smtc_ping_slot.c:728:13:smtc_ping_slot_compute_next_ping_offset_time	20	static
smtc_modem_core/lr1mac/src/lr1mac_class_b/smtc_ping_slot.c:1140:13:ping_slot_mac_rx_lora_launch_callback_for_rp	24	static
smtc_modem_core/lr1mac/src/lr1mac_class_b/smtc_ping_slot.c:1079:17:smtc_ping_slot_get_duration_timeout_ms.isra	8	static
smtc_modem_core/lr1mac/src/lr1mac_class_b/smtc_ping_slot.c:146:6:smtc_ping_slot_init	32	static
smtc_modem_core/lr1mac/src/lr1mac_class_b/smtc_ping_slot.c:489:6:smtc_ping_slot_mac_rp_callback	120	static
smtc_modem_core/lr1mac/src/lr1mac_class_b/smtc_ping_slot.c:567:10:smtc_ping_slot_compute_first_slot	48	static
smtc_modem_core/lr1mac/src/lr1mac_class_b/smtc_ping_slot.c:200:6:smtc_ping_slot_init_after_beacon	40	static
smtc_modem_core/lr1mac/src/lr1mac_class_b/smtc_ping_slot.c:583:28:smtc_ping_slot_multicast_b_start_session	32	static
smtc_modem_core/lr1mac/src/lr1mac_class_b/smtc_ping_slot.c:627:28:smtc_ping_slot_multicast_b_stop_session	0	static
smtc_modem_core/lr1mac/src/lr1mac_class_b/smtc_ping_slot.c:647:28:smtc_ping_slot_multicast_b_stop_all_sessions	12	static
smtc_modem_core/lr1mac/src/lr1mac_class_b/smtc_ping_slot.c:184:6:smtc_ping_slot_stop	16	static
smtc_modem_core/lr1mac/src/lr1mac_class_b/smtc_ping_slot.c:242:6:smtc_ping_slot_start	288	static
smtc_modem_core/lr1mac/src/lr1mac_class_b/smtc_ping_slot.c:457:6:smtc_ping_slot_rp_callback	16	static
smtc_modem_core/lr1mac/src/lr1mac_class_b/smtc_ping_slot.c:662:28:smtc_ping_slot_multicast_b_get_session_status	8	static
