smtc_modem_core/lr1mac/src/lr1mac_class_b/smtc_beacon_sniff.c:493:17:crc16_beacon.part.0	20	static
smtc_modem_core/lr1mac/src/lr1mac_class_b/smtc_beacon_sniff.c:530:16:get_beacon_length	8	static
smtc_modem_core/lr1mac/src/lr1mac_class_b/smtc_beacon_sniff.c:354:6:smtc_beacon_sniff_launch_callback_for_rp	24	static
smtc_modem_core/lr1mac/src/lr1mac_class_b/smtc_beacon_sniff.c:318:6:beacon_rp_request	224	static
smtc_modem_core/lr1mac/src/lr1mac_class_b/smtc_beacon_sniff.c:220:6:smtc_beacon_sniff_init	32	static
smtc_modem_core/lr1mac/src/lr1mac_class_b/smtc_beacon_sniff.c:255:6:smtc_beacon_sniff_stop	8	static
smtc_modem_core/lr1mac/src/lr1mac_class_b/smtc_beacon_sniff.c:245:6:smtc_beacon_class_b_enable_service	16	static
smtc_modem_core/lr1mac/src/lr1mac_class_b/smtc_beacon_sniff.c:268:23:smtc_beacon_sniff_start	48	static
smtc_modem_core/lr1mac/src/lr1mac_class_b/smtc_beacon_sniff.c:442:6:smtc_beacon_sniff_get_metadata	8	static
smtc_modem_core/lr1mac/src/lr1mac_class_b/smtc_beacon_sniff.c:447:10:smtc_decode_beacon_epoch_time	16	static
smtc_modem_core/lr1mac/src/lr1mac_class_b/smtc_beacon_sniff.c:377:6:smtc_beacon_sniff_rp_callback	64	static
smtc_modem_core/lr1mac/src/lr1mac_class_b/smtc_beacon_sniff.c:465:9:smtc_decode_beacon_param	0	static
smtc_modem_core/lr1mac/src/lr1mac_class_b/smtc_beacon_sniff.c:470:6:smtc_decode_beacon_gw_specific	24	static
