smtc_modem_core/modem_services/smtc_clock_sync.c:92:6:clock_sync_init	16	static
smtc_modem_core/modem_services/smtc_clock_sync.c:119:6:clock_sync_is_enabled	0	static
smtc_modem_core/modem_services/smtc_clock_sync.c:124:9:clock_sync_get_alcsync_port	0	static
smtc_modem_core/modem_services/smtc_clock_sync.c:129:22:clock_sync_get_current_service	0	static
smtc_modem_core/modem_services/smtc_clock_sync.c:134:18:clock_sync_set_alcsync_port	0	static
smtc_modem_core/modem_services/smtc_clock_sync.c:274:6:clock_sync_set_gps_time	16	static
smtc_modem_core/modem_services/smtc_clock_sync.c:290:6:clock_sync_is_done	8	static
smtc_modem_core/modem_services/smtc_clock_sync.c:307:6:clock_sync_is_time_valid	8	static
smtc_modem_core/modem_services/smtc_clock_sync.c:241:6:clock_sync_get_gps_time_second	24	static
smtc_modem_core/modem_services/smtc_clock_sync.c:338:6:clock_sync_set_sync_lost	8	static
smtc_modem_core/modem_services/smtc_clock_sync.c:351:10:clock_sync_get_interval_second	8	static
smtc_modem_core/modem_services/smtc_clock_sync.c:365:18:clock_sync_set_interval_second	16	static
smtc_modem_core/modem_services/smtc_clock_sync.c:391:18:clock_sync_set_invalid_time_delay_s	16	static
smtc_modem_core/modem_services/smtc_clock_sync.c:426:10:clock_sync_get_invalid_time_delay_s	8	static
smtc_modem_core/modem_services/smtc_clock_sync.c:440:6:clock_sync_reset_nb_time_req	0	static
smtc_modem_core/modem_services/smtc_clock_sync.c:445:10:clock_sync_get_time_left_connection_lost	8	static
smtc_modem_core/modem_services/smtc_clock_sync.c:144:6:clock_sync_callback	16	static
smtc_modem_core/modem_services/smtc_clock_sync.c:459:18:clock_sync_request	80	static
smtc_modem_core/modem_services/smtc_clock_sync.c:540:6:clock_sync_reset	0	static
smtc_modem_core/modem_services/smtc_clock_sync.c:111:6:clock_sync_set_enabled	16	static
