smtc_modem_core/modem_core/smtc_modem.c:3126:6:empty_callback	0	static
smtc_modem_core/modem_core/smtc_modem.c:2919:13:is_modem_connected	8	static
smtc_modem_core/modem_core/smtc_modem.c:3130:6:user_radio_access_callback	8	static
smtc_modem_core/modem_core/smtc_modem.c:2975:33:smtc_modem_send_tx.constprop	56	static
smtc_modem_core/modem_core/smtc_modem.c:254:6:smtc_modem_init	16	static
smtc_modem_core/modem_core/smtc_modem.c:297:10:smtc_modem_run_engine	8	static
smtc_modem_core/modem_core/smtc_modem.c:474:26:smtc_modem_get_modem_version	8	static
smtc_modem_core/modem_core/smtc_modem.c:486:26:smtc_modem_get_lorawan_version	24	static
smtc_modem_core/modem_core/smtc_modem.c:500:26:smtc_modem_get_regional_params_version	24	static
smtc_modem_core/modem_core/smtc_modem.c:515:26:smtc_modem_reset	8	static
smtc_modem_core/modem_core/smtc_modem.c:524:26:smtc_modem_factory_reset	8	static
smtc_modem_core/modem_core/smtc_modem.c:535:26:smtc_modem_get_charge	16	static
smtc_modem_core/modem_core/smtc_modem.c:545:26:smtc_modem_reset_charge	8	static
smtc_modem_core/modem_core/smtc_modem.c:554:26:smtc_modem_get_tx_power_offset_db	16	static
smtc_modem_core/modem_core/smtc_modem.c:565:26:smtc_modem_set_tx_power_offset_db	16	static
smtc_modem_core/modem_core/smtc_modem.c:579:26:smtc_modem_time_start_sync_service	16	static
smtc_modem_core/modem_core/smtc_modem.c:621:26:smtc_modem_time_stop_sync_service	16	static
smtc_modem_core/modem_core/smtc_modem.c:649:26:smtc_modem_get_time	24	static
smtc_modem_core/modem_core/smtc_modem.c:685:26:smtc_modem_time_set_alcsync_fport	8	static
smtc_modem_core/modem_core/smtc_modem.c:702:26:smtc_modem_time_trigger_sync_request	8	static
smtc_modem_core/modem_core/smtc_modem.c:732:26:smtc_modem_time_get_alcsync_fport	16	static
smtc_modem_core/modem_core/smtc_modem.c:747:26:smtc_modem_time_set_sync_interval_s	8	static
smtc_modem_core/modem_core/smtc_modem.c:765:26:smtc_modem_time_get_sync_interval_s	16	static
smtc_modem_core/modem_core/smtc_modem.c:779:26:smtc_modem_time_set_sync_invalid_delay_s	8	static
smtc_modem_core/modem_core/smtc_modem.c:802:26:smtc_modem_time_get_sync_invalid_delay_s	16	static
smtc_modem_core/modem_core/smtc_modem.c:818:26:smtc_modem_get_status	16	static
smtc_modem_core/modem_core/smtc_modem.c:829:26:smtc_modem_alarm_start_timer	8	static
smtc_modem_core/modem_core/smtc_modem.c:838:26:smtc_modem_alarm_clear_timer	8	static
smtc_modem_core/modem_core/smtc_modem.c:854:26:smtc_modem_alarm_get_remaining_time	16	static
smtc_modem_core/modem_core/smtc_modem.c:873:26:smtc_modem_get_joineui	8	static
smtc_modem_core/modem_core/smtc_modem.c:888:26:smtc_modem_set_joineui	16	static
smtc_modem_core/modem_core/smtc_modem.c:913:26:smtc_modem_get_deveui	8	static
smtc_modem_core/modem_core/smtc_modem.c:928:26:smtc_modem_set_deveui	16	static
smtc_modem_core/modem_core/smtc_modem.c:952:26:smtc_modem_set_nwkkey	8	static
smtc_modem_core/modem_core/smtc_modem.c:976:26:smtc_modem_get_class	16	static
smtc_modem_core/modem_core/smtc_modem.c:987:26:smtc_modem_set_class	16	static
smtc_modem_core/modem_core/smtc_modem.c:1036:26:smtc_modem_multicast_set_grp_config	16	static
smtc_modem_core/modem_core/smtc_modem.c:1077:26:smtc_modem_multicast_get_grp_config	16	static
smtc_modem_core/modem_core/smtc_modem.c:1106:26:smtc_modem_multicast_class_c_start_session	24	static
smtc_modem_core/modem_core/smtc_modem.c:1142:26:smtc_modem_multicast_class_c_get_session_status	16	static
smtc_modem_core/modem_core/smtc_modem.c:1175:26:smtc_modem_multicast_class_c_stop_session	8	static
smtc_modem_core/modem_core/smtc_modem.c:1202:26:smtc_modem_multicast_class_c_stop_all_sessions	8	static
smtc_modem_core/modem_core/smtc_modem.c:1226:26:smtc_modem_multicast_class_b_start_session	32	static
smtc_modem_core/modem_core/smtc_modem.c:1263:26:smtc_modem_multicast_class_b_get_session_status	32	static
smtc_modem_core/modem_core/smtc_modem.c:1299:26:smtc_modem_multicast_class_b_stop_session	8	static
smtc_modem_core/modem_core/smtc_modem.c:1326:26:smtc_modem_multicast_class_b_stop_all_sessions	8	static
smtc_modem_core/modem_core/smtc_modem.c:1350:26:smtc_modem_get_region	16	static
smtc_modem_core/modem_core/smtc_modem.c:1361:26:smtc_modem_set_region	16	static
smtc_modem_core/modem_core/smtc_modem.c:1381:26:smtc_modem_adr_get_profile	16	static
smtc_modem_core/modem_core/smtc_modem.c:1392:26:smtc_modem_adr_set_profile	16	static
smtc_modem_core/modem_core/smtc_modem.c:1435:26:smtc_modem_get_available_datarates	16	static
smtc_modem_core/modem_core/smtc_modem.c:1446:26:smtc_modem_dm_get_fport	16	static
smtc_modem_core/modem_core/smtc_modem.c:1456:26:smtc_modem_dm_set_fport	16	static
smtc_modem_core/modem_core/smtc_modem.c:1470:26:smtc_modem_dm_get_info_interval	16	static
smtc_modem_core/modem_core/smtc_modem.c:1488:26:smtc_modem_dm_set_info_interval	16	static
smtc_modem_core/modem_core/smtc_modem.c:1517:26:smtc_modem_dm_get_info_fields	16	static
smtc_modem_core/modem_core/smtc_modem.c:1528:26:smtc_modem_dm_set_info_fields	16	static
smtc_modem_core/modem_core/smtc_modem.c:1538:26:smtc_modem_dm_request_single_uplink	16	static
smtc_modem_core/modem_core/smtc_modem.c:1560:26:smtc_modem_dm_set_user_data	16	static
smtc_modem_core/modem_core/smtc_modem.c:1570:26:smtc_modem_dm_get_user_data	16	static
smtc_modem_core/modem_core/smtc_modem.c:1579:26:smtc_modem_join_network	8	static
smtc_modem_core/modem_core/smtc_modem.c:1614:26:smtc_modem_leave_network	8	static
smtc_modem_core/modem_core/smtc_modem.c:1624:26:smtc_modem_suspend_radio_communications	16	static
smtc_modem_core/modem_core/smtc_modem.c:1637:26:smtc_modem_get_next_tx_max_payload	16	static
smtc_modem_core/modem_core/smtc_modem.c:1658:26:smtc_modem_request_uplink	32	static
smtc_modem_core/modem_core/smtc_modem.c:1669:26:smtc_modem_request_extended_uplink	8	static
smtc_modem_core/modem_core/smtc_modem.c:1704:26:smtc_modem_abort_extended_uplink	8	static
smtc_modem_core/modem_core/smtc_modem.c:1735:26:smtc_modem_request_emergency_uplink	32	static
smtc_modem_core/modem_core/smtc_modem.c:1747:26:smtc_modem_request_empty_uplink	48	static
smtc_modem_core/modem_core/smtc_modem.c:1758:26:smtc_modem_file_upload_init	56	static
smtc_modem_core/modem_core/smtc_modem.c:1813:26:smtc_modem_file_upload_start	16	static
smtc_modem_core/modem_core/smtc_modem.c:1850:26:smtc_modem_file_upload_reset	16	static
smtc_modem_core/modem_core/smtc_modem.c:1874:26:smtc_modem_stream_init	32	static
smtc_modem_core/modem_core/smtc_modem.c:1934:26:smtc_modem_stream_add_data	32	static
smtc_modem_core/modem_core/smtc_modem.c:1994:26:smtc_modem_stream_status	16	static
smtc_modem_core/modem_core/smtc_modem.c:2067:26:smtc_modem_set_certification_mode	8	static
smtc_modem_core/modem_core/smtc_modem.c:2084:26:smtc_modem_increment_event_middleware	8	static
smtc_modem_core/modem_core/smtc_modem.c:2094:26:smtc_modem_get_certification_mode	16	static
smtc_modem_core/modem_core/smtc_modem.c:2105:26:smtc_modem_connection_timeout_set_thresholds	16	static
smtc_modem_core/modem_core/smtc_modem.c:2120:26:smtc_modem_connection_timeout_get_thresholds	16	static
smtc_modem_core/modem_core/smtc_modem.c:2133:26:smtc_modem_connection_timeout_get_current_values	16	static
smtc_modem_core/modem_core/smtc_modem.c:2146:26:smtc_modem_lorawan_get_lost_connection_counter	16	static
smtc_modem_core/modem_core/smtc_modem.c:2156:26:smtc_modem_get_duty_cycle_status	16	static
smtc_modem_core/modem_core/smtc_modem.c:2165:26:smtc_modem_rp_abort_user_radio_access_task	8	static
smtc_modem_core/modem_core/smtc_modem.c:2190:26:smtc_modem_rp_add_user_radio_access_task	184	static
smtc_modem_core/modem_core/smtc_modem.c:2232:26:smtc_modem_suspend_before_user_radio_access	8	static
smtc_modem_core/modem_core/smtc_modem.c:2250:26:smtc_modem_resume_after_user_radio_access	8	static
smtc_modem_core/modem_core/smtc_modem.c:2269:26:smtc_modem_get_stack_state	8	static
smtc_modem_core/modem_core/smtc_modem.c:2292:26:smtc_modem_set_network_type	16	static
smtc_modem_core/modem_core/smtc_modem.c:2301:26:smtc_modem_get_network_type	16	static
smtc_modem_core/modem_core/smtc_modem.c:2311:26:smtc_modem_lbt_set_parameters	24	static
smtc_modem_core/modem_core/smtc_modem.c:2325:26:smtc_modem_lbt_get_parameters	24	static
smtc_modem_core/modem_core/smtc_modem.c:2339:26:smtc_modem_lbt_set_state	8	static
smtc_modem_core/modem_core/smtc_modem.c:2365:26:smtc_modem_lbt_get_state	16	static
smtc_modem_core/modem_core/smtc_modem.c:2375:26:smtc_modem_set_nb_trans	8	static
smtc_modem_core/modem_core/smtc_modem.c:2390:26:smtc_modem_get_nb_trans	16	static
smtc_modem_core/modem_core/smtc_modem.c:2400:26:smtc_modem_set_crystal_error_ppm	16	static
smtc_modem_core/modem_core/smtc_modem.c:2408:26:smtc_modem_get_crystal_error_ppm	16	static
smtc_modem_core/modem_core/smtc_modem.c:2417:26:smtc_modem_lorawan_request_link_check	8	static
smtc_modem_core/modem_core/smtc_modem.c:2436:26:smtc_modem_lorawan_class_b_request_ping_slot_info	8	static
smtc_modem_core/modem_core/smtc_modem.c:2455:26:smtc_modem_class_b_set_ping_slot_periodicity	8	static
smtc_modem_core/modem_core/smtc_modem.c:2468:26:smtc_modem_class_b_get_ping_slot_periodicity	16	static
smtc_modem_core/modem_core/smtc_modem.c:2479:26:smtc_modem_d2d_class_b_request_uplink	0	static
smtc_modem_core/modem_core/smtc_modem.c:2527:26:smtc_modem_d2d_class_b_get_tx_max_payload	0	static
smtc_modem_core/modem_core/smtc_modem.c:2567:26:smtc_modem_get_network_frame_pending_status	16	static
smtc_modem_core/modem_core/smtc_modem.c:2578:26:smtc_modem_set_adr_ack_limit_delay	16	static
smtc_modem_core/modem_core/smtc_modem.c:2591:26:smtc_modem_get_adr_ack_limit_delay	16	static
smtc_modem_core/modem_core/smtc_modem.c:2605:26:smtc_modem_get_pin	8	static
smtc_modem_core/modem_core/smtc_modem.c:2648:26:smtc_modem_get_chip_eui	8	static
smtc_modem_core/modem_core/smtc_modem.c:2675:26:smtc_modem_derive_keys	8	static
smtc_modem_core/modem_core/smtc_modem.c:3041:45:convert_rp_to_user_radio_access_status	0	static
smtc_modem_core/modem_core/smtc_modem.c:312:26:smtc_modem_get_event	56	static
smtc_modem_core/modem_core/smtc_modem.c:3081:30:convert_rp_to_user_radio_access_rp_status	0	static
smtc_modem_core/modem_core/smtc_modem.c:3148:6:callback_rp_user_radio_access_0	40	static
smtc_modem_core/modem_core/smtc_modem.c:3171:6:callback_rp_user_radio_access_1	32	static
smtc_modem_core/modem_core/smtc_modem.c:3194:6:callback_rp_user_radio_access_2	32	static
