smtc_modem_core/smtc_modem_crypto/soft_secure_element/soft_se.c:710:30:compute_cmac	320	static
smtc_modem_core/smtc_modem_crypto/soft_secure_element/soft_se.c:372:23:smtc_secure_element_init	424	static
smtc_modem_core/smtc_modem_crypto/soft_secure_element/soft_se.c:420:23:smtc_secure_element_compute_aes_cmac	16	static
smtc_modem_core/smtc_modem_crypto/soft_secure_element/soft_se.c:432:23:smtc_secure_element_verify_aes_cmac	32	static
smtc_modem_core/smtc_modem_crypto/soft_secure_element/soft_se.c:458:23:smtc_secure_element_aes_encrypt	280	static
smtc_modem_core/smtc_modem_crypto/soft_secure_element/soft_se.c:386:23:smtc_secure_element_set_key.part.0	32	static
smtc_modem_core/smtc_modem_crypto/soft_secure_element/soft_se.c:386:23:smtc_secure_element_set_key	8	static
smtc_modem_core/smtc_modem_crypto/soft_secure_element/soft_se.c:494:23:smtc_secure_element_derive_and_store_key	32	static
smtc_modem_core/smtc_modem_crypto/soft_secure_element/soft_se.c:531:23:smtc_secure_element_process_join_accept	24	static
smtc_modem_core/smtc_modem_crypto/soft_secure_element/soft_se.c:598:23:smtc_secure_element_set_deveui	8	static
smtc_modem_core/smtc_modem_crypto/soft_secure_element/soft_se.c:608:23:smtc_secure_element_get_deveui	8	static
smtc_modem_core/smtc_modem_crypto/soft_secure_element/soft_se.c:618:23:smtc_secure_element_set_joineui	8	static
smtc_modem_core/smtc_modem_crypto/soft_secure_element/soft_se.c:628:23:smtc_secure_element_get_joineui	8	static
smtc_modem_core/smtc_modem_crypto/soft_secure_element/soft_se.c:638:23:smtc_secure_element_set_pin	8	static
smtc_modem_core/smtc_modem_crypto/soft_secure_element/soft_se.c:649:23:smtc_secure_element_get_pin	8	static
smtc_modem_core/smtc_modem_crypto/soft_secure_element/soft_se.c:748:10:soft_ce_crc	20	static
smtc_modem_core/smtc_modem_crypto/soft_secure_element/soft_se.c:671:23:smtc_secure_element_restore_context	840	static
smtc_modem_core/smtc_modem_crypto/soft_secure_element/soft_se.c:659:23:smtc_secure_element_store_context	432	static
