smtc_modem_core/smtc_modem_services/src/stream/stream.c:80:22:stream_init	16	static
smtc_modem_core/smtc_modem_services/src/stream/stream.c:97:22:stream_enable_encryption	8	static
smtc_modem_core/smtc_modem_services/src/stream/stream.c:113:6:stream_data_pending	8	static
smtc_modem_core/smtc_modem_services/src/stream/stream.c:119:22:stream_add_data	8	static
smtc_modem_core/smtc_modem_services/src/stream/stream.c:155:22:stream_get_fragment	24	static
smtc_modem_core/smtc_modem_services/src/stream/stream.c:188:6:stream_status	16	static
smtc_modem_core/smtc_modem_services/src/stream/stream.c:200:22:stream_process_dn_frame	8	static
smtc_modem_core/smtc_modem_services/src/stream/stream.c:216:9:stream_get_rr	0	static
smtc_modem_core/smtc_modem_services/src/stream/stream.c:221:6:stream_set_rr	0	static
smtc_modem_core/smtc_modem_services/src/stream/stream.c:226:22:stream_reset	8	static
