Archive member included to satisfy reference by file (symbol)

lbm/build/basic_modem.a(smtc_modem.o)
                              build/ral_lr11xx_bsp.o (smtc_modem_get_tx_power_offset_db)
lbm/build/basic_modem.a(smtc_modem_test.o)
                              lbm/build/basic_modem.a(smtc_modem.o) (smtc_modem_test_duty_cycle_app_activate)
lbm/build/basic_modem.a(fifo_ctrl.o)
                              lbm/build/basic_modem.a(smtc_modem.o) (fifo_ctrl_get_nb_elt)
lbm/build/basic_modem.a(modem_supervisor.o)
                              lbm/build/basic_modem.a(smtc_modem.o) (modem_supervisor_init)
lbm/build/basic_modem.a(smtc_clock_sync.o)
                              lbm/build/basic_modem.a(modem_supervisor.o) (clock_sync_init)
lbm/build/basic_modem.a(stream.o)
                              lbm/build/basic_modem.a(smtc_modem.o) (stream_init)
lbm/build/basic_modem.a(rose.o)
                              lbm/build/basic_modem.a(stream.o) (ROSE_init)
lbm/build/basic_modem.a(file_upload.o)
                              lbm/build/basic_modem.a(smtc_modem.o) (file_upload_init)
lbm/build/basic_modem.a(alc_sync.o)
                              lbm/build/basic_modem.a(modem_supervisor.o) (alc_sync_init)
lbm/build/basic_modem.a(soft_se.o)
                              lbm/build/basic_modem.a(smtc_modem.o) (smtc_secure_element_init)
lbm/build/basic_modem.a(lr1_stack_mac_layer.o)
                              lbm/build/basic_modem.a(smtc_modem_test.o) (lr1_stack_mac_tx_lora_launch_callback_for_rp)
lbm/build/basic_modem.a(lr1mac_utilities.o)
                              lbm/build/basic_modem.a(lr1_stack_mac_layer.o) (memcpy1)
lbm/build/basic_modem.a(smtc_real.o)
                              lbm/build/basic_modem.a(lr1_stack_mac_layer.o) (smtc_real_init_session)
lbm/build/basic_modem.a(smtc_duty_cycle.o)
                              lbm/build/basic_modem.a(smtc_real.o) (smtc_duty_cycle_init)
lbm/build/basic_modem.a(smtc_lbt.o)
                              lbm/build/basic_modem.a(smtc_modem_test.o) (smtc_lbt_init)
lbm/build/basic_modem.a(radio_planner.o)
                              lbm/build/basic_modem.a(smtc_modem.o) (rp_init)
lbm/build/basic_modem.a(radio_planner_hal.o)
                              lbm/build/basic_modem.a(radio_planner.o) (rp_hal_critical_section_begin)
lbm/build/basic_modem.a(lorawan_api.o)
                              lbm/build/basic_modem.a(smtc_modem_test.o) (lorawan_api_init)
lbm/build/basic_modem.a(dm_downlink.o)
                              lbm/build/basic_modem.a(modem_supervisor.o) (dm_downlink)
lbm/build/basic_modem.a(modem_context.o)
                              lbm/build/basic_modem.a(modem_supervisor.o) (modem_context_init)
lbm/build/basic_modem.a(modem_utilities.o)
                              lbm/build/basic_modem.a(modem_context.o) (crc)
lbm/build/basic_modem.a(smtc_modem_services_hal.o)
                              lbm/build/basic_modem.a(rose.o) (smtc_modem_services_aes_encrypt)
lbm/build/basic_modem.a(lorawan_certification.o)
                              lbm/build/basic_modem.a(lorawan_api.o) (lorawan_certification_init)
lbm/build/basic_modem.a(almanac_update.o)
                              lbm/build/basic_modem.a(modem_context.o) (almanac_update_create_uplink_payload)
lbm/build/basic_modem.a(aes.o)
                              lbm/build/basic_modem.a(soft_se.o) (aes_set_key)
lbm/build/basic_modem.a(cmac.o)
                              lbm/build/basic_modem.a(soft_se.o) (AES_CMAC_Init)
lbm/build/basic_modem.a(smtc_modem_crypto.o)
                              lbm/build/basic_modem.a(lr1_stack_mac_layer.o) (smtc_modem_crypto_payload_encrypt)
lbm/build/basic_modem.a(region_eu_868.o)
                              lbm/build/basic_modem.a(smtc_real.o) (region_eu_868_config)
lbm/build/basic_modem.a(lr1mac_core.o)
                              lbm/build/basic_modem.a(lorawan_api.o) (lr1mac_core_process)
lbm/build/basic_modem.a(lr1mac_class_c.o)
                              lbm/build/basic_modem.a(lorawan_api.o) (lr1mac_class_c_init)
lbm/build/basic_modem.a(smtc_beacon_sniff.o)
                              lbm/build/basic_modem.a(lorawan_api.o) (smtc_beacon_sniff_init)
lbm/build/basic_modem.a(smtc_ping_slot.o)
                              lbm/build/basic_modem.a(lorawan_api.o) (smtc_ping_slot_init)
lbm/build/basic_modem.a(smtc_multicast.o)
                              lbm/build/basic_modem.a(lorawan_api.o) (smtc_multicast_init)
lbm/build/basic_modem.a(lr11xx_gnss.o)
                              lbm/build/basic_modem.a(dm_downlink.o) (lr11xx_gnss_push_solver_msg)
lbm/build/basic_modem.a(lr11xx_regmem.o)
                              lbm/build/basic_modem.a(lr11xx_gnss.o) (lr11xx_regmem_read_regmem32)
/usr/lib/gcc/arm-none-eabi/13.2.0/../../../../arm-none-eabi/lib/thumb/v6-m/nofp/libc_nano.a(libc_a-atexit.o)
                              /usr/lib/gcc/arm-none-eabi/13.2.0/../../../../arm-none-eabi/lib/thumb/v6-m/nofp/crt0.o (atexit)
[...]
Memory Configuration

Name             Origin             Length             Attributes
RAM              0x20000000         0x00005000         xrw
FLASH            0x08000000         0x00030000         xr
*default*        0x00000000         0xffffffff

Linker script and memory map

LOAD /usr/lib/gcc/arm-none-eabi/13.2.0/thumb/v6-m/nofp/crti.o
LOAD /usr/lib/gcc/arm-none-eabi/13.2.0/thumb/v6-m/nofp/crtbegin.o
LOAD /usr/lib/gcc/arm-none-eabi/13.2.0/../../../../arm-none-eabi/lib/thumb/v6-m/nofp/crt0.o
LOAD build/main.o
LOAD build/led.o
LOAD build/button.o
LOAD build/sht3x.o
LOAD build/lis2dw.o
LOAD build/stm32l0xx_hal_i2c.o
LOAD build/stm32l0xx_hal_i2c_ex.o
LOAD build/stm32l0xx_hal_lptim.o
LOAD build/stm32l0xx_hal_rtc.o
LOAD build/stm32l0xx_hal_rtc_ex.o
LOAD build/stm32l0xx_hal_spi.o
LOAD build/stm32l0xx_hal_tim.o
LOAD build/stm32l0xx_hal_tim_ex.o
LOAD build/stm32l0xx_hal_uart.o
LOAD build/stm32l0xx_hal_uart_ex.o
LOAD build/stm32l0xx_hal_wwdg.o
LOAD build/stm32l0xx_hal_iwdg.o
LOAD build/stm32l0xx_hal.o
LOAD build/stm32l0xx_hal_rcc.o
LOAD build/stm32l0xx_hal_rcc_ex.o
LOAD build/stm32l0xx_hal_flash.o
LOAD build/stm32l0xx_hal_flash_ex.o
LOAD build/stm32l0xx_hal_flash_ramfunc.o
LOAD build/stm32l0xx_hal_gpio.o
LOAD build/stm32l0xx_hal_dma.o
LOAD build/stm32l0xx_hal_pwr.o
LOAD build/stm32l0xx_hal_pwr_ex.o
LOAD build/stm32l0xx_hal_cortex.o
LOAD build/stm32l0xx_hal_adc.o
LOAD build/stm32l0xx_hal_adc_ex.o
LOAD build/smtc_modem_hal.o
LOAD build/system_stm32l0xx.o
LOAD build/smtc_hal_adc.o
LOAD build/smtc_hal_eeprom.o
LOAD build/smtc_hal_gpio.o
LOAD build/smtc_hal_mcu.o
LOAD build/smtc_hal_rtc.o
LOAD build/smtc_hal_spi.o
LOAD build/smtc_hal_lp_timer.o
LOAD build/smtc_hal_trace.o
LOAD build/smtc_hal_uart.o
LOAD build/smtc_hal_watchdog.o
LOAD build/smtc_hal_rng.o
LOAD build/smtc_hal_i2c.o
LOAD build/timer.o
LOAD build/settings.o
LOAD build/lr11xx_hal.o
LOAD build/ral_lr11xx_bsp.o
LOAD build/startup_stm32l071xx.o
LOAD lbm/build/basic_modem.a
LOAD /usr/lib/gcc/arm-none-eabi/13.2.0/../../../../arm-none-eabi/lib/thumb/v6-m/nofp/libstdc++_nano.a
LOAD /usr/lib/gcc/arm-none-eabi/13.2.0/../../../../arm-none-eabi/lib/thumb/v6-m/nofp/libsupc++_nano.a
LOAD /usr/lib/gcc/arm-none-eabi/13.2.0/../../../../arm-none-eabi/lib/thumb/v6-m/nofp/libm.a
LOAD /usr/lib/gcc/arm-none-eabi/13.2.0/../../../../arm-none-eabi/lib/thumb/v6-m/nofp/libc_nano.a
LOAD /usr/lib/gcc/arm-none-eabi/13.2.0/../../../../arm-none-eabi/lib/thumb/v6-m/nofp/libnosys.a
START GROUP
LOAD /usr/lib/gcc/arm-none-eabi/13.2.0/thumb/v6-m/nofp/libgcc.a
LOAD /usr/lib/gcc/arm-none-eabi/13.2.0/../../../../arm-none-eabi/lib/thumb/v6-m/nofp/libc_nano.a
END GROUP
START GROUP
LOAD /usr/lib/gcc/arm-none-eabi/13.2.0/thumb/v6-m/nofp/libgcc.a
LOAD /usr/lib/gcc/arm-none-eabi/13.2.0/../../../../arm-none-eabi/lib/thumb/v6-m/nofp/libc_nano.a
LOAD /usr/lib/gcc/arm-none-eabi/13.2.0/../../../../arm-none-eabi/lib/thumb/v6-m/nofp/libnosys.a
END GROUP
START GROUP
LOAD /usr/lib/gcc/arm-none-eabi/13.2.0/thumb/v6-m/nofp/libgcc.a
LOAD /usr/lib/gcc/arm-none-eabi/13.2.0/../../../../arm-none-eabi/lib/thumb/v6-m/nofp/libc_nano.a
LOAD /usr/lib/gcc/arm-none-eabi/13.2.0/../../../../arm-none-eabi/lib/thumb/v6-m/nofp/libnosys.a
END GROUP
LOAD /usr/lib/gcc/arm-none-eabi/13.2.0/thumb/v6-m/nofp/crtend.o
LOAD /usr/lib/gcc/arm-none-eabi/13.2.0/thumb/v6-m/nofp/crtn.o
                0x20005000                        _estack = 0x20005000
                0x00000200                        _Min_Heap_Size = 0x200
                0x00000400                        _Min_Stack_Size = 0x400

.isr_vector     0x08000000       0xc0
                0x08000000                        . = ALIGN (0x4)
 *(.isr_vector)
 .isr_vector    0x08000000       0xc0 build/startup_stm32l071xx.o
                0x08000000                g_pfnVectors
                0x080000c0                        . = ALIGN (0x4)

.text           0x080000c0     0x1ce4
                0x080000c0                        . = ALIGN (0x4)
 *(.text)
 .text          0x080000c0        0xe /usr/lib/gcc/arm-none-eabi/13.2.0/../../../../arm-none-eabi/lib/thumb/v6-m/nofp/libc_nano.a(libc_a-strlen.o)
                0x080000c0                strlen
 *fill*         0x080000ce        0x2 
 .text          0x080000d0       0x14 /usr/lib/gcc/arm-none-eabi/13.2.0/thumb/v6-m/nofp/libgcc.a(_thumb1_case_shi.o)
                0x080000d0                __gnu_thumb1_case_shi
 .text          0x080000e4       0x8c /usr/lib/gcc/arm-none-eabi/13.2.0/thumb/v6-m/nofp/libgcc.a(_udivsi3.o)
                0x080000e4                __udivsi3
                0x080000e4                __aeabi_uidiv
                0x0800015c                __aeabi_uidivmod
 .text          0x08000170        0x4 /usr/lib/gcc/arm-none-eabi/13.2.0/thumb/v6-m/nofp/libgcc.a(_dvmd_tls.o)
                0x08000170                __aeabi_ldiv0
                0x08000170                __aeabi_idiv0
 *(.text*)
 .text.__do_global_dtors_aux
                0x08000174       0x28 /usr/lib/gcc/arm-none-eabi/13.2.0/thumb/v6-m/nofp/crtbegin.o
 .text.frame_dummy
                0x0800019c       0x20 /usr/lib/gcc/arm-none-eabi/13.2.0/thumb/v6-m/nofp/crtbegin.o
 .text.startup.main
                0x080001bc       0x2c build/main.o
                0x080001bc                main
 .text.LPTIM_WaitForFlag
                0x080001e8       0x3c build/stm32l0xx_hal_lptim.o
 .text.HAL_LPTIM_CompareMatchCallback
                0x08000224        0x2 build/stm32l0xx_hal_lptim.o
                0x08000224                HAL_LPTIM_CompareMatchCallback
 .text.HAL_LPTIM_AutoReloadMatchCallback
                0x08000226        0x2 build/stm32l0xx_hal_lptim.o
                0x08000226                HAL_LPTIM_AutoReloadMatchCallback
 .text.HAL_LPTIM_TriggerCallback
                0x08000228        0x2 build/stm32l0xx_hal_lptim.o
                0x08000228                HAL_LPTIM_TriggerCallback
 .text.HAL_LPTIM_CompareWriteCallback
                0x0800022a        0x2 build/stm32l0xx_hal_lptim.o
                0x0800022a                HAL_LPTIM_CompareWriteCallback
 .text.HAL_LPTIM_AutoReloadWriteCallback
                0x0800022c        0x2 build/stm32l0xx_hal_lptim.o
                0x0800022c                HAL_LPTIM_AutoReloadWriteCallback
 .text.HAL_LPTIM_DirectionUpCallback
                0x0800022e        0x2 build/stm32l0xx_hal_lptim.o
                0x0800022e                HAL_LPTIM_DirectionUpCallback
 .text.HAL_LPTIM_DirectionDownCallback
                0x08000230        0x2 build/stm32l0xx_hal_lptim.o
                0x08000230                HAL_LPTIM_DirectionDownCallback
 .text.HAL_LPTIM_IRQHandler
                0x08000232       0xac build/stm32l0xx_hal_lptim.o
                0x08000232                HAL_LPTIM_IRQHandler
 *fill*         0x080002de        0x2 
 .text.LPTIM_Disable
                0x080002e0       0xd4 build/stm32l0xx_hal_lptim.o
                0x080002e0                LPTIM_Disable
 .text.HAL_LPTIM_TimeOut_Stop
                0x080003b4       0x30 build/stm32l0xx_hal_lptim.o
                0x080003b4                HAL_LPTIM_TimeOut_Stop
 .text.RTC_Bcd2ToByte
                0x080003e4       0x12 build/stm32l0xx_hal_rtc.o
                0x080003e4                RTC_Bcd2ToByte
 *fill*         0x080003f6        0x2 
 .text.HAL_RTC_GetTime
                0x080003f8       0x5c build/stm32l0xx_hal_rtc.o
                0x080003f8                HAL_RTC_GetTime
 .text.HAL_RTC_GetDate
                0x08000454       0x44 build/stm32l0xx_hal_rtc.o
                0x08000454                HAL_RTC_GetDate
 .text.HAL_RTCEx_SetWakeUpTimer_IT
                0x08000498       0xec build/stm32l0xx_hal_rtc_ex.o
                0x08000498                HAL_RTCEx_SetWakeUpTimer_IT
 .text.HAL_RTCEx_DeactivateWakeUpTimer
                0x08000584       0x80 build/stm32l0xx_hal_rtc_ex.o
                0x08000584                HAL_RTCEx_DeactivateWakeUpTimer
 .text.HAL_RTCEx_WakeUpTimerEventCallback
                0x08000604        0x2 build/stm32l0xx_hal_rtc_ex.o
                0x08000604                HAL_RTCEx_WakeUpTimerEventCallback
 *fill*         0x08000606        0x2 
 .text.HAL_RTCEx_WakeUpTimerIRQHandler
                0x08000608       0x34 build/stm32l0xx_hal_rtc_ex.o
                0x08000608                HAL_RTCEx_WakeUpTimerIRQHandler
 .text.UART_EndRxTransfer
                0x0800063c       0x5c build/stm32l0xx_hal_uart.o
 .text.HAL_UART_TxCpltCallback
                0x08000698        0x2 build/stm32l0xx_hal_uart.o
                0x08000698                HAL_UART_TxCpltCallback
 .text.HAL_UART_ErrorCallback
                0x0800069a        0x2 build/stm32l0xx_hal_uart.o
                0x0800069a                HAL_UART_ErrorCallback
 .text.UART_DMAAbortOnError
                0x0800069c       0x16 build/stm32l0xx_hal_uart.o
 .text.HAL_UARTEx_RxEventCallback
                0x080006b2        0x2 build/stm32l0xx_hal_uart.o
                0x080006b2                HAL_UARTEx_RxEventCallback
 .text.HAL_UART_IRQHandler
                0x080006b4      0x2b8 build/stm32l0xx_hal_uart.o
                0x080006b4                HAL_UART_IRQHandler
 .text.UART_WaitOnFlagUntilTimeout
                0x0800096c       0xc0 build/stm32l0xx_hal_uart.o
                0x0800096c                UART_WaitOnFlagUntilTimeout
 .text.HAL_UART_Transmit
                0x08000a2c       0xdc build/stm32l0xx_hal_uart.o
                0x08000a2c                HAL_UART_Transmit
 .text.HAL_UARTEx_WakeupCallback
                0x08000b08        0x2 build/stm32l0xx_hal_uart_ex.o
                0x08000b08                HAL_UARTEx_WakeupCallback
 *fill*         0x08000b0a        0x2 
 .text.HAL_IncTick
                0x08000b0c       0x18 build/stm32l0xx_hal.o
                0x08000b0c                HAL_IncTick
 .text.HAL_GetTick
                0x08000b24        0xc build/stm32l0xx_hal.o
                0x08000b24                HAL_GetTick
 .text.HAL_Delay
                0x08000b30       0x24 build/stm32l0xx_hal.o
                0x08000b30                HAL_Delay
 .text.HAL_GPIO_Init
                0x08000b54      0x180 build/stm32l0xx_hal_gpio.o
                0x08000b54                HAL_GPIO_Init
 .text.HAL_GPIO_WritePin
                0x08000cd4        0xc build/stm32l0xx_hal_gpio.o
                0x08000cd4                HAL_GPIO_WritePin
 .text.HAL_GPIO_EXTI_IRQHandler
                0x08000ce0       0x18 build/stm32l0xx_hal_gpio.o
                0x08000ce0                HAL_GPIO_EXTI_IRQHandler
 .text.HAL_DMA_Abort
                0x08000cf8       0x40 build/stm32l0xx_hal_dma.o
                0x08000cf8                HAL_DMA_Abort
 .text.HAL_DMA_Abort_IT
                0x08000d38       0x46 build/stm32l0xx_hal_dma.o
                0x08000d38                HAL_DMA_Abort_IT
 .text.HAL_DMA_IRQHandler
                0x08000d7e       0x96 build/stm32l0xx_hal_dma.o
                0x08000d7e                HAL_DMA_IRQHandler
 .text.HAL_NVIC_SetPriority
                0x08000e14       0x54 build/stm32l0xx_hal_cortex.o
                0x08000e14                HAL_NVIC_SetPriority
 .text.HAL_NVIC_EnableIRQ
                0x08000e68       0x18 build/stm32l0xx_hal_cortex.o
                0x08000e68                HAL_NVIC_EnableIRQ
 .text.HAL_SYSTICK_Callback
                0x08000e80        0x2 build/stm32l0xx_hal_cortex.o
                0x08000e80                HAL_SYSTICK_Callback
 .text.HAL_SYSTICK_IRQHandler
                0x08000e82        0x8 build/stm32l0xx_hal_cortex.o
                0x08000e82                HAL_SYSTICK_IRQHandler
 .text.SystemInit
                0x08000e8a        0x2 build/system_stm32l0xx.o
                0x08000e8a                SystemInit
 .text.hal_gpio_irq_attach
                0x08000e8c       0x1c build/smtc_hal_gpio.o
                0x08000e8c                hal_gpio_irq_attach
 .text.gpio_init.constprop.0
                0x08000ea8      0x148 build/smtc_hal_gpio.o
 .text.hal_gpio_init_out
                0x08000ff0       0x20 build/smtc_hal_gpio.o
                0x08000ff0                hal_gpio_init_out
 .text.EXTI0_1_IRQHandler
                0x08001010       0x10 build/smtc_hal_gpio.o
                0x08001010                EXTI0_1_IRQHandler
 .text.EXTI2_3_IRQHandler
                0x08001020       0x10 build/smtc_hal_gpio.o
                0x08001020                EXTI2_3_IRQHandler
 .text.EXTI4_15_IRQHandler
                0x08001030       0x5c build/smtc_hal_gpio.o
                0x08001030                EXTI4_15_IRQHandler
 .text.HAL_GPIO_EXTI_Callback
                0x0800108c       0x30 build/smtc_hal_gpio.o
                0x0800108c                HAL_GPIO_EXTI_Callback
 .text.SysTick_Handler
                0x080010bc        0xc build/smtc_hal_mcu.o
                0x080010bc                SysTick_Handler
 .text.hal_mcu_delay_ms
                0x080010c8        0x8 build/smtc_hal_mcu.o
                0x080010c8                hal_mcu_delay_ms
 .text.HardFault_Handler
                0x080010d0       0x3c build/smtc_hal_mcu.o
                0x080010d0                HardFault_Handler
 .text.rtc_get_timestamp_in_ticks
                0x0800110c       0xb0 build/smtc_hal_rtc.o
 .text.hal_rtc_get_timer_context
                0x080011bc        0xc build/smtc_hal_rtc.o
                0x080011bc                hal_rtc_get_timer_context
 .text.hal_rtc_set_timer_context
                0x080011c8       0x1c build/smtc_hal_rtc.o
                0x080011c8                hal_rtc_set_timer_context
 .text.hal_rtc_get_timer_elapsed_time
                0x080011e4       0x18 build/smtc_hal_rtc.o
                0x080011e4                hal_rtc_get_timer_elapsed_time
 .text.hal_rtc_get_minimum_timeout
                0x080011fc        0x4 build/smtc_hal_rtc.o
                0x080011fc                hal_rtc_get_minimum_timeout
 .text.rtc_ms_2_wakeup_timer_tick
                0x08001200        0xc build/smtc_hal_rtc.o
                0x08001200                rtc_ms_2_wakeup_timer_tick
 .text.hal_rtc_wakeup_timer_set_ms
                0x0800120c       0x50 build/smtc_hal_rtc.o
                0x0800120c                hal_rtc_wakeup_timer_set_ms
 .text.RTC_IRQHandler
                0x0800125c       0x44 build/smtc_hal_rtc.o
                0x0800125c                RTC_IRQHandler
 .text.LPTIM1_IRQHandler
                0x080012a0       0x28 build/smtc_hal_lp_timer.o
                0x080012a0                LPTIM1_IRQHandler
 .text.hal_trace_print
                0x080012c8       0x24 build/smtc_hal_trace.o
                0x080012c8                hal_trace_print
 .text.hal_trace_print_var
                0x080012ec       0x16 build/smtc_hal_trace.o
                0x080012ec                hal_trace_print_var
 *fill*         0x08001302        0x2 
 .text.uart1_tx
                0x08001304       0x1c build/smtc_hal_uart.o
                0x08001304                uart1_tx
 .text.DMA1_Channel4_5_6_7_IRQHandler
                0x08001320       0x10 build/smtc_hal_uart.o
                0x08001320                DMA1_Channel4_5_6_7_IRQHandler
 .text.USART2_IRQHandler
                0x08001330       0x10 build/smtc_hal_uart.o
                0x08001330                USART2_IRQHandler
 .text.TimerSetTimeout
                0x08001340       0x22 build/timer.o
 *fill*         0x08001362        0x2 
 .text.TimerIrqHandler
                0x08001364       0x7c build/timer.o
                0x08001364                TimerIrqHandler
 .text.Reset_Handler
                0x080013e0       0x50 build/startup_stm32l071xx.o
                0x080013e0                Reset_Handler
 .text.Default_Handler
                0x08001430        0x2 build/startup_stm32l071xx.o
                0x08001430                ADC1_COMP_IRQHandler
                0x08001430                TIM6_IRQHandler
                0x08001430                PVD_IRQHandler
                0x08001430                PendSV_Handler
                0x08001430                NMI_Handler
                0x08001430                I2C1_IRQHandler
                0x08001430                SPI1_IRQHandler
                0x08001430                I2C2_IRQHandler
                0x08001430                TIM3_IRQHandler
                0x08001430                RCC_IRQHandler
                0x08001430                DMA1_Channel1_IRQHandler
                0x08001430                USART4_5_IRQHandler
                0x08001430                Default_Handler
                0x08001430                TIM22_IRQHandler
                0x08001430                TIM7_IRQHandler
                0x08001430                I2C3_IRQHandler
                0x08001430                SPI2_IRQHandler
                0x08001430                SVC_Handler
                0x08001430                TIM21_IRQHandler
                0x08001430                WWDG_IRQHandler
                0x08001430                LPUART1_IRQHandler
                0x08001430                TIM2_IRQHandler
                0x08001430                DMA1_Channel2_3_IRQHandler
                0x08001430                FLASH_IRQHandler
                0x08001430                USART1_IRQHandler
 *fill*         0x08001432        0x2 
 .text._vsprintf_r
                0x08001434       0x2c /usr/lib/gcc/arm-none-eabi/13.2.0/../../../../arm-none-eabi/lib/thumb/v6-m/nofp/libc_nano.a(libc_a-vsprintf.o)
                0x08001434                _vsiprintf_r
                0x08001434                _vsprintf_r
 .text.vsprintf
                0x08001460       0x18 /usr/lib/gcc/arm-none-eabi/13.2.0/../../../../arm-none-eabi/lib/thumb/v6-m/nofp/libc_nano.a(libc_a-vsprintf.o)
                0x08001460                vsprintf
                0x08001460                vsiprintf
 .text.memmove  0x08001478       0x26 /usr/lib/gcc/arm-none-eabi/13.2.0/../../../../arm-none-eabi/lib/thumb/v6-m/nofp/libc_nano.a(libc_a-memmove.o)
                0x08001478                memmove
 *fill*         0x0800149e        0x2 
 .text.__libc_init_array
                0x080014a0       0x48 /usr/lib/gcc/arm-none-eabi/13.2.0/../../../../arm-none-eabi/lib/thumb/v6-m/nofp/libc_nano.a(libc_a-init.o)
                0x080014a0                __libc_init_array
 .text.__retarget_lock_acquire_recursive
                0x080014e8        0x2 /usr/lib/gcc/arm-none-eabi/13.2.0/../../../../arm-none-eabi/lib/thumb/v6-m/nofp/libc_nano.a(libc_a-lock.o)
                0x080014e8                __retarget_lock_acquire_recursive
 .text.__retarget_lock_release_recursive
                0x080014ea        0x2 /usr/lib/gcc/arm-none-eabi/13.2.0/../../../../arm-none-eabi/lib/thumb/v6-m/nofp/libc_nano.a(libc_a-lock.o)
                0x080014ea                __retarget_lock_release_recursive
 .text.memcpy   0x080014ec       0x12 /usr/lib/gcc/arm-none-eabi/13.2.0/../../../../arm-none-eabi/lib/thumb/v6-m/nofp/libc_nano.a(libc_a-memcpy-stub.o)
                0x080014ec                memcpy
 *fill*         0x080014fe        0x2 
 .text._free_r  0x08001500       0x94 /usr/lib/gcc/arm-none-eabi/13.2.0/../../../../arm-none-eabi/lib/thumb/v6-m/nofp/libc_nano.a(libc_a-freer.o)
                0x08001500                _free_r
 .text.sbrk_aligned
                0x08001594       0x44 /usr/lib/gcc/arm-none-eabi/13.2.0/../../../../arm-none-eabi/lib/thumb/v6-m/nofp/libc_nano.a(libc_a-mallocr.o)
 .text._malloc_r
                0x080015d8       0xf4 /usr/lib/gcc/arm-none-eabi/13.2.0/../../../../arm-none-eabi/lib/thumb/v6-m/nofp/libc_nano.a(libc_a-mallocr.o)
                0x080015d8                _malloc_r
 .text.__malloc_lock
                0x080016cc       0x10 /usr/lib/gcc/arm-none-eabi/13.2.0/../../../../arm-none-eabi/lib/thumb/v6-m/nofp/libc_nano.a(libc_a-mlock.o)
                0x080016cc                __malloc_lock
 .text.__malloc_unlock
                0x080016dc       0x10 /usr/lib/gcc/arm-none-eabi/13.2.0/../../../../arm-none-eabi/lib/thumb/v6-m/nofp/libc_nano.a(libc_a-mlock.o)
                0x080016dc                __malloc_unlock
 .text.__ssputs_r
                0x080016ec       0xc0 /usr/lib/gcc/arm-none-eabi/13.2.0/../../../../arm-none-eabi/lib/thumb/v6-m/nofp/libc_nano.a(libc_a-nano-svfprintf.o)
                0x080016ec                __ssputs_r
 .text._svfprintf_r
                0x080017ac      0x1fc /usr/lib/gcc/arm-none-eabi/13.2.0/../../../../arm-none-eabi/lib/thumb/v6-m/nofp/libc_nano.a(libc_a-nano-svfprintf.o)
                0x080017ac                _svfprintf_r
                0x080017ac                _svfiprintf_r
 .text._printf_common
                0x080019a8       0xde /usr/lib/gcc/arm-none-eabi/13.2.0/../../../../arm-none-eabi/lib/thumb/v6-m/nofp/libc_nano.a(libc_a-nano-vfprintf_i.o)
                0x080019a8                _printf_common
 *fill*         0x08001a86        0x2 
 .text._printf_i
                0x08001a88      0x240 /usr/lib/gcc/arm-none-eabi/13.2.0/../../../../arm-none-eabi/lib/thumb/v6-m/nofp/libc_nano.a(libc_a-nano-vfprintf_i.o)
                0x08001a88                _printf_i
 .text._sbrk_r  0x08001cc8       0x24 /usr/lib/gcc/arm-none-eabi/13.2.0/../../../../arm-none-eabi/lib/thumb/v6-m/nofp/libc_nano.a(libc_a-sbrkr.o)
                0x08001cc8                _sbrk_r
 .text.memchr   0x08001cec       0x16 /usr/lib/gcc/arm-none-eabi/13.2.0/../../../../arm-none-eabi/lib/thumb/v6-m/nofp/libc_nano.a(libc_a-memchr-stub.o)
                0x08001cec                memchr
 .text._realloc_r
                0x08001d02       0x5e /usr/lib/gcc/arm-none-eabi/13.2.0/../../../../arm-none-eabi/lib/thumb/v6-m/nofp/libc_nano.a(libc_a-reallocr.o)
                0x08001d02                _realloc_r
 .text._malloc_usable_size_r
                0x08001d60       0x10 /usr/lib/gcc/arm-none-eabi/13.2.0/../../../../arm-none-eabi/lib/thumb/v6-m/nofp/libc_nano.a(libc_a-msizer.o)
                0x08001d60                _malloc_usable_size_r
 .text._sbrk    0x08001d70       0x1c /usr/lib/gcc/arm-none-eabi/13.2.0/../../../../arm-none-eabi/lib/thumb/v6-m/nofp/libnosys.a(sbrk.o)
                0x08001d70                _sbrk
 *(.glue_7)
 .glue_7        0x08001d8c        0x0 linker stubs
 *(.glue_7t)
 .glue_7t       0x08001d8c        0x0 linker stubs
 *(.eh_frame)
 .eh_frame      0x08001d8c        0x0 /usr/lib/gcc/arm-none-eabi/13.2.0/thumb/v6-m/nofp/crtbegin.o
 *(.init)
 .init          0x08001d8c        0x4 /usr/lib/gcc/arm-none-eabi/13.2.0/thumb/v6-m/nofp/crti.o
                0x08001d8c                _init
 .init          0x08001d90        0x8 /usr/lib/gcc/arm-none-eabi/13.2.0/thumb/v6-m/nofp/crtn.o
 *(.fini)
 .fini          0x08001d98        0x4 /usr/lib/gcc/arm-none-eabi/13.2.0/thumb/v6-m/nofp/crti.o
                0x08001d98                _fini
 .fini          0x08001d9c        0x8 /usr/lib/gcc/arm-none-eabi/13.2.0/thumb/v6-m/nofp/crtn.o
                0x08001da4                        . = ALIGN (0x4)
                0x08001da4                        _etext = .

.vfp11_veneer   0x08001da4        0x0
 .vfp11_veneer  0x08001da4        0x0 linker stubs

.v4_bx          0x08001da4        0x0
 .v4_bx         0x08001da4        0x0 linker stubs

.iplt           0x08001da4        0x0
 .iplt          0x08001da4        0x0 /usr/lib/gcc/arm-none-eabi/13.2.0/thumb/v6-m/nofp/crtbegin.o

.rodata         0x08001da4       0x98
                0x08001da4                        . = ALIGN (0x4)
 *(.rodata)
 .rodata        0x08001da4       0x56 build/smtc_hal_mcu.o
 *(.rodata*)
 .rodata.main.str1.1
                0x08001dfa       0x42 build/main.o
                                  0xf (size before relaxing)
 .rodata._svfprintf_r.str1.1
                0x08001e3c       0x11 /usr/lib/gcc/arm-none-eabi/13.2.0/../../../../arm-none-eabi/lib/thumb/v6-m/nofp/libc_nano.a(libc_a-nano-svfprintf.o)
 .rodata._printf_i.str1.1
                0x08001e3c       0x22 /usr/lib/gcc/arm-none-eabi/13.2.0/../../../../arm-none-eabi/lib/thumb/v6-m/nofp/libc_nano.a(libc_a-nano-vfprintf_i.o)
                0x08001e60                        . = ALIGN (0x4)

.rel.dyn        0x08001e3c        0x0
 .rel.iplt      0x08001e3c        0x0 /usr/lib/gcc/arm-none-eabi/13.2.0/thumb/v6-m/nofp/crtbegin.o

.ARM.extab
 *(.ARM.extab* .gnu.linkonce.armextab.*)

.ARM            0x08001e3c        0x0
                0x08001e3c                        __exidx_start = .
 *(.ARM.exidx*)
                0x08001e3c                        __exidx_end = .

.preinit_array  0x08001e3c        0x0
                0x08001e3c                        PROVIDE (__preinit_array_start = .)
 *(.preinit_array*)
                0x08001e3c                        PROVIDE (__preinit_array_end = .)

.init_array     0x08001e3c        0x4
                0x08001e3c                        PROVIDE (__init_array_start = .)
 *(SORT_BY_NAME(.init_array.*))
 *(.init_array*)
 .init_array    0x08001e3c        0x4 /usr/lib/gcc/arm-none-eabi/13.2.0/thumb/v6-m/nofp/crtbegin.o
                0x08001e40                        PROVIDE (__init_array_end = .)

.fini_array     0x08001e40        0x4
                0x08001e40                        PROVIDE (__fini_array_start = .)
 *(SORT_BY_NAME(.fini_array.*))
 *(.fini_array*)
 .fini_array    0x08001e40        0x4 /usr/lib/gcc/arm-none-eabi/13.2.0/thumb/v6-m/nofp/crtbegin.o
                0x08001e44                        PROVIDE (__fini_array_end = .)
                0x08001e44                        _sidata = LOADADDR (.data)

.data           0x20000000       0x58 load address 0x08001e44
                0x20000000                        . = ALIGN (0x4)
                0x20000000                        _sdata = .
 *(.data)
 *(.data*)
 .data.uwTickFreq
                0x20000000        0x1 build/stm32l0xx_hal.o
                0x20000000                uwTickFreq
 *fill*         0x20000001        0x3 
 .data.SystemCoreClock
                0x20000004        0x4 build/system_stm32l0xx.o
                0x20000004                SystemCoreClock
 .data._impure_ptr
                0x20000008        0x4 /usr/lib/gcc/arm-none-eabi/13.2.0/../../../../arm-none-eabi/lib/thumb/v6-m/nofp/libc_nano.a(libc_a-impure.o)
                0x20000008                _impure_ptr
 .data._impure_data
                0x2000000c       0x4c /usr/lib/gcc/arm-none-eabi/13.2.0/../../../../arm-none-eabi/lib/thumb/v6-m/nofp/libc_nano.a(libc_a-impure.o)
                0x2000000c                _impure_data
                0x20000058                        . = ALIGN (0x4)
                0x20000058                        _edata = .

.igot.plt       0x20000058        0x0 load address 0x08001e9c
 .igot.plt      0x20000058        0x0 /usr/lib/gcc/arm-none-eabi/13.2.0/thumb/v6-m/nofp/crtbegin.o
                0x20000058                        . = ALIGN (0x4)

.bss            0x20000058      0x380 load address 0x08001e9c
                0x20000058                        _sbss = .
                0x20000058                        __bss_start__ = _sbss
 *(.bss)
 *(.bss*)
 .bss.completed.1
                0x20000058        0x1 /usr/lib/gcc/arm-none-eabi/13.2.0/thumb/v6-m/nofp/crtbegin.o
 *fill*         0x20000059        0x3 
 .bss.object.0  0x2000005c       0x18 /usr/lib/gcc/arm-none-eabi/13.2.0/thumb/v6-m/nofp/crtbegin.o
 .bss.uwTick    0x20000074        0x4 build/stm32l0xx_hal.o
                0x20000074                uwTick
 .bss.gpio_irq  0x20000078       0x40 build/smtc_hal_gpio.o
 .bss.wakeup_timer_rounds
                0x200000b8        0x4 build/smtc_hal_rtc.o
 .bss.wut_timer_irq_happened
                0x200000bc        0x1 build/smtc_hal_rtc.o
 *fill*         0x200000bd        0x3 
 .bss.bsp_rtc   0x200000c0       0x40 build/smtc_hal_rtc.o
 .bss.lptim_tmr_irq
                0x20000100        0x8 build/smtc_hal_lp_timer.o
 .bss.lptim_handle
                0x20000108       0x30 build/smtc_hal_lp_timer.o
 .bss.huart2    0x20000138       0x84 build/smtc_hal_uart.o
 .bss.huart1    0x200001bc       0x84 build/smtc_hal_uart.o
 .bss.hdma_usart2_rx
                0x20000240       0x48 build/smtc_hal_uart.o
 .bss.TimerListHead
                0x20000288        0x4 build/timer.o
 .bss.__sf      0x2000028c      0x138 /usr/lib/gcc/arm-none-eabi/13.2.0/../../../../arm-none-eabi/lib/thumb/v6-m/nofp/libc_nano.a(libc_a-findfp.o)
                0x2000028c                __sf
 .bss.errno     0x200003c4        0x4 /usr/lib/gcc/arm-none-eabi/13.2.0/../../../../arm-none-eabi/lib/thumb/v6-m/nofp/libc_nano.a(libc_a-reent.o)
                0x200003c4                errno
 .bss.__lock___malloc_recursive_mutex
                0x200003c8        0x1 /usr/lib/gcc/arm-none-eabi/13.2.0/../../../../arm-none-eabi/lib/thumb/v6-m/nofp/libc_nano.a(libc_a-lock.o)
                0x200003c8                __lock___malloc_recursive_mutex
 *fill*         0x200003c9        0x3 
 .bss.__malloc_sbrk_start
                0x200003cc        0x4 /usr/lib/gcc/arm-none-eabi/13.2.0/../../../../arm-none-eabi/lib/thumb/v6-m/nofp/libc_nano.a(libc_a-mallocr.o)
                0x200003cc                __malloc_sbrk_start
 .bss.__malloc_free_list
                0x200003d0        0x4 /usr/lib/gcc/arm-none-eabi/13.2.0/../../../../arm-none-eabi/lib/thumb/v6-m/nofp/libc_nano.a(libc_a-mallocr.o)
                0x200003d0                __malloc_free_list
 .bss.heap_end.0
                0x200003d4        0x4 /usr/lib/gcc/arm-none-eabi/13.2.0/../../../../arm-none-eabi/lib/thumb/v6-m/nofp/libnosys.a(sbrk.o)
 *(COMMON)
                0x200003d8                        . = ALIGN (0x4)
                0x200003d8                        _ebss = .
                0x200003d8                        __bss_end__ = _ebss

._user_heap_stack
                0x200003d8      0x600 load address 0x08001e9c
                0x200003d8                        . = ALIGN (0x4)
                0x200003d8                        PROVIDE (end = .)
                [!provide]                        PROVIDE (_end = .)
                0x200005d8                        . = (. + _Min_Heap_Size)
 *fill*         0x200003d8      0x200 
                0x200009d8                        . = (. + _Min_Stack_Size)
 *fill*         0x200005d8      0x400 
                0x200009d8                        . = ALIGN (0x4)

/DISCARD/
 libc.a(*)
 libm.a(*)
 libgcc.a(*)

.ARM.attributes
                0x00000000       0x28
 *(.ARM.attributes)
 .ARM.attributes
                0x00000000       0x1e /usr/lib/gcc/arm-none-eabi/13.2.0/thumb/v6-m/nofp/crti.o
 .ARM.attributes
                0x0000001e       0x2c /usr/lib/gcc/arm-none-eabi/13.2.0/thumb/v6-m/nofp/crtbegin.o
 .ARM.attributes
                0x0000004a       0x28 build/main.o
 .ARM.attributes
                0x00000072       0x28 build/stm32l0xx_hal_lptim.o
 .ARM.attributes
                0x0000009a       0x28 build/stm32l0xx_hal_rtc.o
 .ARM.attributes
                0x000000c2       0x28 build/stm32l0xx_hal_rtc_ex.o
 .ARM.attributes
                0x000000ea       0x28 build/stm32l0xx_hal_uart.o
 .ARM.attributes
                0x00000112       0x28 build/stm32l0xx_hal_uart_ex.o
 .ARM.attributes
                0x0000013a       0x28 build/stm32l0xx_hal.o
 .ARM.attributes
                0x00000162       0x28 build/stm32l0xx_hal_gpio.o
 .ARM.attributes
                0x0000018a       0x28 build/stm32l0xx_hal_dma.o
 .ARM.attributes
                0x000001b2       0x28 build/stm32l0xx_hal_cortex.o
 .ARM.attributes
                0x000001da       0x28 build/system_stm32l0xx.o
 .ARM.attributes
                0x00000202       0x28 build/smtc_hal_gpio.o
 .ARM.attributes
                0x0000022a       0x28 build/smtc_hal_mcu.o
 .ARM.attributes
                0x00000252       0x28 build/smtc_hal_rtc.o
 .ARM.attributes
                0x0000027a       0x28 build/smtc_hal_lp_timer.o
 .ARM.attributes
                0x000002a2       0x28 build/smtc_hal_trace.o
 .ARM.attributes
                0x000002ca       0x28 build/smtc_hal_uart.o
 .ARM.attributes
                0x000002f2       0x28 build/timer.o
 .ARM.attributes
                0x0000031a       0x22 build/startup_stm32l071xx.o
 .ARM.attributes
                0x0000033c       0x2c /usr/lib/gcc/arm-none-eabi/13.2.0/../../../../arm-none-eabi/lib/thumb/v6-m/nofp/libc_nano.a(libc_a-findfp.o)
 .ARM.attributes
                0x00000368       0x2c /usr/lib/gcc/arm-none-eabi/13.2.0/../../../../arm-none-eabi/lib/thumb/v6-m/nofp/libc_nano.a(libc_a-vsprintf.o)
 .ARM.attributes
                0x00000394       0x2c /usr/lib/gcc/arm-none-eabi/13.2.0/../../../../arm-none-eabi/lib/thumb/v6-m/nofp/libc_nano.a(libc_a-memmove.o)
 .ARM.attributes
                0x000003c0       0x2c /usr/lib/gcc/arm-none-eabi/13.2.0/../../../../arm-none-eabi/lib/thumb/v6-m/nofp/libc_nano.a(libc_a-reent.o)
 .ARM.attributes
                0x000003ec       0x2c /usr/lib/gcc/arm-none-eabi/13.2.0/../../../../arm-none-eabi/lib/thumb/v6-m/nofp/libc_nano.a(libc_a-impure.o)
 .ARM.attributes
                0x00000418       0x2c /usr/lib/gcc/arm-none-eabi/13.2.0/../../../../arm-none-eabi/lib/thumb/v6-m/nofp/libc_nano.a(libc_a-init.o)
 .ARM.attributes
                0x00000444       0x2c /usr/lib/gcc/arm-none-eabi/13.2.0/../../../../arm-none-eabi/lib/thumb/v6-m/nofp/libc_nano.a(libc_a-lock.o)
 .ARM.attributes
                0x00000470       0x2c /usr/lib/gcc/arm-none-eabi/13.2.0/../../../../arm-none-eabi/lib/thumb/v6-m/nofp/libc_nano.a(libc_a-memcpy-stub.o)
 .ARM.attributes
                0x0000049c       0x1c /usr/lib/gcc/arm-none-eabi/13.2.0/../../../../arm-none-eabi/lib/thumb/v6-m/nofp/libc_nano.a(libc_a-strlen.o)
 .ARM.attributes
                0x000004b8       0x2c /usr/lib/gcc/arm-none-eabi/13.2.0/../../../../arm-none-eabi/lib/thumb/v6-m/nofp/libc_nano.a(libc_a-freer.o)
 .ARM.attributes
                0x000004e4       0x2c /usr/lib/gcc/arm-none-eabi/13.2.0/../../../../arm-none-eabi/lib/thumb/v6-m/nofp/libc_nano.a(libc_a-mallocr.o)
 .ARM.attributes
                0x00000510       0x2c /usr/lib/gcc/arm-none-eabi/13.2.0/../../../../arm-none-eabi/lib/thumb/v6-m/nofp/libc_nano.a(libc_a-mlock.o)
 .ARM.attributes
                0x0000053c       0x2c /usr/lib/gcc/arm-none-eabi/13.2.0/../../../../arm-none-eabi/lib/thumb/v6-m/nofp/libc_nano.a(libc_a-nano-svfprintf.o)
 .ARM.attributes
                0x00000568       0x2c /usr/lib/gcc/arm-none-eabi/13.2.0/../../../../arm-none-eabi/lib/thumb/v6-m/nofp/libc_nano.a(libc_a-nano-vfprintf_i.o)
 .ARM.attributes
                0x00000594       0x2c /usr/lib/gcc/arm-none-eabi/13.2.0/../../../../arm-none-eabi/lib/thumb/v6-m/nofp/libc_nano.a(libc_a-sbrkr.o)
 .ARM.attributes
                0x000005c0       0x2c /usr/lib/gcc/arm-none-eabi/13.2.0/../../../../arm-none-eabi/lib/thumb/v6-m/nofp/libc_nano.a(libc_a-memchr-stub.o)
 .ARM.attributes
                0x000005ec       0x2c /usr/lib/gcc/arm-none-eabi/13.2.0/../../../../arm-none-eabi/lib/thumb/v6-m/nofp/libc_nano.a(libc_a-reallocr.o)
 .ARM.attributes
                0x00000618       0x2c /usr/lib/gcc/arm-none-eabi/13.2.0/../../../../arm-none-eabi/lib/thumb/v6-m/nofp/libc_nano.a(libc_a-msizer.o)
 .ARM.attributes
                0x00000644       0x2c /usr/lib/gcc/arm-none-eabi/13.2.0/../../../../arm-none-eabi/lib/thumb/v6-m/nofp/libnosys.a(sbrk.o)
 .ARM.attributes
                0x00000670       0x1e /usr/lib/gcc/arm-none-eabi/13.2.0/thumb/v6-m/nofp/libgcc.a(_thumb1_case_shi.o)
 .ARM.attributes
                0x0000068e       0x1e /usr/lib/gcc/arm-none-eabi/13.2.0/thumb/v6-m/nofp/libgcc.a(_udivsi3.o)
 .ARM.attributes
                0x000006ac       0x1e /usr/lib/gcc/arm-none-eabi/13.2.0/thumb/v6-m/nofp/libgcc.a(_dvmd_tls.o)
 .ARM.attributes
                0x000006ca       0x1e /usr/lib/gcc/arm-none-eabi/13.2.0/thumb/v6-m/nofp/crtn.o
OUTPUT(build/evk_example_EU_868.elf elf32-littlearm)
LOAD linker stubs
LOAD /usr/lib/gcc/arm-none-eabi/13.2.0/../../../../arm-none-eabi/lib/thumb/v6-m/nofp/libc.a
LOAD /usr/lib/gcc/arm-none-eabi/13.2.0/../../../../arm-none-eabi/lib/thumb/v6-m/nofp/libm.a
LOAD /usr/lib/gcc/arm-none-eabi/13.2.0/thumb/v6-m/nofp/libgcc.a

.comment        0x00000000       0x3c
 .comment       0x00000000       0x3c build/main.o
                                 0x1f (size before relaxing)
 .comment       0x0000003c       0x1f build/stm32l0xx_hal_lptim.o
 .comment       0x0000003c       0x1f build/stm32l0xx_hal_rtc.o
 .comment       0x0000003c       0x1f build/stm32l0xx_hal_rtc_ex.o
 .comment       0x0000003c       0x1f build/stm32l0xx_hal_uart.o
 .comment       0x0000003c       0x1f build/stm32l0xx_hal_uart_ex.o
 .comment       0x0000003c       0x1f build/stm32l0xx_hal.o
 .comment       0x0000003c       0x1f build/stm32l0xx_hal_gpio.o
 .comment       0x0000003c       0x1f build/stm32l0xx_hal_dma.o
 .comment       0x0000003c       0x1f build/stm32l0xx_hal_cortex.o
 .comment       0x0000003c       0x1f build/system_stm32l0xx.o
 .comment       0x0000003c       0x1f build/smtc_hal_gpio.o
 .comment       0x0000003c       0x1f build/smtc_hal_mcu.o
 .comment       0x0000003c       0x1f build/smtc_hal_rtc.o
 .comment       0x0000003c       0x1f build/smtc_hal_lp_timer.o
 .comment       0x0000003c       0x1f build/smtc_hal_trace.o
 .comment       0x0000003c       0x1f build/smtc_hal_uart.o
 .comment       0x0000003c       0x1f build/timer.o
 .comment       0x0000003c       0x1f /usr/lib/gcc/arm-none-eabi/13.2.0/../../../../arm-none-eabi/lib/thumb/v6-m/nofp/libc_nano.a(libc_a-findfp.o)
 .comment       0x0000003c       0x1f /usr/lib/gcc/arm-none-eabi/13.2.0/../../../../arm-none-eabi/lib/thumb/v6-m/nofp/libc_nano.a(libc_a-vsprintf.o)
 .comment       0x0000003c       0x1f /usr/lib/gcc/arm-none-eabi/13.2.0/../../../../arm-none-eabi/lib/thumb/v6-m/nofp/libc_nano.a(libc_a-memmove.o)
 .comment       0x0000003c       0x1f /usr/lib/gcc/arm-none-eabi/13.2.0/../../../../arm-none-eabi/lib/thumb/v6-m/nofp/libc_nano.a(libc_a-reent.o)
 .comment       0x0000003c       0x1f /usr/lib/gcc/arm-none-eabi/13.2.0/../../../../arm-none-eabi/lib/thumb/v6-m/nofp/libc_nano.a(libc_a-impure.o)
 .comment       0x0000003c       0x1f /usr/lib/gcc/arm-none-eabi/13.2.0/../../../../arm-none-eabi/lib/thumb/v6-m/nofp/libc_nano.a(libc_a-init.o)
 .comment       0x0000003c       0x1f /usr/lib/gcc/arm-none-eabi/13.2.0/../../../../arm-none-eabi/lib/thumb/v6-m/nofp/libc_nano.a(libc_a-lock.o)
 .comment       0x0000003c       0x1f /usr/lib/gcc/arm-none-eabi/13.2.0/../../../../arm-none-eabi/lib/thumb/v6-m/nofp/libc_nano.a(libc_a-memcpy-stub.o)
 .comment       0x0000003c       0x1f /usr/lib/gcc/arm-none-eabi/13.2.0/../../../../arm-none-eabi/lib/thumb/v6-m/nofp/libc_nano.a(libc_a-freer.o)
 .comment       0x0000003c       0x1f /usr/lib/gcc/arm-none-eabi/13.2.0/../../../../arm-none-eabi/lib/thumb/v6-m/nofp/libc_nano.a(libc_a-mallocr.o)
 .comment       0x0000003c       0x1f /usr/lib/gcc/arm-none-eabi/13.2.0/../../../../arm-none-eabi/lib/thumb/v6-m/nofp/libc_nano.a(libc_a-mlock.o)
 .comment       0x0000003c       0x1f /usr/lib/gcc/arm-none-eabi/13.2.0/../../../../arm-none-eabi/lib/thumb/v6-m/nofp/libc_nano.a(libc_a-nano-svfprintf.o)
 .comment       0x0000003c       0x1f /usr/lib/gcc/arm-none-eabi/13.2.0/../../../../arm-none-eabi/lib/thumb/v6-m/nofp/libc_nano.a(libc_a-nano-vfprintf_i.o)
 .comment       0x0000003c       0x1f /usr/lib/gcc/arm-none-eabi/13.2.0/../../../../arm-none-eabi/lib/thumb/v6-m/nofp/libc_nano.a(libc_a-sbrkr.o)
 .comment       0x0000003c       0x1f /usr/lib/gcc/arm-none-eabi/13.2.0/../../../../arm-none-eabi/lib/thumb/v6-m/nofp/libc_nano.a(libc_a-memchr-stub.o)
 .comment       0x0000003c       0x1f /usr/lib/gcc/arm-none-eabi/13.2.0/../../../../arm-none-eabi/lib/thumb/v6-m/nofp/libc_nano.a(libc_a-reallocr.o)
 .comment       0x0000003c       0x1f /usr/lib/gcc/arm-none-eabi/13.2.0/../../../../arm-none-eabi/lib/thumb/v6-m/nofp/libc_nano.a(libc_a-msizer.o)

.debug_info     0x00000000     0x7eb8
 .debug_info    0x00000000      0xfb0 /usr/lib/gcc/arm-none-eabi/13.2.0/../../../../arm-none-eabi/lib/thumb/v6-m/nofp/libc_nano.a(libc_a-findfp.o)
 .debug_info    0x00000fb0      0x85d /usr/lib/gcc/arm-none-eabi/13.2.0/../../../../arm-none-eabi/lib/thumb/v6-m/nofp/libc_nano.a(libc_a-vsprintf.o)
 .debug_info    0x0000180d      0x109 /usr/lib/gcc/arm-none-eabi/13.2.0/../../../../arm-none-eabi/lib/thumb/v6-m/nofp/libc_nano.a(libc_a-memmove.o)
 .debug_info    0x00001916      0x854 /usr/lib/gcc/arm-none-eabi/13.2.0/../../../../arm-none-eabi/lib/thumb/v6-m/nofp/libc_nano.a(libc_a-reent.o)
 .debug_info    0x0000216a      0x715 /usr/lib/gcc/arm-none-eabi/13.2.0/../../../../arm-none-eabi/lib/thumb/v6-m/nofp/libc_nano.a(libc_a-impure.o)
 .debug_info    0x0000287f      0x10b /usr/lib/gcc/arm-none-eabi/13.2.0/../../../../arm-none-eabi/lib/thumb/v6-m/nofp/libc_nano.a(libc_a-init.o)
 .debug_info    0x0000298a      0x20a /usr/lib/gcc/arm-none-eabi/13.2.0/../../../../arm-none-eabi/lib/thumb/v6-m/nofp/libc_nano.a(libc_a-lock.o)
 .debug_info    0x00002b94      0x11b /usr/lib/gcc/arm-none-eabi/13.2.0/../../../../arm-none-eabi/lib/thumb/v6-m/nofp/libc_nano.a(libc_a-memcpy-stub.o)
 .debug_info    0x00002caf       0x2f /usr/lib/gcc/arm-none-eabi/13.2.0/../../../../arm-none-eabi/lib/thumb/v6-m/nofp/libc_nano.a(libc_a-strlen.o)
 .debug_info    0x00002cde      0x84a /usr/lib/gcc/arm-none-eabi/13.2.0/../../../../arm-none-eabi/lib/thumb/v6-m/nofp/libc_nano.a(libc_a-freer.o)
 .debug_info    0x00003528      0x9c1 /usr/lib/gcc/arm-none-eabi/13.2.0/../../../../arm-none-eabi/lib/thumb/v6-m/nofp/libc_nano.a(libc_a-mallocr.o)
 .debug_info    0x00003ee9      0x76b /usr/lib/gcc/arm-none-eabi/13.2.0/../../../../arm-none-eabi/lib/thumb/v6-m/nofp/libc_nano.a(libc_a-mlock.o)
 .debug_info    0x00004654     0x10de /usr/lib/gcc/arm-none-eabi/13.2.0/../../../../arm-none-eabi/lib/thumb/v6-m/nofp/libc_nano.a(libc_a-nano-svfprintf.o)
 .debug_info    0x00005732      0xe10 /usr/lib/gcc/arm-none-eabi/13.2.0/../../../../arm-none-eabi/lib/thumb/v6-m/nofp/libc_nano.a(libc_a-nano-vfprintf_i.o)
 .debug_info    0x00006542      0x77c /usr/lib/gcc/arm-none-eabi/13.2.0/../../../../arm-none-eabi/lib/thumb/v6-m/nofp/libc_nano.a(libc_a-sbrkr.o)
 .debug_info    0x00006cbe      0x110 /usr/lib/gcc/arm-none-eabi/13.2.0/../../../../arm-none-eabi/lib/thumb/v6-m/nofp/libc_nano.a(libc_a-memchr-stub.o)
 .debug_info    0x00006dce      0x8ac /usr/lib/gcc/arm-none-eabi/13.2.0/../../../../arm-none-eabi/lib/thumb/v6-m/nofp/libc_nano.a(libc_a-reallocr.o)
 .debug_info    0x0000767a      0x794 /usr/lib/gcc/arm-none-eabi/13.2.0/../../../../arm-none-eabi/lib/thumb/v6-m/nofp/libc_nano.a(libc_a-msizer.o)
 .debug_info    0x00007e0e       0x31 /usr/lib/gcc/arm-none-eabi/13.2.0/thumb/v6-m/nofp/libgcc.a(_thumb1_case_shi.o)
 .debug_info    0x00007e3f       0x3d /usr/lib/gcc/arm-none-eabi/13.2.0/thumb/v6-m/nofp/libgcc.a(_udivsi3.o)
 .debug_info    0x00007e7c       0x3c /usr/lib/gcc/arm-none-eabi/13.2.0/thumb/v6-m/nofp/libgcc.a(_dvmd_tls.o)

.debug_abbrev   0x00000000     0x1f32
 .debug_abbrev  0x00000000      0x405 /usr/lib/gcc/arm-none-eabi/13.2.0/../../../../arm-none-eabi/lib/thumb/v6-m/nofp/libc_nano.a(libc_a-findfp.o)
 .debug_abbrev  0x00000405      0x201 /usr/lib/gcc/arm-none-eabi/13.2.0/../../../../arm-none-eabi/lib/thumb/v6-m/nofp/libc_nano.a(libc_a-vsprintf.o)
 .debug_abbrev  0x00000606       0xac /usr/lib/gcc/arm-none-eabi/13.2.0/../../../../arm-none-eabi/lib/thumb/v6-m/nofp/libc_nano.a(libc_a-memmove.o)
 .debug_abbrev  0x000006b2      0x1ea /usr/lib/gcc/arm-none-eabi/13.2.0/../../../../arm-none-eabi/lib/thumb/v6-m/nofp/libc_nano.a(libc_a-reent.o)
 .debug_abbrev  0x0000089c      0x149 /usr/lib/gcc/arm-none-eabi/13.2.0/../../../../arm-none-eabi/lib/thumb/v6-m/nofp/libc_nano.a(libc_a-impure.o)
 .debug_abbrev  0x000009e5       0xc9 /usr/lib/gcc/arm-none-eabi/13.2.0/../../../../arm-none-eabi/lib/thumb/v6-m/nofp/libc_nano.a(libc_a-init.o)
 .debug_abbrev  0x00000aae      0x115 /usr/lib/gcc/arm-none-eabi/13.2.0/../../../../arm-none-eabi/lib/thumb/v6-m/nofp/libc_nano.a(libc_a-lock.o)
 .debug_abbrev  0x00000bc3       0xc1 /usr/lib/gcc/arm-none-eabi/13.2.0/../../../../arm-none-eabi/lib/thumb/v6-m/nofp/libc_nano.a(libc_a-memcpy-stub.o)
 .debug_abbrev  0x00000c84       0x21 /usr/lib/gcc/arm-none-eabi/13.2.0/../../../../arm-none-eabi/lib/thumb/v6-m/nofp/libc_nano.a(libc_a-strlen.o)
 .debug_abbrev  0x00000ca5      0x233 /usr/lib/gcc/arm-none-eabi/13.2.0/../../../../arm-none-eabi/lib/thumb/v6-m/nofp/libc_nano.a(libc_a-freer.o)
 .debug_abbrev  0x00000ed8      0x241 /usr/lib/gcc/arm-none-eabi/13.2.0/../../../../arm-none-eabi/lib/thumb/v6-m/nofp/libc_nano.a(libc_a-mallocr.o)
 .debug_abbrev  0x00001119      0x1bc /usr/lib/gcc/arm-none-eabi/13.2.0/../../../../arm-none-eabi/lib/thumb/v6-m/nofp/libc_nano.a(libc_a-mlock.o)
 .debug_abbrev  0x000012d5      0x31e /usr/lib/gcc/arm-none-eabi/13.2.0/../../../../arm-none-eabi/lib/thumb/v6-m/nofp/libc_nano.a(libc_a-nano-svfprintf.o)
 .debug_abbrev  0x000015f3      0x29f /usr/lib/gcc/arm-none-eabi/13.2.0/../../../../arm-none-eabi/lib/thumb/v6-m/nofp/libc_nano.a(libc_a-nano-vfprintf_i.o)
 .debug_abbrev  0x00001892      0x1da /usr/lib/gcc/arm-none-eabi/13.2.0/../../../../arm-none-eabi/lib/thumb/v6-m/nofp/libc_nano.a(libc_a-sbrkr.o)
 .debug_abbrev  0x00001a6c       0xb1 /usr/lib/gcc/arm-none-eabi/13.2.0/../../../../arm-none-eabi/lib/thumb/v6-m/nofp/libc_nano.a(libc_a-memchr-stub.o)
 .debug_abbrev  0x00001b1d      0x209 /usr/lib/gcc/arm-none-eabi/13.2.0/../../../../arm-none-eabi/lib/thumb/v6-m/nofp/libc_nano.a(libc_a-reallocr.o)
 .debug_abbrev  0x00001d26      0x196 /usr/lib/gcc/arm-none-eabi/13.2.0/../../../../arm-none-eabi/lib/thumb/v6-m/nofp/libc_nano.a(libc_a-msizer.o)
 .debug_abbrev  0x00001ebc       0x28 /usr/lib/gcc/arm-none-eabi/13.2.0/thumb/v6-m/nofp/libgcc.a(_thumb1_case_shi.o)
 .debug_abbrev  0x00001ee4       0x28 /usr/lib/gcc/arm-none-eabi/13.2.0/thumb/v6-m/nofp/libgcc.a(_udivsi3.o)
 .debug_abbrev  0x00001f0c       0x26 /usr/lib/gcc/arm-none-eabi/13.2.0/thumb/v6-m/nofp/libgcc.a(_dvmd_tls.o)

.debug_loclists
                0x00000000     0x1535
 .debug_loclists
                0x00000000      0x273 /usr/lib/gcc/arm-none-eabi/13.2.0/../../../../arm-none-eabi/lib/thumb/v6-m/nofp/libc_nano.a(libc_a-findfp.o)
 .debug_loclists
                0x00000273       0xb6 /usr/lib/gcc/arm-none-eabi/13.2.0/../../../../arm-none-eabi/lib/thumb/v6-m/nofp/libc_nano.a(libc_a-vsprintf.o)
 .debug_loclists
                0x00000329       0xe3 /usr/lib/gcc/arm-none-eabi/13.2.0/../../../../arm-none-eabi/lib/thumb/v6-m/nofp/libc_nano.a(libc_a-memmove.o)
 .debug_loclists
                0x0000040c       0x60 /usr/lib/gcc/arm-none-eabi/13.2.0/../../../../arm-none-eabi/lib/thumb/v6-m/nofp/libc_nano.a(libc_a-reent.o)
 .debug_loclists
                0x0000046c       0x42 /usr/lib/gcc/arm-none-eabi/13.2.0/../../../../arm-none-eabi/lib/thumb/v6-m/nofp/libc_nano.a(libc_a-init.o)
 .debug_loclists
                0x000004ae       0x23 /usr/lib/gcc/arm-none-eabi/13.2.0/../../../../arm-none-eabi/lib/thumb/v6-m/nofp/libc_nano.a(libc_a-lock.o)
 .debug_loclists
                0x000004d1       0xaf /usr/lib/gcc/arm-none-eabi/13.2.0/../../../../arm-none-eabi/lib/thumb/v6-m/nofp/libc_nano.a(libc_a-memcpy-stub.o)
 .debug_loclists
                0x00000580       0xbc /usr/lib/gcc/arm-none-eabi/13.2.0/../../../../arm-none-eabi/lib/thumb/v6-m/nofp/libc_nano.a(libc_a-freer.o)
 .debug_loclists
                0x0000063c      0x24b /usr/lib/gcc/arm-none-eabi/13.2.0/../../../../arm-none-eabi/lib/thumb/v6-m/nofp/libc_nano.a(libc_a-mallocr.o)
 .debug_loclists
                0x00000887       0x3a /usr/lib/gcc/arm-none-eabi/13.2.0/../../../../arm-none-eabi/lib/thumb/v6-m/nofp/libc_nano.a(libc_a-mlock.o)
 .debug_loclists
                0x000008c1      0x517 /usr/lib/gcc/arm-none-eabi/13.2.0/../../../../arm-none-eabi/lib/thumb/v6-m/nofp/libc_nano.a(libc_a-nano-svfprintf.o)
 .debug_loclists
                0x00000dd8      0x499 /usr/lib/gcc/arm-none-eabi/13.2.0/../../../../arm-none-eabi/lib/thumb/v6-m/nofp/libc_nano.a(libc_a-nano-vfprintf_i.o)
 .debug_loclists
                0x00001271       0x4c /usr/lib/gcc/arm-none-eabi/13.2.0/../../../../arm-none-eabi/lib/thumb/v6-m/nofp/libc_nano.a(libc_a-sbrkr.o)
 .debug_loclists
                0x000012bd       0x7c /usr/lib/gcc/arm-none-eabi/13.2.0/../../../../arm-none-eabi/lib/thumb/v6-m/nofp/libc_nano.a(libc_a-memchr-stub.o)
 .debug_loclists
                0x00001339      0x159 /usr/lib/gcc/arm-none-eabi/13.2.0/../../../../arm-none-eabi/lib/thumb/v6-m/nofp/libc_nano.a(libc_a-reallocr.o)
 .debug_loclists
                0x00001492       0x63 /usr/lib/gcc/arm-none-eabi/13.2.0/../../../../arm-none-eabi/lib/thumb/v6-m/nofp/libc_nano.a(libc_a-msizer.o)
 .debug_loclists
                0x000014f5       0x40 /usr/lib/gcc/arm-none-eabi/13.2.0/../../../../arm-none-eabi/lib/thumb/v6-m/nofp/libnosys.a(sbrk.o)

.debug_aranges  0x00000000      0x368
 .debug_aranges
                0x00000000       0x78 /usr/lib/gcc/arm-none-eabi/13.2.0/../../../../arm-none-eabi/lib/thumb/v6-m/nofp/libc_nano.a(libc_a-findfp.o)
 .debug_aranges
                0x00000078       0x28 /usr/lib/gcc/arm-none-eabi/13.2.0/../../../../arm-none-eabi/lib/thumb/v6-m/nofp/libc_nano.a(libc_a-vsprintf.o)
 .debug_aranges
                0x000000a0       0x20 /usr/lib/gcc/arm-none-eabi/13.2.0/../../../../arm-none-eabi/lib/thumb/v6-m/nofp/libc_nano.a(libc_a-memmove.o)
 .debug_aranges
                0x000000c0       0x20 /usr/lib/gcc/arm-none-eabi/13.2.0/../../../../arm-none-eabi/lib/thumb/v6-m/nofp/libc_nano.a(libc_a-reent.o)
 .debug_aranges
                0x000000e0       0x18 /usr/lib/gcc/arm-none-eabi/13.2.0/../../../../arm-none-eabi/lib/thumb/v6-m/nofp/libc_nano.a(libc_a-impure.o)
 .debug_aranges
                0x000000f8       0x20 /usr/lib/gcc/arm-none-eabi/13.2.0/../../../../arm-none-eabi/lib/thumb/v6-m/nofp/libc_nano.a(libc_a-init.o)
 .debug_aranges
                0x00000118       0x68 /usr/lib/gcc/arm-none-eabi/13.2.0/../../../../arm-none-eabi/lib/thumb/v6-m/nofp/libc_nano.a(libc_a-lock.o)
 .debug_aranges
                0x00000180       0x20 /usr/lib/gcc/arm-none-eabi/13.2.0/../../../../arm-none-eabi/lib/thumb/v6-m/nofp/libc_nano.a(libc_a-memcpy-stub.o)
 .debug_aranges
                0x000001a0       0x20 /usr/lib/gcc/arm-none-eabi/13.2.0/../../../../arm-none-eabi/lib/thumb/v6-m/nofp/libc_nano.a(libc_a-strlen.o)
 .debug_aranges
                0x000001c0       0x20 /usr/lib/gcc/arm-none-eabi/13.2.0/../../../../arm-none-eabi/lib/thumb/v6-m/nofp/libc_nano.a(libc_a-freer.o)
 .debug_aranges
                0x000001e0       0x28 /usr/lib/gcc/arm-none-eabi/13.2.0/../../../../arm-none-eabi/lib/thumb/v6-m/nofp/libc_nano.a(libc_a-mallocr.o)
 .debug_aranges
                0x00000208       0x28 /usr/lib/gcc/arm-none-eabi/13.2.0/../../../../arm-none-eabi/lib/thumb/v6-m/nofp/libc_nano.a(libc_a-mlock.o)
 .debug_aranges
                0x00000230       0x30 /usr/lib/gcc/arm-none-eabi/13.2.0/../../../../arm-none-eabi/lib/thumb/v6-m/nofp/libc_nano.a(libc_a-nano-svfprintf.o)
 .debug_aranges
                0x00000260       0x28 /usr/lib/gcc/arm-none-eabi/13.2.0/../../../../arm-none-eabi/lib/thumb/v6-m/nofp/libc_nano.a(libc_a-nano-vfprintf_i.o)
 .debug_aranges
                0x00000288       0x20 /usr/lib/gcc/arm-none-eabi/13.2.0/../../../../arm-none-eabi/lib/thumb/v6-m/nofp/libc_nano.a(libc_a-sbrkr.o)
 .debug_aranges
                0x000002a8       0x20 /usr/lib/gcc/arm-none-eabi/13.2.0/../../../../arm-none-eabi/lib/thumb/v6-m/nofp/libc_nano.a(libc_a-memchr-stub.o)
 .debug_aranges
                0x000002c8       0x20 /usr/lib/gcc/arm-none-eabi/13.2.0/../../../../arm-none-eabi/lib/thumb/v6-m/nofp/libc_nano.a(libc_a-reallocr.o)
 .debug_aranges
                0x000002e8       0x20 /usr/lib/gcc/arm-none-eabi/13.2.0/../../../../arm-none-eabi/lib/thumb/v6-m/nofp/libc_nano.a(libc_a-msizer.o)
 .debug_aranges
                0x00000308       0x20 /usr/lib/gcc/arm-none-eabi/13.2.0/thumb/v6-m/nofp/libgcc.a(_thumb1_case_shi.o)
 .debug_aranges
                0x00000328       0x20 /usr/lib/gcc/arm-none-eabi/13.2.0/thumb/v6-m/nofp/libgcc.a(_udivsi3.o)
 .debug_aranges
                0x00000348       0x20 /usr/lib/gcc/arm-none-eabi/13.2.0/thumb/v6-m/nofp/libgcc.a(_dvmd_tls.o)

.debug_rnglists
                0x00000000      0x28b
 .debug_rnglists
                0x00000000       0x6e /usr/lib/gcc/arm-none-eabi/13.2.0/../../../../arm-none-eabi/lib/thumb/v6-m/nofp/libc_nano.a(libc_a-findfp.o)
 .debug_rnglists
                0x0000006e       0x19 /usr/lib/gcc/arm-none-eabi/13.2.0/../../../../arm-none-eabi/lib/thumb/v6-m/nofp/libc_nano.a(libc_a-vsprintf.o)
 .debug_rnglists
                0x00000087       0x13 /usr/lib/gcc/arm-none-eabi/13.2.0/../../../../arm-none-eabi/lib/thumb/v6-m/nofp/libc_nano.a(libc_a-memmove.o)
 .debug_rnglists
                0x0000009a       0x30 /usr/lib/gcc/arm-none-eabi/13.2.0/../../../../arm-none-eabi/lib/thumb/v6-m/nofp/libc_nano.a(libc_a-reent.o)
 .debug_rnglists
                0x000000ca       0x13 /usr/lib/gcc/arm-none-eabi/13.2.0/../../../../arm-none-eabi/lib/thumb/v6-m/nofp/libc_nano.a(libc_a-init.o)
 .debug_rnglists
                0x000000dd       0x49 /usr/lib/gcc/arm-none-eabi/13.2.0/../../../../arm-none-eabi/lib/thumb/v6-m/nofp/libc_nano.a(libc_a-lock.o)
 .debug_rnglists
                0x00000126       0x13 /usr/lib/gcc/arm-none-eabi/13.2.0/../../../../arm-none-eabi/lib/thumb/v6-m/nofp/libc_nano.a(libc_a-memcpy-stub.o)
 .debug_rnglists
                0x00000139       0x14 /usr/lib/gcc/arm-none-eabi/13.2.0/../../../../arm-none-eabi/lib/thumb/v6-m/nofp/libc_nano.a(libc_a-freer.o)
 .debug_rnglists
                0x0000014d       0x29 /usr/lib/gcc/arm-none-eabi/13.2.0/../../../../arm-none-eabi/lib/thumb/v6-m/nofp/libc_nano.a(libc_a-mallocr.o)
 .debug_rnglists
                0x00000176       0x19 /usr/lib/gcc/arm-none-eabi/13.2.0/../../../../arm-none-eabi/lib/thumb/v6-m/nofp/libc_nano.a(libc_a-mlock.o)
 .debug_rnglists
                0x0000018f       0x53 /usr/lib/gcc/arm-none-eabi/13.2.0/../../../../arm-none-eabi/lib/thumb/v6-m/nofp/libc_nano.a(libc_a-nano-svfprintf.o)
 .debug_rnglists
                0x000001e2       0x4a /usr/lib/gcc/arm-none-eabi/13.2.0/../../../../arm-none-eabi/lib/thumb/v6-m/nofp/libc_nano.a(libc_a-nano-vfprintf_i.o)
 .debug_rnglists
                0x0000022c       0x13 /usr/lib/gcc/arm-none-eabi/13.2.0/../../../../arm-none-eabi/lib/thumb/v6-m/nofp/libc_nano.a(libc_a-sbrkr.o)
 .debug_rnglists
                0x0000023f       0x13 /usr/lib/gcc/arm-none-eabi/13.2.0/../../../../arm-none-eabi/lib/thumb/v6-m/nofp/libc_nano.a(libc_a-memchr-stub.o)
 .debug_rnglists
                0x00000252       0x13 /usr/lib/gcc/arm-none-eabi/13.2.0/../../../../arm-none-eabi/lib/thumb/v6-m/nofp/libc_nano.a(libc_a-reallocr.o)
 .debug_rnglists
                0x00000265       0x13 /usr/lib/gcc/arm-none-eabi/13.2.0/../../../../arm-none-eabi/lib/thumb/v6-m/nofp/libc_nano.a(libc_a-msizer.o)
 .debug_rnglists
                0x00000278       0x13 /usr/lib/gcc/arm-none-eabi/13.2.0/../../../../arm-none-eabi/lib/thumb/v6-m/nofp/libnosys.a(sbrk.o)

.debug_line     0x00000000     0x30f7
 .debug_line    0x00000000      0x5a7 /usr/lib/gcc/arm-none-eabi/13.2.0/../../../../arm-none-eabi/lib/thumb/v6-m/nofp/libc_nano.a(libc_a-findfp.o)
 .debug_line    0x000005a7      0x1fe /usr/lib/gcc/arm-none-eabi/13.2.0/../../../../arm-none-eabi/lib/thumb/v6-m/nofp/libc_nano.a(libc_a-vsprintf.o)
 .debug_line    0x000007a5      0x14c /usr/lib/gcc/arm-none-eabi/13.2.0/../../../../arm-none-eabi/lib/thumb/v6-m/nofp/libc_nano.a(libc_a-memmove.o)
 .debug_line    0x000008f1      0x26b /usr/lib/gcc/arm-none-eabi/13.2.0/../../../../arm-none-eabi/lib/thumb/v6-m/nofp/libc_nano.a(libc_a-reent.o)
 .debug_line    0x00000b5c      0x108 /usr/lib/gcc/arm-none-eabi/13.2.0/../../../../arm-none-eabi/lib/thumb/v6-m/nofp/libc_nano.a(libc_a-impure.o)
 .debug_line    0x00000c64      0x131 /usr/lib/gcc/arm-none-eabi/13.2.0/../../../../arm-none-eabi/lib/thumb/v6-m/nofp/libc_nano.a(libc_a-init.o)
 .debug_line    0x00000d95      0x17d /usr/lib/gcc/arm-none-eabi/13.2.0/../../../../arm-none-eabi/lib/thumb/v6-m/nofp/libc_nano.a(libc_a-lock.o)
 .debug_line    0x00000f12      0x190 /usr/lib/gcc/arm-none-eabi/13.2.0/../../../../arm-none-eabi/lib/thumb/v6-m/nofp/libc_nano.a(libc_a-memcpy-stub.o)
 .debug_line    0x000010a2       0x4f /usr/lib/gcc/arm-none-eabi/13.2.0/../../../../arm-none-eabi/lib/thumb/v6-m/nofp/libc_nano.a(libc_a-strlen.o)
 .debug_line    0x000010f1      0x2b8 /usr/lib/gcc/arm-none-eabi/13.2.0/../../../../arm-none-eabi/lib/thumb/v6-m/nofp/libc_nano.a(libc_a-freer.o)
 .debug_line    0x000013a9      0x484 /usr/lib/gcc/arm-none-eabi/13.2.0/../../../../arm-none-eabi/lib/thumb/v6-m/nofp/libc_nano.a(libc_a-mallocr.o)
 .debug_line    0x0000182d      0x19c /usr/lib/gcc/arm-none-eabi/13.2.0/../../../../arm-none-eabi/lib/thumb/v6-m/nofp/libc_nano.a(libc_a-mlock.o)
 .debug_line    0x000019c9      0x8a7 /usr/lib/gcc/arm-none-eabi/13.2.0/../../../../arm-none-eabi/lib/thumb/v6-m/nofp/libc_nano.a(libc_a-nano-svfprintf.o)
 .debug_line    0x00002270      0x689 /usr/lib/gcc/arm-none-eabi/13.2.0/../../../../arm-none-eabi/lib/thumb/v6-m/nofp/libc_nano.a(libc_a-nano-vfprintf_i.o)
 .debug_line    0x000028f9      0x1b8 /usr/lib/gcc/arm-none-eabi/13.2.0/../../../../arm-none-eabi/lib/thumb/v6-m/nofp/libc_nano.a(libc_a-sbrkr.o)
 .debug_line    0x00002ab1      0x191 /usr/lib/gcc/arm-none-eabi/13.2.0/../../../../arm-none-eabi/lib/thumb/v6-m/nofp/libc_nano.a(libc_a-memchr-stub.o)
 .debug_line    0x00002c42      0x214 /usr/lib/gcc/arm-none-eabi/13.2.0/../../../../arm-none-eabi/lib/thumb/v6-m/nofp/libc_nano.a(libc_a-reallocr.o)
 .debug_line    0x00002e56      0x1a3 /usr/lib/gcc/arm-none-eabi/13.2.0/../../../../arm-none-eabi/lib/thumb/v6-m/nofp/libc_nano.a(libc_a-msizer.o)
 .debug_line    0x00002ff9       0x53 /usr/lib/gcc/arm-none-eabi/13.2.0/thumb/v6-m/nofp/libgcc.a(_thumb1_case_shi.o)
 .debug_line    0x0000304c       0x61 /usr/lib/gcc/arm-none-eabi/13.2.0/thumb/v6-m/nofp/libgcc.a(_udivsi3.o)
 .debug_line    0x000030ad       0x4a /usr/lib/gcc/arm-none-eabi/13.2.0/thumb/v6-m/nofp/libgcc.a(_dvmd_tls.o)

.debug_str      0x00000000     0x1291
 .debug_str     0x00000000     0x1291 /usr/lib/gcc/arm-none-eabi/13.2.0/../../../../arm-none-eabi/lib/thumb/v6-m/nofp/libc_nano.a(libc_a-findfp.o)
                                0x75b (size before relaxing)
 .debug_str     0x00001291      0x51a /usr/lib/gcc/arm-none-eabi/13.2.0/../../../../arm-none-eabi/lib/thumb/v6-m/nofp/libc_nano.a(libc_a-vsprintf.o)
 .debug_str     0x00001291      0x1d3 /usr/lib/gcc/arm-none-eabi/13.2.0/../../../../arm-none-eabi/lib/thumb/v6-m/nofp/libc_nano.a(libc_a-memmove.o)
 .debug_str     0x00001291      0x4f7 /usr/lib/gcc/arm-none-eabi/13.2.0/../../../../arm-none-eabi/lib/thumb/v6-m/nofp/libc_nano.a(libc_a-reent.o)
 .debug_str     0x00001291      0x4d8 /usr/lib/gcc/arm-none-eabi/13.2.0/../../../../arm-none-eabi/lib/thumb/v6-m/nofp/libc_nano.a(libc_a-impure.o)
 .debug_str     0x00001291      0x219 /usr/lib/gcc/arm-none-eabi/13.2.0/../../../../arm-none-eabi/lib/thumb/v6-m/nofp/libc_nano.a(libc_a-init.o)
 .debug_str     0x00001291      0x32b /usr/lib/gcc/arm-none-eabi/13.2.0/../../../../arm-none-eabi/lib/thumb/v6-m/nofp/libc_nano.a(libc_a-lock.o)
 .debug_str     0x00001291      0x1d6 /usr/lib/gcc/arm-none-eabi/13.2.0/../../../../arm-none-eabi/lib/thumb/v6-m/nofp/libc_nano.a(libc_a-memcpy-stub.o)
 .debug_str     0x00001291       0xb6 /usr/lib/gcc/arm-none-eabi/13.2.0/../../../../arm-none-eabi/lib/thumb/v6-m/nofp/libc_nano.a(libc_a-strlen.o)
 .debug_str     0x00001291      0x558 /usr/lib/gcc/arm-none-eabi/13.2.0/../../../../arm-none-eabi/lib/thumb/v6-m/nofp/libc_nano.a(libc_a-freer.o)
 .debug_str     0x00001291      0x5b9 /usr/lib/gcc/arm-none-eabi/13.2.0/../../../../arm-none-eabi/lib/thumb/v6-m/nofp/libc_nano.a(libc_a-mallocr.o)
 .debug_str     0x00001291      0x55a /usr/lib/gcc/arm-none-eabi/13.2.0/../../../../arm-none-eabi/lib/thumb/v6-m/nofp/libc_nano.a(libc_a-mlock.o)
 .debug_str     0x00001291      0x821 /usr/lib/gcc/arm-none-eabi/13.2.0/../../../../arm-none-eabi/lib/thumb/v6-m/nofp/libc_nano.a(libc_a-nano-svfprintf.o)
 .debug_str     0x00001291      0x7c8 /usr/lib/gcc/arm-none-eabi/13.2.0/../../../../arm-none-eabi/lib/thumb/v6-m/nofp/libc_nano.a(libc_a-nano-vfprintf_i.o)
 .debug_str     0x00001291      0x4e1 /usr/lib/gcc/arm-none-eabi/13.2.0/../../../../arm-none-eabi/lib/thumb/v6-m/nofp/libc_nano.a(libc_a-sbrkr.o)
 .debug_str     0x00001291      0x1d2 /usr/lib/gcc/arm-none-eabi/13.2.0/../../../../arm-none-eabi/lib/thumb/v6-m/nofp/libc_nano.a(libc_a-memchr-stub.o)
 .debug_str     0x00001291      0x54e /usr/lib/gcc/arm-none-eabi/13.2.0/../../../../arm-none-eabi/lib/thumb/v6-m/nofp/libc_nano.a(libc_a-reallocr.o)
 .debug_str     0x00001291      0x521 /usr/lib/gcc/arm-none-eabi/13.2.0/../../../../arm-none-eabi/lib/thumb/v6-m/nofp/libc_nano.a(libc_a-msizer.o)
 .debug_str     0x00001291       0xb4 /usr/lib/gcc/arm-none-eabi/13.2.0/thumb/v6-m/nofp/libgcc.a(_thumb1_case_shi.o)
 .debug_str     0x00001291       0xb9 /usr/lib/gcc/arm-none-eabi/13.2.0/thumb/v6-m/nofp/libgcc.a(_udivsi3.o)
 .debug_str     0x00001291       0xba /usr/lib/gcc/arm-none-eabi/13.2.0/thumb/v6-m/nofp/libgcc.a(_dvmd_tls.o)

.debug_frame    0x00000000      0x534
 .debug_frame   0x00000000      0x138 /usr/lib/gcc/arm-none-eabi/13.2.0/../../../../arm-none-eabi/lib/thumb/v6-m/nofp/libc_nano.a(libc_a-findfp.o)
 .debug_frame   0x00000138       0x40 /usr/lib/gcc/arm-none-eabi/13.2.0/../../../../arm-none-eabi/lib/thumb/v6-m/nofp/libc_nano.a(libc_a-vsprintf.o)
 .debug_frame   0x00000178       0x28 /usr/lib/gcc/arm-none-eabi/13.2.0/../../../../arm-none-eabi/lib/thumb/v6-m/nofp/libc_nano.a(libc_a-memmove.o)
 .debug_frame   0x000001a0       0x2c /usr/lib/gcc/arm-none-eabi/13.2.0/../../../../arm-none-eabi/lib/thumb/v6-m/nofp/libc_nano.a(libc_a-reent.o)
 .debug_frame   0x000001cc       0x2c /usr/lib/gcc/arm-none-eabi/13.2.0/../../../../arm-none-eabi/lib/thumb/v6-m/nofp/libc_nano.a(libc_a-init.o)
 .debug_frame   0x000001f8       0xb0 /usr/lib/gcc/arm-none-eabi/13.2.0/../../../../arm-none-eabi/lib/thumb/v6-m/nofp/libc_nano.a(libc_a-lock.o)
 .debug_frame   0x000002a8       0x28 /usr/lib/gcc/arm-none-eabi/13.2.0/../../../../arm-none-eabi/lib/thumb/v6-m/nofp/libc_nano.a(libc_a-memcpy-stub.o)
 .debug_frame   0x000002d0       0x2c /usr/lib/gcc/arm-none-eabi/13.2.0/../../../../arm-none-eabi/lib/thumb/v6-m/nofp/libc_nano.a(libc_a-freer.o)
 .debug_frame   0x000002fc       0x50 /usr/lib/gcc/arm-none-eabi/13.2.0/../../../../arm-none-eabi/lib/thumb/v6-m/nofp/libc_nano.a(libc_a-mallocr.o)
 .debug_frame   0x0000034c       0x40 /usr/lib/gcc/arm-none-eabi/13.2.0/../../../../arm-none-eabi/lib/thumb/v6-m/nofp/libc_nano.a(libc_a-mlock.o)
 .debug_frame   0x0000038c       0x74 /usr/lib/gcc/arm-none-eabi/13.2.0/../../../../arm-none-eabi/lib/thumb/v6-m/nofp/libc_nano.a(libc_a-nano-svfprintf.o)
 .debug_frame   0x00000400       0x54 /usr/lib/gcc/arm-none-eabi/13.2.0/../../../../arm-none-eabi/lib/thumb/v6-m/nofp/libc_nano.a(libc_a-nano-vfprintf_i.o)
 .debug_frame   0x00000454       0x2c /usr/lib/gcc/arm-none-eabi/13.2.0/../../../../arm-none-eabi/lib/thumb/v6-m/nofp/libc_nano.a(libc_a-sbrkr.o)
 .debug_frame   0x00000480       0x20 /usr/lib/gcc/arm-none-eabi/13.2.0/../../../../arm-none-eabi/lib/thumb/v6-m/nofp/libc_nano.a(libc_a-memchr-stub.o)
 .debug_frame   0x000004a0       0x34 /usr/lib/gcc/arm-none-eabi/13.2.0/../../../../arm-none-eabi/lib/thumb/v6-m/nofp/libc_nano.a(libc_a-reallocr.o)
 .debug_frame   0x000004d4       0x20 /usr/lib/gcc/arm-none-eabi/13.2.0/../../../../arm-none-eabi/lib/thumb/v6-m/nofp/libc_nano.a(libc_a-msizer.o)
 .debug_frame   0x000004f4       0x20 /usr/lib/gcc/arm-none-eabi/13.2.0/../../../../arm-none-eabi/lib/thumb/v6-m/nofp/libnosys.a(sbrk.o)
 .debug_frame   0x00000514       0x20 /usr/lib/gcc/arm-none-eabi/13.2.0/thumb/v6-m/nofp/libgcc.a(_udivsi3.o)

.debug_line_str
                0x00000000      0x135
 .debug_line_str
                0x00000000      0x135 /usr/lib/gcc/arm-none-eabi/13.2.0/../../../../arm-none-eabi/lib/thumb/v6-m/nofp/libc_nano.a(libc_a-strlen.o)
                                 0xa3 (size before relaxing)
 .debug_line_str
                0x00000135       0x92 /usr/lib/gcc/arm-none-eabi/13.2.0/thumb/v6-m/nofp/libgcc.a(_thumb1_case_shi.o)
 .debug_line_str
                0x00000135       0x92 /usr/lib/gcc/arm-none-eabi/13.2.0/thumb/v6-m/nofp/libgcc.a(_udivsi3.o)
 .debug_line_str
                0x00000135       0x92 /usr/lib/gcc/arm-none-eabi/13.2.0/thumb/v6-m/nofp/libgcc.a(_dvmd_tls.o)

Cross Reference Table

Symbol                                            File
ADC1_COMP_IRQHandler                              build/startup_stm32l071xx.o
AES_CMAC_Final                                    lbm/build/basic_modem.a(cmac.o)
                                                  lbm/build/basic_modem.a(soft_se.o)
AES_CMAC_Init                                     lbm/build/basic_modem.a(cmac.o)
                                                  lbm/build/basic_modem.a(soft_se.o)
AES_CMAC_SetKey                                   lbm/build/basic_modem.a(cmac.o)
                                                  lbm/build/basic_modem.a(soft_se.o)
AES_CMAC_Update                                   lbm/build/basic_modem.a(cmac.o)
                                                  lbm/build/basic_modem.a(soft_se.o)
AHBPrescTable                                     build/system_stm32l0xx.o
                                                  build/stm32l0xx_hal_rcc.o
APBPrescTable                                     build/system_stm32l0xx.o
                                                  build/stm32l0xx_hal_rcc.o
DMA1_Channel1_IRQHandler                          build/startup_stm32l071xx.o
DMA1_Channel2_3_IRQHandler                        build/startup_stm32l071xx.o
DMA1_Channel4_5_6_7_IRQHandler                    build/smtc_hal_uart.o
Default_Handler                                   build/startup_stm32l071xx.o
EXTI0_1_IRQHandler                                build/smtc_hal_gpio.o
EXTI2_3_IRQHandler                                build/smtc_hal_gpio.o
EXTI4_15_IRQHandler                               build/smtc_hal_gpio.o
FLASH_IRQHandler                                  build/startup_stm32l071xx.o
FLASH_PageErase                                   build/stm32l0xx_hal_flash_ex.o
                                                  build/stm32l0xx_hal_flash.o
FLASH_WaitForLastOperation                        build/stm32l0xx_hal_flash.o
                                                  build/stm32l0xx_hal_flash_ex.o
HAL_ADCEx_Calibration_GetValue                    build/stm32l0xx_hal_adc_ex.o
HAL_ADCEx_Calibration_SetValue                    build/stm32l0xx_hal_adc_ex.o
HAL_ADCEx_Calibration_Start                       build/stm32l0xx_hal_adc_ex.o
                                                  build/smtc_hal_adc.o
HAL_ADCEx_DisableVREFINT                          build/stm32l0xx_hal_adc_ex.o
HAL_ADCEx_DisableVREFINTTempSensor                build/stm32l0xx_hal_adc_ex.o
HAL_ADCEx_EnableVREFINT                           build/stm32l0xx_hal_adc_ex.o
HAL_ADCEx_EnableVREFINTTempSensor                 build/stm32l0xx_hal_adc_ex.o
HAL_ADC_AnalogWDGConfig                           build/stm32l0xx_hal_adc.o
HAL_ADC_ConfigChannel                             build/stm32l0xx_hal_adc.o
                                                  build/smtc_hal_adc.o
HAL_ADC_ConvCpltCallback                          build/stm32l0xx_hal_adc.o
HAL_ADC_ConvHalfCpltCallback                      build/stm32l0xx_hal_adc.o
HAL_ADC_DeInit                                    build/stm32l0xx_hal_adc.o
                                                  build/smtc_hal_adc.o
HAL_ADC_ErrorCallback                             build/stm32l0xx_hal_adc.o
HAL_ADC_GetError                                  build/stm32l0xx_hal_adc.o
HAL_ADC_GetState                                  build/stm32l0xx_hal_adc.o
                                                  build/smtc_hal_adc.o
HAL_ADC_GetValue                                  build/stm32l0xx_hal_adc.o
                                                  build/smtc_hal_adc.o
HAL_ADC_IRQHandler                                build/stm32l0xx_hal_adc.o
HAL_ADC_Init                                      build/stm32l0xx_hal_adc.o
                                                  build/smtc_hal_adc.o
HAL_ADC_LevelOutOfWindowCallback                  build/stm32l0xx_hal_adc.o
HAL_ADC_MspDeInit                                 build/smtc_hal_adc.o
                                                  build/stm32l0xx_hal_adc.o
HAL_ADC_MspInit                                   build/smtc_hal_adc.o
                                                  build/stm32l0xx_hal_adc.o
HAL_ADC_PollForConversion                         build/stm32l0xx_hal_adc.o
                                                  build/smtc_hal_adc.o
HAL_ADC_PollForEvent                              build/stm32l0xx_hal_adc.o
HAL_ADC_Start                                     build/stm32l0xx_hal_adc.o
                                                  build/smtc_hal_adc.o
HAL_ADC_Start_DMA                                 build/stm32l0xx_hal_adc.o
HAL_ADC_Start_IT                                  build/stm32l0xx_hal_adc.o
HAL_ADC_Stop                                      build/stm32l0xx_hal_adc.o
                                                  build/smtc_hal_adc.o
HAL_ADC_Stop_DMA                                  build/stm32l0xx_hal_adc.o
HAL_ADC_Stop_IT                                   build/stm32l0xx_hal_adc.o
HAL_DBGMCU_DBG_DisableLowPowerConfig              build/stm32l0xx_hal.o
HAL_DBGMCU_DBG_EnableLowPowerConfig               build/stm32l0xx_hal.o
HAL_DBGMCU_DisableDBGSleepMode                    build/stm32l0xx_hal.o
HAL_DBGMCU_DisableDBGStandbyMode                  build/stm32l0xx_hal.o
HAL_DBGMCU_DisableDBGStopMode                     build/stm32l0xx_hal.o
HAL_DBGMCU_EnableDBGSleepMode                     build/stm32l0xx_hal.o
HAL_DBGMCU_EnableDBGStandbyMode                   build/stm32l0xx_hal.o
HAL_DBGMCU_EnableDBGStopMode                      build/stm32l0xx_hal.o
HAL_DMA_Abort                                     build/stm32l0xx_hal_dma.o
                                                  build/stm32l0xx_hal_adc.o
                                                  build/stm32l0xx_hal_uart.o
                                                  build/stm32l0xx_hal_spi.o
HAL_DMA_Abort_IT                                  build/stm32l0xx_hal_dma.o
                                                  build/stm32l0xx_hal_uart.o
                                                  build/stm32l0xx_hal_spi.o
                                                  build/stm32l0xx_hal_i2c.o
HAL_DMA_DeInit                                    build/stm32l0xx_hal_dma.o
                                                  build/smtc_hal_uart.o
HAL_DMA_GetError                                  build/stm32l0xx_hal_dma.o
                                                  build/stm32l0xx_hal_uart.o
HAL_DMA_GetState                                  build/stm32l0xx_hal_dma.o
                                                  build/stm32l0xx_hal_i2c.o
HAL_DMA_IRQHandler                                build/stm32l0xx_hal_dma.o
                                                  build/smtc_hal_uart.o
HAL_DMA_Init                                      build/stm32l0xx_hal_dma.o
                                                  build/smtc_hal_uart.o
HAL_DMA_PollForTransfer                           build/stm32l0xx_hal_dma.o
HAL_DMA_RegisterCallback                          build/stm32l0xx_hal_dma.o
HAL_DMA_Start                                     build/stm32l0xx_hal_dma.o
HAL_DMA_Start_IT                                  build/stm32l0xx_hal_dma.o
                                                  build/stm32l0xx_hal_adc.o
                                                  build/stm32l0xx_hal_uart.o
                                                  build/stm32l0xx_hal_spi.o
                                                  build/stm32l0xx_hal_i2c.o
HAL_DMA_UnRegisterCallback                        build/stm32l0xx_hal_dma.o
HAL_DeInit                                        build/stm32l0xx_hal.o
HAL_Delay                                         build/stm32l0xx_hal.o
                                                  build/smtc_hal_mcu.o
HAL_FLASHEx_AdvOBGetConfig                        build/stm32l0xx_hal_flash_ex.o
HAL_FLASHEx_AdvOBProgram                          build/stm32l0xx_hal_flash_ex.o
HAL_FLASHEx_DATAEEPROM_DisableFixedTimeProgram    build/stm32l0xx_hal_flash_ex.o
HAL_FLASHEx_DATAEEPROM_EnableFixedTimeProgram     build/stm32l0xx_hal_flash_ex.o
HAL_FLASHEx_DATAEEPROM_Erase                      build/stm32l0xx_hal_flash_ex.o
HAL_FLASHEx_DATAEEPROM_Lock                       build/stm32l0xx_hal_flash_ex.o
                                                  build/smtc_hal_eeprom.o
HAL_FLASHEx_DATAEEPROM_Program                    build/stm32l0xx_hal_flash_ex.o
HAL_FLASHEx_DATAEEPROM_Unlock                     build/stm32l0xx_hal_flash_ex.o
                                                  build/smtc_hal_eeprom.o
HAL_FLASHEx_DisableRunPowerDown                   build/stm32l0xx_hal_flash_ramfunc.o
HAL_FLASHEx_EnableRunPowerDown                    build/stm32l0xx_hal_flash_ramfunc.o
HAL_FLASHEx_Erase                                 build/stm32l0xx_hal_flash_ex.o
HAL_FLASHEx_EraseParallelPage                     build/stm32l0xx_hal_flash_ramfunc.o
HAL_FLASHEx_Erase_IT                              build/stm32l0xx_hal_flash_ex.o
HAL_FLASHEx_GetError                              build/stm32l0xx_hal_flash_ramfunc.o
HAL_FLASHEx_HalfPageProgram                       build/stm32l0xx_hal_flash_ramfunc.o
HAL_FLASHEx_OBGetConfig                           build/stm32l0xx_hal_flash_ex.o
HAL_FLASHEx_OBProgram                             build/stm32l0xx_hal_flash_ex.o
HAL_FLASHEx_OB_DeSelectPCROP                      build/stm32l0xx_hal_flash_ex.o
HAL_FLASHEx_OB_SelectPCROP                        build/stm32l0xx_hal_flash_ex.o
HAL_FLASHEx_ProgramParallelHalfPage               build/stm32l0xx_hal_flash_ramfunc.o
HAL_FLASH_EndOfOperationCallback                  build/stm32l0xx_hal_flash.o
HAL_FLASH_GetError                                build/stm32l0xx_hal_flash.o
HAL_FLASH_IRQHandler                              build/stm32l0xx_hal_flash.o
HAL_FLASH_Lock                                    build/stm32l0xx_hal_flash.o
HAL_FLASH_OB_Launch                               build/stm32l0xx_hal_flash.o
HAL_FLASH_OB_Lock                                 build/stm32l0xx_hal_flash.o
HAL_FLASH_OB_Unlock                               build/stm32l0xx_hal_flash.o
HAL_FLASH_OperationErrorCallback                  build/stm32l0xx_hal_flash.o
HAL_FLASH_Program                                 build/stm32l0xx_hal_flash.o
HAL_FLASH_Program_IT                              build/stm32l0xx_hal_flash.o
HAL_FLASH_Unlock                                  build/stm32l0xx_hal_flash.o
HAL_GPIO_DeInit                                   build/stm32l0xx_hal_gpio.o
                                                  build/smtc_hal_i2c.o
                                                  build/smtc_hal_uart.o
HAL_GPIO_EXTI_Callback                            build/smtc_hal_gpio.o
                                                  build/stm32l0xx_hal_gpio.o
HAL_GPIO_EXTI_IRQHandler                          build/stm32l0xx_hal_gpio.o
                                                  build/smtc_hal_gpio.o
HAL_GPIO_Init                                     build/stm32l0xx_hal_gpio.o
                                                  build/smtc_hal_i2c.o
                                                  build/smtc_hal_uart.o
                                                  build/smtc_hal_spi.o
                                                  build/smtc_hal_gpio.o
                                                  build/stm32l0xx_hal_rcc.o
HAL_GPIO_LockPin                                  build/stm32l0xx_hal_gpio.o
HAL_GPIO_ReadPin                                  build/stm32l0xx_hal_gpio.o
                                                  build/smtc_hal_gpio.o
HAL_GPIO_TogglePin                                build/stm32l0xx_hal_gpio.o
HAL_GPIO_WritePin                                 build/stm32l0xx_hal_gpio.o
                                                  build/smtc_hal_gpio.o
HAL_GetDEVID                                      build/stm32l0xx_hal.o
HAL_GetHalVersion                                 build/stm32l0xx_hal.o
HAL_GetREVID                                      build/stm32l0xx_hal.o
HAL_GetTick                                       build/stm32l0xx_hal.o
                                                  build/stm32l0xx_hal_adc_ex.o
                                                  build/stm32l0xx_hal_adc.o
                                                  build/stm32l0xx_hal_dma.o
                                                  build/stm32l0xx_hal_flash.o
                                                  build/stm32l0xx_hal_rcc_ex.o
                                                  build/stm32l0xx_hal_rcc.o
                                                  build/stm32l0xx_hal_iwdg.o
                                                  build/stm32l0xx_hal_uart_ex.o
                                                  build/stm32l0xx_hal_uart.o
                                                  build/stm32l0xx_hal_spi.o
                                                  build/stm32l0xx_hal_rtc_ex.o
                                                  build/stm32l0xx_hal_rtc.o
                                                  build/stm32l0xx_hal_i2c.o
HAL_GetTickFreq                                   build/stm32l0xx_hal.o
HAL_GetTickPrio                                   build/stm32l0xx_hal.o
HAL_GetUIDw0                                      build/stm32l0xx_hal.o
HAL_GetUIDw1                                      build/stm32l0xx_hal.o
HAL_GetUIDw2                                      build/stm32l0xx_hal.o
HAL_HalfDuplex_EnableReceiver                     build/stm32l0xx_hal_uart.o
HAL_HalfDuplex_EnableTransmitter                  build/stm32l0xx_hal_uart.o
HAL_HalfDuplex_Init                               build/stm32l0xx_hal_uart.o
HAL_I2CEx_ConfigAnalogFilter                      build/stm32l0xx_hal_i2c_ex.o
                                                  build/smtc_hal_i2c.o
HAL_I2CEx_ConfigDigitalFilter                     build/stm32l0xx_hal_i2c_ex.o
                                                  build/smtc_hal_i2c.o
HAL_I2CEx_DisableFastModePlus                     build/stm32l0xx_hal_i2c_ex.o
HAL_I2CEx_DisableWakeUp                           build/stm32l0xx_hal_i2c_ex.o
HAL_I2CEx_EnableFastModePlus                      build/stm32l0xx_hal_i2c_ex.o
HAL_I2CEx_EnableWakeUp                            build/stm32l0xx_hal_i2c_ex.o
HAL_I2C_AbortCpltCallback                         build/stm32l0xx_hal_i2c.o
HAL_I2C_AddrCallback                              build/stm32l0xx_hal_i2c.o
HAL_I2C_DeInit                                    build/stm32l0xx_hal_i2c.o
                                                  build/smtc_hal_i2c.o
HAL_I2C_DisableListen_IT                          build/stm32l0xx_hal_i2c.o
HAL_I2C_ER_IRQHandler                             build/stm32l0xx_hal_i2c.o
HAL_I2C_EV_IRQHandler                             build/stm32l0xx_hal_i2c.o
HAL_I2C_EnableListen_IT                           build/stm32l0xx_hal_i2c.o
HAL_I2C_ErrorCallback                             build/stm32l0xx_hal_i2c.o
HAL_I2C_GetError                                  build/stm32l0xx_hal_i2c.o
HAL_I2C_GetMode                                   build/stm32l0xx_hal_i2c.o
HAL_I2C_GetState                                  build/stm32l0xx_hal_i2c.o
HAL_I2C_Init                                      build/stm32l0xx_hal_i2c.o
                                                  build/smtc_hal_i2c.o
HAL_I2C_IsDeviceReady                             build/stm32l0xx_hal_i2c.o
HAL_I2C_ListenCpltCallback                        build/stm32l0xx_hal_i2c.o
HAL_I2C_MasterRxCpltCallback                      build/stm32l0xx_hal_i2c.o
HAL_I2C_MasterTxCpltCallback                      build/stm32l0xx_hal_i2c.o
HAL_I2C_Master_Abort_IT                           build/stm32l0xx_hal_i2c.o
HAL_I2C_Master_Receive                            build/stm32l0xx_hal_i2c.o
HAL_I2C_Master_Receive_DMA                        build/stm32l0xx_hal_i2c.o
HAL_I2C_Master_Receive_IT                         build/stm32l0xx_hal_i2c.o
HAL_I2C_Master_Seq_Receive_DMA                    build/stm32l0xx_hal_i2c.o
HAL_I2C_Master_Seq_Receive_IT                     build/stm32l0xx_hal_i2c.o
HAL_I2C_Master_Seq_Transmit_DMA                   build/stm32l0xx_hal_i2c.o
HAL_I2C_Master_Seq_Transmit_IT                    build/stm32l0xx_hal_i2c.o
HAL_I2C_Master_Transmit                           build/stm32l0xx_hal_i2c.o
HAL_I2C_Master_Transmit_DMA                       build/stm32l0xx_hal_i2c.o
HAL_I2C_Master_Transmit_IT                        build/stm32l0xx_hal_i2c.o
HAL_I2C_MemRxCpltCallback                         build/stm32l0xx_hal_i2c.o
HAL_I2C_MemTxCpltCallback                         build/stm32l0xx_hal_i2c.o
HAL_I2C_Mem_Read                                  build/stm32l0xx_hal_i2c.o
                                                  build/smtc_hal_i2c.o
HAL_I2C_Mem_Read_DMA                              build/stm32l0xx_hal_i2c.o
HAL_I2C_Mem_Read_IT                               build/stm32l0xx_hal_i2c.o
HAL_I2C_Mem_Write                                 build/stm32l0xx_hal_i2c.o
                                                  build/smtc_hal_i2c.o
HAL_I2C_Mem_Write_DMA                             build/stm32l0xx_hal_i2c.o
HAL_I2C_Mem_Write_IT                              build/stm32l0xx_hal_i2c.o
HAL_I2C_MspDeInit                                 build/smtc_hal_i2c.o
                                                  build/stm32l0xx_hal_i2c.o
HAL_I2C_MspInit                                   build/smtc_hal_i2c.o
                                                  build/stm32l0xx_hal_i2c.o
HAL_I2C_SlaveRxCpltCallback                       build/stm32l0xx_hal_i2c.o
HAL_I2C_SlaveTxCpltCallback                       build/stm32l0xx_hal_i2c.o
HAL_I2C_Slave_Receive                             build/stm32l0xx_hal_i2c.o
HAL_I2C_Slave_Receive_DMA                         build/stm32l0xx_hal_i2c.o
HAL_I2C_Slave_Receive_IT                          build/stm32l0xx_hal_i2c.o
HAL_I2C_Slave_Seq_Receive_DMA                     build/stm32l0xx_hal_i2c.o
HAL_I2C_Slave_Seq_Receive_IT                      build/stm32l0xx_hal_i2c.o
HAL_I2C_Slave_Seq_Transmit_DMA                    build/stm32l0xx_hal_i2c.o
HAL_I2C_Slave_Seq_Transmit_IT                     build/stm32l0xx_hal_i2c.o
HAL_I2C_Slave_Transmit                            build/stm32l0xx_hal_i2c.o
HAL_I2C_Slave_Transmit_DMA                        build/stm32l0xx_hal_i2c.o
HAL_I2C_Slave_Transmit_IT                         build/stm32l0xx_hal_i2c.o
HAL_IWDG_Init                                     build/stm32l0xx_hal_iwdg.o
                                                  build/smtc_hal_watchdog.o
HAL_IWDG_Refresh                                  build/stm32l0xx_hal_iwdg.o
                                                  build/smtc_hal_watchdog.o
HAL_IncTick                                       build/stm32l0xx_hal.o
                                                  build/smtc_hal_mcu.o
HAL_Init                                          build/stm32l0xx_hal.o
                                                  build/smtc_hal_mcu.o
HAL_InitTick                                      build/stm32l0xx_hal.o
                                                  build/stm32l0xx_hal_rcc.o
HAL_LIN_Init                                      build/stm32l0xx_hal_uart.o
HAL_LIN_SendBreak                                 build/stm32l0xx_hal_uart.o
HAL_LPTIM_AutoReloadMatchCallback                 build/stm32l0xx_hal_lptim.o
HAL_LPTIM_AutoReloadWriteCallback                 build/stm32l0xx_hal_lptim.o
HAL_LPTIM_CompareMatchCallback                    build/stm32l0xx_hal_lptim.o
HAL_LPTIM_CompareWriteCallback                    build/stm32l0xx_hal_lptim.o
HAL_LPTIM_Counter_Start                           build/stm32l0xx_hal_lptim.o
HAL_LPTIM_Counter_Start_IT                        build/stm32l0xx_hal_lptim.o
HAL_LPTIM_Counter_Stop                            build/stm32l0xx_hal_lptim.o
HAL_LPTIM_Counter_Stop_IT                         build/stm32l0xx_hal_lptim.o
HAL_LPTIM_DeInit                                  build/stm32l0xx_hal_lptim.o
HAL_LPTIM_DirectionDownCallback                   build/stm32l0xx_hal_lptim.o
HAL_LPTIM_DirectionUpCallback                     build/stm32l0xx_hal_lptim.o
HAL_LPTIM_Encoder_Start                           build/stm32l0xx_hal_lptim.o
HAL_LPTIM_Encoder_Start_IT                        build/stm32l0xx_hal_lptim.o
HAL_LPTIM_Encoder_Stop                            build/stm32l0xx_hal_lptim.o
HAL_LPTIM_Encoder_Stop_IT                         build/stm32l0xx_hal_lptim.o
HAL_LPTIM_GetState                                build/stm32l0xx_hal_lptim.o
HAL_LPTIM_IRQHandler                              build/stm32l0xx_hal_lptim.o
                                                  build/smtc_hal_lp_timer.o
HAL_LPTIM_Init                                    build/stm32l0xx_hal_lptim.o
                                                  build/smtc_hal_lp_timer.o
HAL_LPTIM_MspDeInit                               build/smtc_hal_lp_timer.o
                                                  build/stm32l0xx_hal_lptim.o
HAL_LPTIM_MspInit                                 build/smtc_hal_lp_timer.o
                                                  build/stm32l0xx_hal_lptim.o
HAL_LPTIM_OnePulse_Start                          build/stm32l0xx_hal_lptim.o
HAL_LPTIM_OnePulse_Start_IT                       build/stm32l0xx_hal_lptim.o
HAL_LPTIM_OnePulse_Stop                           build/stm32l0xx_hal_lptim.o
HAL_LPTIM_OnePulse_Stop_IT                        build/stm32l0xx_hal_lptim.o
HAL_LPTIM_PWM_Start                               build/stm32l0xx_hal_lptim.o
HAL_LPTIM_PWM_Start_IT                            build/stm32l0xx_hal_lptim.o
HAL_LPTIM_PWM_Stop                                build/stm32l0xx_hal_lptim.o
HAL_LPTIM_PWM_Stop_IT                             build/stm32l0xx_hal_lptim.o
HAL_LPTIM_ReadAutoReload                          build/stm32l0xx_hal_lptim.o
HAL_LPTIM_ReadCompare                             build/stm32l0xx_hal_lptim.o
HAL_LPTIM_ReadCounter                             build/stm32l0xx_hal_lptim.o
HAL_LPTIM_SetOnce_Start                           build/stm32l0xx_hal_lptim.o
HAL_LPTIM_SetOnce_Start_IT                        build/stm32l0xx_hal_lptim.o
HAL_LPTIM_SetOnce_Stop                            build/stm32l0xx_hal_lptim.o
HAL_LPTIM_SetOnce_Stop_IT                         build/stm32l0xx_hal_lptim.o
HAL_LPTIM_TimeOut_Start                           build/stm32l0xx_hal_lptim.o
HAL_LPTIM_TimeOut_Start_IT                        build/stm32l0xx_hal_lptim.o
                                                  build/smtc_hal_lp_timer.o
HAL_LPTIM_TimeOut_Stop                            build/stm32l0xx_hal_lptim.o
                                                  build/smtc_hal_lp_timer.o
HAL_LPTIM_TimeOut_Stop_IT                         build/stm32l0xx_hal_lptim.o
                                                  build/smtc_hal_lp_timer.o
HAL_LPTIM_TriggerCallback                         build/stm32l0xx_hal_lptim.o
HAL_MPU_ConfigRegion                              build/stm32l0xx_hal_cortex.o
HAL_MPU_Disable                                   build/stm32l0xx_hal_cortex.o
HAL_MPU_Enable                                    build/stm32l0xx_hal_cortex.o
HAL_MspDeInit                                     build/stm32l0xx_hal.o
HAL_MspInit                                       build/smtc_hal_mcu.o
                                                  build/stm32l0xx_hal.o
HAL_MultiProcessorEx_AddressLength_Set            build/stm32l0xx_hal_uart_ex.o
HAL_MultiProcessor_DisableMuteMode                build/stm32l0xx_hal_uart.o
HAL_MultiProcessor_EnableMuteMode                 build/stm32l0xx_hal_uart.o
HAL_MultiProcessor_EnterMuteMode                  build/stm32l0xx_hal_uart.o
HAL_MultiProcessor_Init                           build/stm32l0xx_hal_uart.o
HAL_NVIC_ClearPendingIRQ                          build/stm32l0xx_hal_cortex.o
HAL_NVIC_DisableIRQ                               build/stm32l0xx_hal_cortex.o
                                                  build/smtc_hal_uart.o
                                                  build/smtc_hal_lp_timer.o
                                                  build/smtc_hal_rtc.o
                                                  build/smtc_hal_gpio.o
HAL_NVIC_EnableIRQ                                build/stm32l0xx_hal_cortex.o
                                                  build/smtc_hal_uart.o
                                                  build/smtc_hal_lp_timer.o
                                                  build/smtc_hal_rtc.o
                                                  build/smtc_hal_gpio.o
HAL_NVIC_GetPendingIRQ                            build/stm32l0xx_hal_cortex.o
HAL_NVIC_GetPriority                              build/stm32l0xx_hal_cortex.o
HAL_NVIC_SetPendingIRQ                            build/stm32l0xx_hal_cortex.o
HAL_NVIC_SetPriority                              build/stm32l0xx_hal_cortex.o
                                                  build/smtc_hal_uart.o
                                                  build/smtc_hal_lp_timer.o
                                                  build/smtc_hal_rtc.o
                                                  build/smtc_hal_mcu.o
                                                  build/smtc_hal_gpio.o
                                                  build/stm32l0xx_hal.o
HAL_NVIC_SystemReset                              build/stm32l0xx_hal_cortex.o
HAL_PWREx_DisableFastWakeUp                       build/stm32l0xx_hal_pwr_ex.o
HAL_PWREx_DisableLowPowerRunMode                  build/stm32l0xx_hal_pwr_ex.o
HAL_PWREx_DisableUltraLowPower                    build/stm32l0xx_hal_pwr_ex.o
HAL_PWREx_EnableFastWakeUp                        build/stm32l0xx_hal_pwr_ex.o
HAL_PWREx_EnableLowPowerRunMode                   build/stm32l0xx_hal_pwr_ex.o
HAL_PWREx_EnableUltraLowPower                     build/stm32l0xx_hal_pwr_ex.o
HAL_PWREx_GetVoltageRange                         build/stm32l0xx_hal_pwr_ex.o
HAL_PWR_ConfigPVD                                 build/stm32l0xx_hal_pwr.o
HAL_PWR_DeInit                                    build/stm32l0xx_hal_pwr.o
HAL_PWR_DisableBkUpAccess                         build/stm32l0xx_hal_pwr.o
HAL_PWR_DisablePVD                                build/stm32l0xx_hal_pwr.o
HAL_PWR_DisableSEVOnPend                          build/stm32l0xx_hal_pwr.o
HAL_PWR_DisableSleepOnExit                        build/stm32l0xx_hal_pwr.o
HAL_PWR_DisableWakeUpPin                          build/stm32l0xx_hal_pwr.o
HAL_PWR_EnableBkUpAccess                          build/stm32l0xx_hal_pwr.o
                                                  build/smtc_hal_mcu.o
HAL_PWR_EnablePVD                                 build/stm32l0xx_hal_pwr.o
HAL_PWR_EnableSEVOnPend                           build/stm32l0xx_hal_pwr.o
HAL_PWR_EnableSleepOnExit                         build/stm32l0xx_hal_pwr.o
HAL_PWR_EnableWakeUpPin                           build/stm32l0xx_hal_pwr.o
HAL_PWR_EnterSLEEPMode                            build/stm32l0xx_hal_pwr.o
HAL_PWR_EnterSTANDBYMode                          build/stm32l0xx_hal_pwr.o
HAL_PWR_EnterSTOPMode                             build/stm32l0xx_hal_pwr.o
                                                  build/smtc_hal_mcu.o
HAL_PWR_PVDCallback                               build/stm32l0xx_hal_pwr.o
HAL_PWR_PVD_IRQHandler                            build/stm32l0xx_hal_pwr.o
HAL_RCCEx_DisableLSECSS                           build/stm32l0xx_hal_rcc_ex.o
HAL_RCCEx_EnableLSECSS                            build/stm32l0xx_hal_rcc_ex.o
HAL_RCCEx_EnableLSECSS_IT                         build/stm32l0xx_hal_rcc_ex.o
HAL_RCCEx_GetPeriphCLKConfig                      build/stm32l0xx_hal_rcc_ex.o
HAL_RCCEx_GetPeriphCLKFreq                        build/stm32l0xx_hal_rcc_ex.o
HAL_RCCEx_LSECSS_Callback                         build/stm32l0xx_hal_rcc_ex.o
HAL_RCCEx_LSECSS_IRQHandler                       build/stm32l0xx_hal_rcc_ex.o
HAL_RCCEx_PeriphCLKConfig                         build/stm32l0xx_hal_rcc_ex.o
                                                  build/smtc_hal_mcu.o
HAL_RCC_CSSCallback                               build/stm32l0xx_hal_rcc.o
HAL_RCC_ClockConfig                               build/stm32l0xx_hal_rcc.o
                                                  build/smtc_hal_mcu.o
HAL_RCC_DeInit                                    build/stm32l0xx_hal_rcc.o
HAL_RCC_EnableCSS                                 build/stm32l0xx_hal_rcc.o
HAL_RCC_GetClockConfig                            build/stm32l0xx_hal_rcc.o
                                                  build/smtc_hal_mcu.o
HAL_RCC_GetHCLKFreq                               build/stm32l0xx_hal_rcc.o
HAL_RCC_GetOscConfig                              build/stm32l0xx_hal_rcc.o
                                                  build/smtc_hal_mcu.o
HAL_RCC_GetPCLK1Freq                              build/stm32l0xx_hal_rcc.o
                                                  build/stm32l0xx_hal_rcc_ex.o
                                                  build/stm32l0xx_hal_uart.o
HAL_RCC_GetPCLK2Freq                              build/stm32l0xx_hal_rcc.o
                                                  build/stm32l0xx_hal_rcc_ex.o
                                                  build/stm32l0xx_hal_uart.o
HAL_RCC_GetSysClockFreq                           build/stm32l0xx_hal_rcc.o
                                                  build/stm32l0xx_hal_rcc_ex.o
                                                  build/stm32l0xx_hal_uart.o
HAL_RCC_MCOConfig                                 build/stm32l0xx_hal_rcc.o
HAL_RCC_NMI_IRQHandler                            build/stm32l0xx_hal_rcc.o
HAL_RCC_OscConfig                                 build/stm32l0xx_hal_rcc.o
                                                  build/smtc_hal_mcu.o
HAL_RS485Ex_Init                                  build/stm32l0xx_hal_uart_ex.o
HAL_RTCEx_AlarmBEventCallback                     build/stm32l0xx_hal_rtc_ex.o
                                                  build/stm32l0xx_hal_rtc.o
HAL_RTCEx_BKUPRead                                build/stm32l0xx_hal_rtc_ex.o
HAL_RTCEx_BKUPWrite                               build/stm32l0xx_hal_rtc_ex.o
HAL_RTCEx_DeactivateCalibrationOutPut             build/stm32l0xx_hal_rtc_ex.o