extensions/drivers/bachelor/functions.c:25:6:printCayenneLPPBuffer	16	static
extensions/drivers/bachelor/functions.c:33:6:sendLoRaWANPacket	16	static
extensions/drivers/bachelor/functions.c:41:6:sendData	64	static
extensions/drivers/bachelor/functions.c:53:6:wateralarm	56	static
extensions/drivers/bachelor/functions.c:63:6:dooralarm	56	static
extensions/drivers/bachelor/functions.c:73:7:GETtemperature	16	static
extensions/drivers/bachelor/functions.c:86:7:GETvoltage	24	static
extensions/drivers/bachelor/functions.c:12:6:sensor_read	8	static
