bsp_l0/smtc_hal/smtc_hal_i2c.c:122:6:hal_i2c_init	16	static
bsp_l0/smtc_hal/smtc_hal_i2c.c:156:6:hal_i2c_deinit	8	static
bsp_l0/smtc_hal/smtc_hal_i2c.c:183:6:HAL_I2C_MspInit	48	static
bsp_l0/smtc_hal/smtc_hal_i2c.c:223:6:HAL_I2C_MspDeInit	16	static
bsp_l0/smtc_hal/smtc_hal_i2c.c:244:9:hal_i2c_write	40	static
bsp_l0/smtc_hal/smtc_hal_i2c.c:248:9:hal_i2c_write_buffer	32	static
bsp_l0/smtc_hal/smtc_hal_i2c.c:253:9:hal_i2c_read	32	static
bsp_l0/smtc_hal/smtc_hal_i2c.c:257:9:hal_i2c_read_buffer	32	static
bsp_l0/smtc_hal/smtc_hal_i2c.c:261:6:hal_i2c_set_addr_size	0	static
