bsp_l0/smtc_modem_hal/smtc_modem_hal.c:106:6:smtc_modem_hal_reset_mcu	8	static
bsp_l0/smtc_modem_hal/smtc_modem_hal.c:112:6:smtc_modem_hal_reload_wdog	8	static
bsp_l0/smtc_modem_hal/smtc_modem_hal.c:118:10:smtc_modem_hal_get_time_in_s	8	static
bsp_l0/smtc_modem_hal/smtc_modem_hal.c:122:10:smtc_modem_hal_get_compensated_time_in_s	8	static
bsp_l0/smtc_modem_hal/smtc_modem_hal.c:126:9:smtc_modem_hal_get_time_compensation_in_s	0	static
bsp_l0/smtc_modem_hal/smtc_modem_hal.c:130:10:smtc_modem_hal_get_time_in_ms	8	static
bsp_l0/smtc_modem_hal/smtc_modem_hal.c:134:10:smtc_modem_hal_get_time_in_100us	8	static
bsp_l0/smtc_modem_hal/smtc_modem_hal.c:138:10:smtc_modem_hal_get_radio_irq_timestamp_in_100us	8	static
bsp_l0/smtc_modem_hal/smtc_modem_hal.c:146:6:smtc_modem_hal_start_timer	16	static
bsp_l0/smtc_modem_hal/smtc_modem_hal.c:150:6:smtc_modem_hal_stop_timer	8	static
bsp_l0/smtc_modem_hal/smtc_modem_hal.c:156:6:smtc_modem_hal_disable_modem_irq	8	static
bsp_l0/smtc_modem_hal/smtc_modem_hal.c:161:6:smtc_modem_hal_enable_modem_irq	8	static
bsp_l0/smtc_modem_hal/smtc_modem_hal.c:168:6:smtc_modem_hal_context_restore	8	static
bsp_l0/smtc_modem_hal/smtc_modem_hal.c:192:6:smtc_modem_hal_context_store	8	static
bsp_l0/smtc_modem_hal/smtc_modem_hal.c:218:6:smtc_modem_hal_store_crashlog	8	static
bsp_l0/smtc_modem_hal/smtc_modem_hal.c:222:6:smtc_modem_hal_restore_crashlog	8	static
bsp_l0/smtc_modem_hal/smtc_modem_hal.c:226:6:smtc_modem_hal_set_crashlog_status	0	static
bsp_l0/smtc_modem_hal/smtc_modem_hal.c:230:6:smtc_modem_hal_get_crashlog_status	0	static
bsp_l0/smtc_modem_hal/smtc_modem_hal.c:249:10:smtc_modem_hal_get_random_nb	8	static
bsp_l0/smtc_modem_hal/smtc_modem_hal.c:253:10:smtc_modem_hal_get_random_nb_in_range	8	static
bsp_l0/smtc_modem_hal/smtc_modem_hal.c:257:9:smtc_modem_hal_get_signed_random_nb_in_range	8	static
bsp_l0/smtc_modem_hal/smtc_modem_hal.c:263:6:smtc_modem_hal_irq_config_radio_irq	8	static
bsp_l0/smtc_modem_hal/smtc_modem_hal.c:271:6:smtc_modem_hal_radio_irq_clear_pending	8	static
bsp_l0/smtc_modem_hal/smtc_modem_hal.c:275:6:smtc_modem_hal_start_radio_tcxo	0	static
bsp_l0/smtc_modem_hal/smtc_modem_hal.c:279:6:smtc_modem_hal_stop_radio_tcxo	0	static
bsp_l0/smtc_modem_hal/smtc_modem_hal.c:283:10:smtc_modem_hal_get_radio_tcxo_startup_delay_ms	0	static
bsp_l0/smtc_modem_hal/smtc_modem_hal.c:293:9:smtc_modem_hal_get_battery_level	0	static
bsp_l0/smtc_modem_hal/smtc_modem_hal.c:297:8:smtc_modem_hal_get_temperature	8	static
bsp_l0/smtc_modem_hal/smtc_modem_hal.c:305:9:smtc_modem_hal_get_voltage	8	static
bsp_l0/smtc_modem_hal/smtc_modem_hal.c:315:8:smtc_modem_hal_get_board_delay_ms	0	static
bsp_l0/smtc_modem_hal/smtc_modem_hal.c:321:6:smtc_modem_hal_print_trace	16	static
bsp_l0/smtc_modem_hal/smtc_modem_hal.c:236:6:smtc_modem_hal_assert_fail	16	static
