bsp_l0/smtc_hal/smtc_hal_rtc.c:324:17:rtc_get_timestamp_in_ticks	32	static
bsp_l0/smtc_hal/smtc_hal_rtc.c:210:10:hal_rtc_get_timer_context	0	static
bsp_l0/smtc_hal/smtc_hal_rtc.c:214:10:hal_rtc_set_timer_context	8	static
bsp_l0/smtc_hal/smtc_hal_rtc.c:169:6:hal_rtc_init	40	static
bsp_l0/smtc_hal/smtc_hal_rtc.c:219:10:hal_rtc_get_timer_elapsed_time	32	static
bsp_l0/smtc_hal/smtc_hal_rtc.c:228:10:hal_rtc_get_minimum_timeout	0	static
bsp_l0/smtc_hal/smtc_hal_rtc.c:250:10:hal_rtc_get_time_ticks	32	static
bsp_l0/smtc_hal/smtc_hal_rtc.c:275:6:hal_rtc_wakeup_timer_stop	8	static
bsp_l0/smtc_hal/smtc_hal_rtc.c:280:6:hal_rtc_has_wut_irq_happened	0	static
bsp_l0/smtc_hal/smtc_hal_rtc.c:284:10:rtc_tick_2_ms	0	static
bsp_l0/smtc_hal/smtc_hal_rtc.c:308:17:rtc_get_calendar_time	40	static
bsp_l0/smtc_hal/smtc_hal_rtc.c:232:10:hal_rtc_get_time_s	16	static
bsp_l0/smtc_hal/smtc_hal_rtc.c:237:10:hal_rtc_get_time_100us	16	static
bsp_l0/smtc_hal/smtc_hal_rtc.c:246:10:hal_rtc_get_time_ms	8	static
bsp_l0/smtc_hal/smtc_hal_rtc.c:291:10:rtc_ms_2_ticks	8	static
bsp_l0/smtc_hal/smtc_hal_rtc.c:295:10:rtc_ms_2_wakeup_timer_tick	0	static
bsp_l0/smtc_hal/smtc_hal_rtc.c:259:6:hal_rtc_wakeup_timer_set_ms	16	static
bsp_l0/smtc_hal/smtc_hal_rtc.c:359:6:rtc_set_timestamp	16	static
bsp_l0/smtc_hal/smtc_hal_rtc.c:364:6:rtc_get_timestamp	32	static
bsp_l0/smtc_hal/smtc_hal_rtc.c:375:6:RTC_IRQHandler	8	static
bsp_l0/smtc_hal/smtc_hal_rtc.c:388:6:HAL_RTC_MspInit	8	static
bsp_l0/smtc_hal/smtc_hal_rtc.c:394:6:HAL_RTC_MspDeInit	8	static
