bsp_l0/smtc_hal/smtc_hal_gpio.c:130:6:hal_gpio_irq_attach	0	static
bsp_l0/smtc_hal/smtc_hal_gpio.c:194:13:gpio_init.constprop	80	static
bsp_l0/smtc_hal/smtc_hal_gpio.c:123:6:hal_gpio_init_out	32	static
bsp_l0/smtc_hal/smtc_hal_gpio.c:105:6:hal_gpio_init_in	80	static
bsp_l0/smtc_hal/smtc_hal_gpio.c:136:6:hal_gpio_irq_deatach	0	static
bsp_l0/smtc_hal/smtc_hal_gpio.c:142:6:hal_gpio_irq_enable	8	static
bsp_l0/smtc_hal/smtc_hal_gpio.c:148:6:hal_gpio_irq_disable	8	static
bsp_l0/smtc_hal/smtc_hal_gpio.c:158:6:hal_gpio_set_value	8	static
bsp_l0/smtc_hal/smtc_hal_gpio.c:164:10:hal_gpio_get_value	8	static
bsp_l0/smtc_hal/smtc_hal_gpio.c:171:6:hal_gpio_clear_pending_irq	0	static
bsp_l0/smtc_hal/smtc_hal_gpio.c:256:6:EXTI0_1_IRQHandler	8	static
bsp_l0/smtc_hal/smtc_hal_gpio.c:270:6:EXTI2_3_IRQHandler	8	static
bsp_l0/smtc_hal/smtc_hal_gpio.c:284:6:EXTI4_15_IRQHandler	8	static
bsp_l0/smtc_hal/smtc_hal_gpio.c:305:6:HAL_GPIO_EXTI_Callback	8	static
