Archive member included to satisfy reference by file (symbol)

lbm/build/basic_modem.a(lr11xx_system.o)
                              build/main.o (lr11xx_system_get_version)
lbm/build/basic_modem.a(ral_lr11xx.o)
                              build/main.o (ral_lr11xx_handles_part)
lbm/build/basic_modem.a(ralf_lr11xx.o)
                              build/main.o (ralf_lr11xx_setup_gfsk)
lbm/build/basic_modem.a(smtc_modem.o)
                              build/main.o (smtc_modem_init)
lbm/build/basic_modem.a(smtc_modem_test.o)
                              lbm/build/basic_modem.a(smtc_modem.o) (smtc_modem_test_duty_cycle_app_activate)
lbm/build/basic_modem.a(fifo_ctrl.o)
                              lbm/build/basic_modem.a(smtc_modem.o) (fifo_ctrl_get_nb_elt)
lbm/build/basic_modem.a(modem_supervisor.o)
                              lbm/build/basic_modem.a(smtc_modem.o) (modem_supervisor_init)
lbm/build/basic_modem.a(smtc_clock_sync.o)
                              lbm/build/basic_modem.a(modem_supervisor.o) (clock_sync_init)
lbm/build/basic_modem.a(stream.o)
                              lbm/build/basic_modem.a(smtc_modem.o) (stream_init)
lbm/build/basic_modem.a(rose.o)
                              lbm/build/basic_modem.a(stream.o) (ROSE_init)
lbm/build/basic_modem.a(file_upload.o)
                              lbm/build/basic_modem.a(smtc_modem.o) (file_upload_init)
lbm/build/basic_modem.a(alc_sync.o)
                              lbm/build/basic_modem.a(modem_supervisor.o) (alc_sync_init)
lbm/build/basic_modem.a(soft_se.o)
                              lbm/build/basic_modem.a(smtc_modem.o) (smtc_secure_element_init)
lbm/build/basic_modem.a(lr1_stack_mac_layer.o)
                              lbm/build/basic_modem.a(smtc_modem_test.o) (lr1_stack_mac_tx_lora_launch_callback_for_rp)
lbm/build/basic_modem.a(lr1mac_utilities.o)
                              lbm/build/basic_modem.a(lr1_stack_mac_layer.o) (memcpy1)
lbm/build/basic_modem.a(smtc_real.o)
                              lbm/build/basic_modem.a(lr1_stack_mac_layer.o) (smtc_real_init_session)
lbm/build/basic_modem.a(smtc_duty_cycle.o)
                              lbm/build/basic_modem.a(smtc_real.o) (smtc_duty_cycle_init)
lbm/build/basic_modem.a(smtc_lbt.o)
                              lbm/build/basic_modem.a(smtc_modem_test.o) (smtc_lbt_init)
lbm/build/basic_modem.a(lr11xx_radio.o)
                              lbm/build/basic_modem.a(ral_lr11xx.o) (lr11xx_radio_get_pkt_type)
lbm/build/basic_modem.a(lr11xx_regmem.o)
                              lbm/build/basic_modem.a(ral_lr11xx.o) (lr11xx_regmem_write_buffer8)
lbm/build/basic_modem.a(lr11xx_lr_fhss.o)
                              lbm/build/basic_modem.a(ral_lr11xx.o) (lr11xx_lr_fhss_init)
lbm/build/basic_modem.a(radio_planner.o)
                              lbm/build/basic_modem.a(smtc_modem.o) (rp_init)
lbm/build/basic_modem.a(radio_planner_hal.o)
                              lbm/build/basic_modem.a(radio_planner.o) (rp_hal_critical_section_begin)
lbm/build/basic_modem.a(lorawan_api.o)
                              lbm/build/basic_modem.a(smtc_modem_test.o) (lorawan_api_init)
lbm/build/basic_modem.a(dm_downlink.o)
                              lbm/build/basic_modem.a(modem_supervisor.o) (dm_downlink)
lbm/build/basic_modem.a(modem_context.o)
                              lbm/build/basic_modem.a(modem_supervisor.o) (modem_context_init)
lbm/build/basic_modem.a(modem_utilities.o)
                              lbm/build/basic_modem.a(modem_context.o) (crc)
lbm/build/basic_modem.a(smtc_modem_services_hal.o)
                              lbm/build/basic_modem.a(rose.o) (smtc_modem_services_aes_encrypt)
lbm/build/basic_modem.a(lorawan_certification.o)
                              lbm/build/basic_modem.a(lorawan_api.o) (lorawan_certification_init)
lbm/build/basic_modem.a(almanac_update.o)
                              lbm/build/basic_modem.a(modem_context.o) (almanac_update_create_uplink_payload)
lbm/build/basic_modem.a(aes.o)
                              lbm/build/basic_modem.a(soft_se.o) (aes_set_key)
lbm/build/basic_modem.a(cmac.o)
                              lbm/build/basic_modem.a(soft_se.o) (AES_CMAC_Init)
lbm/build/basic_modem.a(smtc_modem_crypto.o)
                              lbm/build/basic_modem.a(lr1_stack_mac_layer.o) (smtc_modem_crypto_payload_encrypt)
lbm/build/basic_modem.a(region_eu_868.o)
                              lbm/build/basic_modem.a(smtc_real.o) (region_eu_868_config)
lbm/build/basic_modem.a(lr1mac_core.o)
                              lbm/build/basic_modem.a(lorawan_api.o) (lr1mac_core_process)
lbm/build/basic_modem.a(lr1mac_class_c.o)
                              lbm/build/basic_modem.a(lorawan_api.o) (lr1mac_class_c_init)
lbm/build/basic_modem.a(smtc_beacon_sniff.o)
                              lbm/build/basic_modem.a(lorawan_api.o) (smtc_beacon_sniff_init)
lbm/build/basic_modem.a(smtc_ping_slot.o)
[...]
Memory Configuration

Name             Origin             Length             Attributes
RAM              0x20000000         0x00005000         xrw
FLASH            0x08000000         0x00030000         xr
*default*        0x00000000         0xffffffff

Linker script and memory map

LOAD /usr/lib/gcc/arm-none-eabi/13.2.0/thumb/v6-m/nofp/crti.o
LOAD /usr/lib/gcc/arm-none-eabi/13.2.0/thumb/v6-m/nofp/crtbegin.o
LOAD /usr/lib/gcc/arm-none-eabi/13.2.0/../../../../arm-none-eabi/lib/thumb/v6-m/nofp/crt0.o
LOAD build/main.o
LOAD build/cayenne_lpp.o
LOAD build/functions.o
LOAD build/stm32l0xx_hal_i2c.o
LOAD build/stm32l0xx_hal_i2c_ex.o
LOAD build/stm32l0xx_hal_lptim.o
LOAD build/stm32l0xx_hal_rtc.o
LOAD build/stm32l0xx_hal_rtc_ex.o
LOAD build/stm32l0xx_hal_spi.o
LOAD build/stm32l0xx_hal_tim.o
LOAD build/stm32l0xx_hal_tim_ex.o
LOAD build/stm32l0xx_hal_uart.o
LOAD build/stm32l0xx_hal_uart_ex.o
LOAD build/stm32l0xx_hal_wwdg.o
LOAD build/stm32l0xx_hal_iwdg.o
LOAD build/stm32l0xx_hal.o
LOAD build/stm32l0xx_hal_rcc.o
LOAD build/stm32l0xx_hal_rcc_ex.o
LOAD build/stm32l0xx_hal_flash.o
LOAD build/stm32l0xx_hal_flash_ex.o
LOAD build/stm32l0xx_hal_flash_ramfunc.o
LOAD build/stm32l0xx_hal_gpio.o
LOAD build/stm32l0xx_hal_dma.o
LOAD build/stm32l0xx_hal_pwr.o
LOAD build/stm32l0xx_hal_pwr_ex.o
LOAD build/stm32l0xx_hal_cortex.o
LOAD build/stm32l0xx_hal_adc.o
LOAD build/stm32l0xx_hal_adc_ex.o
LOAD build/smtc_modem_hal.o
LOAD build/system_stm32l0xx.o
LOAD build/smtc_hal_adc.o
LOAD build/smtc_hal_eeprom.o
LOAD build/smtc_hal_gpio.o
LOAD build/smtc_hal_mcu.o
LOAD build/smtc_hal_rtc.o
LOAD build/smtc_hal_spi.o
LOAD build/smtc_hal_lp_timer.o
LOAD build/smtc_hal_trace.o
LOAD build/smtc_hal_uart.o
LOAD build/smtc_hal_watchdog.o
LOAD build/smtc_hal_rng.o
LOAD build/smtc_hal_i2c.o
LOAD build/timer.o
LOAD build/settings.o
LOAD build/lr11xx_hal.o
LOAD build/ral_lr11xx_bsp.o
LOAD build/startup_stm32l071xx.o
LOAD lbm/build/basic_modem.a
LOAD /usr/lib/gcc/arm-none-eabi/13.2.0/../../../../arm-none-eabi/lib/thumb/v6-m/nofp/libstdc++_nano.a
LOAD /usr/lib/gcc/arm-none-eabi/13.2.0/../../../../arm-none-eabi/lib/thumb/v6-m/nofp/libsupc++_nano.a
LOAD /usr/lib/gcc/arm-none-eabi/13.2.0/../../../../arm-none-eabi/lib/thumb/v6-m/nofp/libm.a
LOAD /usr/lib/gcc/arm-none-eabi/13.2.0/../../../../arm-none-eabi/lib/thumb/v6-m/nofp/libc_nano.a
LOAD /usr/lib/gcc/arm-none-eabi/13.2.0/../../../../arm-none-eabi/lib/thumb/v6-m/nofp/libnosys.a
START GROUP
LOAD /usr/lib/gcc/arm-none-eabi/13.2.0/thumb/v6-m/nofp/libgcc.a
LOAD /usr/lib/gcc/arm-none-eabi/13.2.0/../../../../arm-none-eabi/lib/thumb/v6-m/nofp/libc_nano.a
END GROUP
START GROUP
LOAD /usr/lib/gcc/arm-none-eabi/13.2.0/thumb/v6-m/nofp/libgcc.a
LOAD /usr/lib/gcc/arm-none-eabi/13.2.0/../../../../arm-none-eabi/lib/thumb/v6-m/nofp/libc_nano.a
LOAD /usr/lib/gcc/arm-none-eabi/13.2.0/../../../../arm-none-eabi/lib/thumb/v6-m/nofp/libnosys.a
END GROUP
START GROUP
LOAD /usr/lib/gcc/arm-none-eabi/13.2.0/thumb/v6-m/nofp/libgcc.a
LOAD /usr/lib/gcc/arm-none-eabi/13.2.0/../../../../arm-none-eabi/lib/thumb/v6-m/nofp/libc_nano.a
LOAD /usr/lib/gcc/arm-none-eabi/13.2.0/../../../../arm-none-eabi/lib/thumb/v6-m/nofp/libnosys.a
END GROUP
LOAD /usr/lib/gcc/arm-none-eabi/13.2.0/thumb/v6-m/nofp/crtend.o
LOAD /usr/lib/gcc/arm-none-eabi/13.2.0/thumb/v6-m/nofp/crtn.o
                0x20005000                        _estack = 0x20005000
                0x00000200                        _Min_Heap_Size = 0x200
                0x00000400                        _Min_Stack_Size = 0x400

.isr_vector     0x08000000       0xc0
                0x08000000                        . = ALIGN (0x4)
 *(.isr_vector)
 .isr_vector    0x08000000       0xc0 build/startup_stm32l071xx.o
                0x08000000                g_pfnVectors
                0x080000c0                        . = ALIGN (0x4)

.text           0x080000c0    0x1bb30
                0x080000c0                        . = ALIGN (0x4)
 *(.text)
 .text          0x080000c0       0x14 /usr/lib/gcc/arm-none-eabi/13.2.0/../../../../arm-none-eabi/lib/thumb/v6-m/nofp/libc_nano.a(libc_a-strcmp.o)
                0x080000c0                strcmp
 .text          0x080000d4        0xe /usr/lib/gcc/arm-none-eabi/13.2.0/../../../../arm-none-eabi/lib/thumb/v6-m/nofp/libc_nano.a(libc_a-strlen.o)
                0x080000d4                strlen
 *fill*         0x080000e2        0x2 
 .text          0x080000e4       0x14 /usr/lib/gcc/arm-none-eabi/13.2.0/thumb/v6-m/nofp/libgcc.a(_thumb1_case_uqi.o)
                0x080000e4                __gnu_thumb1_case_uqi
 .text          0x080000f8       0x14 /usr/lib/gcc/arm-none-eabi/13.2.0/thumb/v6-m/nofp/libgcc.a(_thumb1_case_shi.o)
                0x080000f8                __gnu_thumb1_case_shi
 .text          0x0800010c       0x14 /usr/lib/gcc/arm-none-eabi/13.2.0/thumb/v6-m/nofp/libgcc.a(_thumb1_case_uhi.o)
                0x0800010c                __gnu_thumb1_case_uhi
 .text          0x08000120       0x8c /usr/lib/gcc/arm-none-eabi/13.2.0/thumb/v6-m/nofp/libgcc.a(_udivsi3.o)
                0x08000120                __udivsi3
                0x08000120                __aeabi_uidiv
                0x08000198                __aeabi_uidivmod
 .text          0x080001ac       0xa8 /usr/lib/gcc/arm-none-eabi/13.2.0/thumb/v6-m/nofp/libgcc.a(_divsi3.o)
                0x080001ac                __aeabi_idiv
                0x080001ac                __divsi3
                0x08000240                __aeabi_idivmod
 .text          0x08000254        0x4 /usr/lib/gcc/arm-none-eabi/13.2.0/thumb/v6-m/nofp/libgcc.a(_dvmd_tls.o)
                0x08000254                __aeabi_ldiv0
                0x08000254                __aeabi_idiv0
 .text          0x08000258       0x7c /usr/lib/gcc/arm-none-eabi/13.2.0/thumb/v6-m/nofp/libgcc.a(_arm_cmpdf2.o)
                0x08000258                __aeabi_cdrcmple
                0x08000268                __aeabi_cdcmple
                0x08000268                __aeabi_cdcmpeq
                0x08000278                __aeabi_dcmpeq
                0x08000284                __aeabi_dcmplt
                0x08000298                __aeabi_dcmple
                0x080002ac                __aeabi_dcmpgt
                0x080002c0                __aeabi_dcmpge
 .text          0x080002d4       0x40 /usr/lib/gcc/arm-none-eabi/13.2.0/thumb/v6-m/nofp/libgcc.a(_aeabi_uldivmod.o)
                0x080002d4                __aeabi_uldivmod
 .text          0x08000314       0x18 /usr/lib/gcc/arm-none-eabi/13.2.0/thumb/v6-m/nofp/libgcc.a(_lshrdi3.o)
                0x08000314                __aeabi_llsr
                0x08000314                __lshrdi3
 .text          0x0800032c       0x18 /usr/lib/gcc/arm-none-eabi/13.2.0/thumb/v6-m/nofp/libgcc.a(_ashldi3.o)
                0x0800032c                __ashldi3
                0x0800032c                __aeabi_llsl
 .text          0x08000344       0x3c /usr/lib/gcc/arm-none-eabi/13.2.0/thumb/v6-m/nofp/libgcc.a(_clzsi2.o)
                0x08000344                __clzsi2
 .text          0x08000380       0x18 /usr/lib/gcc/arm-none-eabi/13.2.0/thumb/v6-m/nofp/libgcc.a(_clzdi2.o)
                0x08000380                __clzdi2
 *(.text*)
 .text.__do_global_dtors_aux
                0x08000398       0x28 /usr/lib/gcc/arm-none-eabi/13.2.0/thumb/v6-m/nofp/crtbegin.o
 .text.frame_dummy
                0x080003c0       0x20 /usr/lib/gcc/arm-none-eabi/13.2.0/thumb/v6-m/nofp/crtbegin.o
 .text.water_timer_cb
                0x080003e0       0x18 build/main.o
 .text.periodic_timer_cb
                0x080003f8       0x24 build/main.o
 .text.get_event
                0x0800041c      0x268 build/main.o
 .text.startup.main
                0x08000684      0x2fc build/main.o
                0x08000684                main
 .text.cayenne_lpp_reset
                0x08000980       0x14 build/cayenne_lpp.o
                0x08000980                cayenne_lpp_reset
 .text.cayenne_lpp_add_digital_input
                0x08000994       0x3c build/cayenne_lpp.o
                0x08000994                cayenne_lpp_add_digital_input
 .text.cayenne_lpp_add_analog_input
                0x080009d0       0x5c build/cayenne_lpp.o
                0x080009d0                cayenne_lpp_add_analog_input
 .text.cayenne_lpp_add_temperature
                0x08000a2c       0x5c build/cayenne_lpp.o
                0x08000a2c                cayenne_lpp_add_temperature
 .text.printCayenneLPPBuffer
                0x08000a88       0x38 build/functions.o
                0x08000a88                printCayenneLPPBuffer
 .text.sendLoRaWANPacket
                0x08000ac0       0x12 build/functions.o
                0x08000ac0                sendLoRaWANPacket
 .text.sendData
                0x08000ad2       0x38 build/functions.o
                0x08000ad2                sendData
 .text.wateralarm
                0x08000b0a       0x2c build/functions.o
                0x08000b0a                wateralarm
 .text.GETtemperature
                0x08000b36       0x24 build/functions.o
                0x08000b36                GETtemperature
 *fill*         0x08000b5a        0x2 
 .text.GETvoltage
                0x08000b5c      0x120 build/functions.o
                0x08000b5c                GETvoltage
 .text.sensor_read
                0x08000c7c       0x44 build/functions.o
                0x08000c7c                sensor_read
 .text.I2C_Flush_TXDR
                0x08000cc0       0x1c build/stm32l0xx_hal_i2c.o
 .text.I2C_TransferConfig
                0x08000cdc       0x28 build/stm32l0xx_hal_i2c.o
 .text.I2C_IsAcknowledgeFailed
                0x08000d04       0x84 build/stm32l0xx_hal_i2c.o
 .text.I2C_WaitOnTXISFlagUntilTimeout
                0x08000d88       0x56 build/stm32l0xx_hal_i2c.o
 .text.I2C_WaitOnSTOPFlagUntilTimeout
                0x08000dde       0x52 build/stm32l0xx_hal_i2c.o
 .text.I2C_WaitOnFlagUntilTimeout
                0x08000e30       0x52 build/stm32l0xx_hal_i2c.o
 *fill*         0x08000e82        0x2 
 .text.I2C_RequestMemoryRead
                0x08000e84       0x64 build/stm32l0xx_hal_i2c.o
 .text.HAL_I2C_Init
                0x08000ee8       0xac build/stm32l0xx_hal_i2c.o
                0x08000ee8                HAL_I2C_Init
 .text.HAL_I2C_DeInit
                0x08000f94       0x34 build/stm32l0xx_hal_i2c.o
                0x08000f94                HAL_I2C_DeInit
 .text.HAL_I2C_Mem_Read
                0x08000fc8      0x174 build/stm32l0xx_hal_i2c.o
                0x08000fc8                HAL_I2C_Mem_Read
 .text.HAL_I2CEx_ConfigAnalogFilter
                0x0800113c       0x4c build/stm32l0xx_hal_i2c_ex.o
                0x0800113c                HAL_I2CEx_ConfigAnalogFilter
 .text.HAL_I2CEx_ConfigDigitalFilter
                0x08001188       0x48 build/stm32l0xx_hal_i2c_ex.o
                0x08001188                HAL_I2CEx_ConfigDigitalFilter
 .text.LPTIM_WaitForFlag
                0x080011d0       0x3c build/stm32l0xx_hal_lptim.o
 .text.HAL_LPTIM_Init
                0x0800120c       0xb0 build/stm32l0xx_hal_lptim.o
                0x0800120c                HAL_LPTIM_Init
 .text.HAL_LPTIM_CompareMatchCallback
                0x080012bc        0x2 build/stm32l0xx_hal_lptim.o
                0x080012bc                HAL_LPTIM_CompareMatchCallback
 .text.HAL_LPTIM_AutoReloadMatchCallback
                0x080012be        0x2 build/stm32l0xx_hal_lptim.o
                0x080012be                HAL_LPTIM_AutoReloadMatchCallback
 .text.HAL_LPTIM_TriggerCallback
                0x080012c0        0x2 build/stm32l0xx_hal_lptim.o
                0x080012c0                HAL_LPTIM_TriggerCallback
 .text.HAL_LPTIM_CompareWriteCallback
                0x080012c2        0x2 build/stm32l0xx_hal_lptim.o
                0x080012c2                HAL_LPTIM_CompareWriteCallback
 .text.HAL_LPTIM_AutoReloadWriteCallback
                0x080012c4        0x2 build/stm32l0xx_hal_lptim.o
                0x080012c4                HAL_LPTIM_AutoReloadWriteCallback
 .text.HAL_LPTIM_DirectionUpCallback
                0x080012c6        0x2 build/stm32l0xx_hal_lptim.o
                0x080012c6                HAL_LPTIM_DirectionUpCallback
 .text.HAL_LPTIM_DirectionDownCallback
                0x080012c8        0x2 build/stm32l0xx_hal_lptim.o
                0x080012c8                HAL_LPTIM_DirectionDownCallback
 .text.HAL_LPTIM_IRQHandler
                0x080012ca       0xac build/stm32l0xx_hal_lptim.o
                0x080012ca                HAL_LPTIM_IRQHandler
 *fill*         0x08001376        0x2 
 .text.LPTIM_Disable
                0x08001378       0xd4 build/stm32l0xx_hal_lptim.o
                0x08001378                LPTIM_Disable
 .text.HAL_LPTIM_TimeOut_Stop
                0x0800144c       0x30 build/stm32l0xx_hal_lptim.o
                0x0800144c                HAL_LPTIM_TimeOut_Stop
 .text.HAL_LPTIM_TimeOut_Start_IT
                0x0800147c       0x84 build/stm32l0xx_hal_lptim.o
                0x0800147c                HAL_LPTIM_TimeOut_Start_IT
 .text.HAL_LPTIM_TimeOut_Stop_IT
                0x08001500       0x48 build/stm32l0xx_hal_lptim.o
                0x08001500                HAL_LPTIM_TimeOut_Stop_IT
 .text.HAL_RTC_WaitForSynchro
                0x08001548       0x34 build/stm32l0xx_hal_rtc.o
                0x08001548                HAL_RTC_WaitForSynchro
 .text.RTC_EnterInitMode
                0x0800157c       0x38 build/stm32l0xx_hal_rtc.o
                0x0800157c                RTC_EnterInitMode
 .text.HAL_RTC_Init
                0x080015b4       0xb8 build/stm32l0xx_hal_rtc.o
                0x080015b4                HAL_RTC_Init
 .text.RTC_ByteToBcd2
                0x0800166c       0x16 build/stm32l0xx_hal_rtc.o
                0x0800166c                RTC_ByteToBcd2
 *fill*         0x08001682        0x2 
 .text.HAL_RTC_SetTime
                0x08001684      0x10c build/stm32l0xx_hal_rtc.o
                0x08001684                HAL_RTC_SetTime
 .text.HAL_RTC_SetDate
                0x08001790       0xdc build/stm32l0xx_hal_rtc.o
                0x08001790                HAL_RTC_SetDate
 .text.RTC_Bcd2ToByte
                0x0800186c       0x12 build/stm32l0xx_hal_rtc.o
                0x0800186c                RTC_Bcd2ToByte
 *fill*         0x0800187e        0x2 
 .text.HAL_RTC_GetTime
                0x08001880       0x5c build/stm32l0xx_hal_rtc.o
                0x08001880                HAL_RTC_GetTime
 .text.HAL_RTC_GetDate
                0x080018dc       0x44 build/stm32l0xx_hal_rtc.o
                0x080018dc                HAL_RTC_GetDate
 .text.HAL_RTCEx_SetWakeUpTimer_IT
                0x08001920       0xec build/stm32l0xx_hal_rtc_ex.o
                0x08001920                HAL_RTCEx_SetWakeUpTimer_IT
 .text.HAL_RTCEx_DeactivateWakeUpTimer
                0x08001a0c       0x80 build/stm32l0xx_hal_rtc_ex.o
                0x08001a0c                HAL_RTCEx_DeactivateWakeUpTimer
 .text.HAL_RTCEx_WakeUpTimerEventCallback
                0x08001a8c        0x2 build/stm32l0xx_hal_rtc_ex.o
                0x08001a8c                HAL_RTCEx_WakeUpTimerEventCallback
 *fill*         0x08001a8e        0x2 
 .text.HAL_RTCEx_WakeUpTimerIRQHandler
                0x08001a90       0x34 build/stm32l0xx_hal_rtc_ex.o
                0x08001a90                HAL_RTCEx_WakeUpTimerIRQHandler
 .text.HAL_RTCEx_EnableBypassShadow
                0x08001ac4       0x34 build/stm32l0xx_hal_rtc_ex.o
                0x08001ac4                HAL_RTCEx_EnableBypassShadow
 .text.HAL_SPI_Init
                0x08001af8       0xd0 build/stm32l0xx_hal_spi.o
                0x08001af8                HAL_SPI_Init
 .text.HAL_SPI_DeInit
                0x08001bc8       0x2e build/stm32l0xx_hal_spi.o
                0x08001bc8                HAL_SPI_DeInit
 *fill*         0x08001bf6        0x2 
 .text.UART_EndRxTransfer
                0x08001bf8       0x5c build/stm32l0xx_hal_uart.o
 .text.HAL_UART_DeInit
                0x08001c54       0x36 build/stm32l0xx_hal_uart.o
                0x08001c54                HAL_UART_DeInit
 .text.HAL_UART_TxCpltCallback
                0x08001c8a        0x2 build/stm32l0xx_hal_uart.o
                0x08001c8a                HAL_UART_TxCpltCallback
 .text.HAL_UART_ErrorCallback
                0x08001c8c        0x2 build/stm32l0xx_hal_uart.o
                0x08001c8c                HAL_UART_ErrorCallback
 .text.UART_DMAAbortOnError
                0x08001c8e       0x16 build/stm32l0xx_hal_uart.o
 .text.HAL_UARTEx_RxEventCallback
                0x08001ca4        0x2 build/stm32l0xx_hal_uart.o
                0x08001ca4                HAL_UARTEx_RxEventCallback
 *fill*         0x08001ca6        0x2 
 .text.HAL_UART_IRQHandler
                0x08001ca8      0x2b8 build/stm32l0xx_hal_uart.o
                0x08001ca8                HAL_UART_IRQHandler
 .text.UART_SetConfig
                0x08001f60      0x20c build/stm32l0xx_hal_uart.o
                0x08001f60                UART_SetConfig
 .text.UART_AdvFeatureConfig
                0x0800216c       0xd0 build/stm32l0xx_hal_uart.o
                0x0800216c                UART_AdvFeatureConfig
 .text.UART_WaitOnFlagUntilTimeout
                0x0800223c       0xc0 build/stm32l0xx_hal_uart.o
                0x0800223c                UART_WaitOnFlagUntilTimeout
 .text.HAL_UART_Transmit
                0x080022fc       0xdc build/stm32l0xx_hal_uart.o
                0x080022fc                HAL_UART_Transmit
 .text.UART_CheckIdleState
                0x080023d8       0x64 build/stm32l0xx_hal_uart.o
                0x080023d8                UART_CheckIdleState
 .text.HAL_UART_Init
                0x0800243c       0x64 build/stm32l0xx_hal_uart.o
                0x0800243c                HAL_UART_Init
 .text.HAL_UARTEx_WakeupCallback
                0x080024a0        0x2 build/stm32l0xx_hal_uart_ex.o
                0x080024a0                HAL_UARTEx_WakeupCallback
 *fill*         0x080024a2        0x2 
 .text.HAL_IWDG_Init
                0x080024a4       0x64 build/stm32l0xx_hal_iwdg.o
                0x080024a4                HAL_IWDG_Init
 .text.HAL_IWDG_Refresh
                0x08002508       0x10 build/stm32l0xx_hal_iwdg.o
                0x08002508                HAL_IWDG_Refresh
 .text.HAL_InitTick
                0x08002518       0x48 build/stm32l0xx_hal.o
                0x08002518                HAL_InitTick
 .text.HAL_Init
                0x08002560       0x28 build/stm32l0xx_hal.o
                0x08002560                HAL_Init
 .text.HAL_IncTick
                0x08002588       0x18 build/stm32l0xx_hal.o
                0x08002588                HAL_IncTick
 .text.HAL_GetTick
                0x080025a0        0xc build/stm32l0xx_hal.o
                0x080025a0                HAL_GetTick
 .text.HAL_Delay
                0x080025ac       0x24 build/stm32l0xx_hal.o
                0x080025ac                HAL_Delay
 .text.HAL_SuspendTick
                0x080025d0       0x10 build/stm32l0xx_hal.o
                0x080025d0                HAL_SuspendTick
 .text.HAL_ResumeTick
                0x080025e0       0x10 build/stm32l0xx_hal.o
                0x080025e0                HAL_ResumeTick
 .text.HAL_RCC_GetSysClockFreq
                0x080025f0       0x94 build/stm32l0xx_hal_rcc.o
                0x080025f0                HAL_RCC_GetSysClockFreq
 .text.HAL_RCC_OscConfig
                0x08002684      0x49c build/stm32l0xx_hal_rcc.o
                0x08002684                HAL_RCC_OscConfig
 .text.HAL_RCC_ClockConfig
                0x08002b20      0x19c build/stm32l0xx_hal_rcc.o
                0x08002b20                HAL_RCC_ClockConfig
 .text.HAL_RCC_GetPCLK1Freq
                0x08002cbc       0x20 build/stm32l0xx_hal_rcc.o
                0x08002cbc                HAL_RCC_GetPCLK1Freq
 .text.HAL_RCC_GetPCLK2Freq
                0x08002cdc       0x20 build/stm32l0xx_hal_rcc.o
                0x08002cdc                HAL_RCC_GetPCLK2Freq
 .text.HAL_RCC_GetOscConfig
                0x08002cfc       0x94 build/stm32l0xx_hal_rcc.o
                0x08002cfc                HAL_RCC_GetOscConfig
 .text.HAL_RCC_GetClockConfig
                0x08002d90       0x40 build/stm32l0xx_hal_rcc.o
                0x08002d90                HAL_RCC_GetClockConfig
 .text.HAL_RCCEx_PeriphCLKConfig
                0x08002dd0      0x198 build/stm32l0xx_hal_rcc_ex.o
                0x08002dd0                HAL_RCCEx_PeriphCLKConfig
 .text.HAL_FLASHEx_DATAEEPROM_Unlock
                0x08002f68       0x30 build/stm32l0xx_hal_flash_ex.o
                0x08002f68                HAL_FLASHEx_DATAEEPROM_Unlock
 .text.HAL_FLASHEx_DATAEEPROM_Lock
                0x08002f98       0x14 build/stm32l0xx_hal_flash_ex.o
                0x08002f98                HAL_FLASHEx_DATAEEPROM_Lock
 .text.HAL_GPIO_Init
                0x08002fac      0x180 build/stm32l0xx_hal_gpio.o
                0x08002fac                HAL_GPIO_Init
 .text.HAL_GPIO_DeInit
                0x0800312c       0xf8 build/stm32l0xx_hal_gpio.o
                0x0800312c                HAL_GPIO_DeInit
 .text.HAL_GPIO_ReadPin
                0x08003224        0xc build/stm32l0xx_hal_gpio.o
                0x08003224                HAL_GPIO_ReadPin
 .text.HAL_GPIO_WritePin
                0x08003230        0xc build/stm32l0xx_hal_gpio.o
                0x08003230                HAL_GPIO_WritePin
 .text.HAL_GPIO_EXTI_IRQHandler
                0x0800323c       0x18 build/stm32l0xx_hal_gpio.o
                0x0800323c                HAL_GPIO_EXTI_IRQHandler
 .text.HAL_DMA_Init
                0x08003254       0x88 build/stm32l0xx_hal_dma.o
                0x08003254                HAL_DMA_Init
 .text.HAL_DMA_DeInit
                0x080032dc       0x60 build/stm32l0xx_hal_dma.o
                0x080032dc                HAL_DMA_DeInit
 .text.HAL_DMA_Abort
                0x0800333c       0x40 build/stm32l0xx_hal_dma.o
                0x0800333c                HAL_DMA_Abort
 .text.HAL_DMA_Abort_IT
                0x0800337c       0x46 build/stm32l0xx_hal_dma.o
                0x0800337c                HAL_DMA_Abort_IT
 .text.HAL_DMA_IRQHandler
                0x080033c2       0x96 build/stm32l0xx_hal_dma.o
                0x080033c2                HAL_DMA_IRQHandler
 .text.HAL_PWR_EnableBkUpAccess
                0x08003458       0x14 build/stm32l0xx_hal_pwr.o
                0x08003458                HAL_PWR_EnableBkUpAccess
 .text.HAL_PWR_EnterSTOPMode
                0x0800346c       0x78 build/stm32l0xx_hal_pwr.o
                0x0800346c                HAL_PWR_EnterSTOPMode
 .text.HAL_NVIC_SetPriority
                0x080034e4       0x54 build/stm32l0xx_hal_cortex.o
                0x080034e4                HAL_NVIC_SetPriority
 .text.HAL_NVIC_EnableIRQ
                0x08003538       0x18 build/stm32l0xx_hal_cortex.o
                0x08003538                HAL_NVIC_EnableIRQ
 .text.HAL_NVIC_DisableIRQ
                0x08003550       0x20 build/stm32l0xx_hal_cortex.o
                0x08003550                HAL_NVIC_DisableIRQ
 .text.HAL_SYSTICK_Config
                0x08003570       0x34 build/stm32l0xx_hal_cortex.o
                0x08003570                HAL_SYSTICK_Config
 .text.HAL_SYSTICK_Callback
                0x080035a4        0x2 build/stm32l0xx_hal_cortex.o
                0x080035a4                HAL_SYSTICK_Callback
 .text.HAL_SYSTICK_IRQHandler
                0x080035a6        0x8 build/stm32l0xx_hal_cortex.o
                0x080035a6                HAL_SYSTICK_IRQHandler
 *fill*         0x080035ae        0x2 
 .text.ADC_DelayMicroSecond
                0x080035b0       0x2c build/stm32l0xx_hal_adc.o
 .text.ADC_ConversionStop
                0x080035dc       0x5a build/stm32l0xx_hal_adc.o
 .text.ADC_Disable
                0x08003636       0x6e build/stm32l0xx_hal_adc.o
 .text.ADC_Enable
                0x080036a4       0x78 build/stm32l0xx_hal_adc.o
 .text.HAL_ADC_Init
                0x0800371c      0x1ac build/stm32l0xx_hal_adc.o
                0x0800371c                HAL_ADC_Init
 .text.HAL_ADC_DeInit
                0x080038c8       0xa8 build/stm32l0xx_hal_adc.o
                0x080038c8                HAL_ADC_DeInit
 .text.HAL_ADC_Start
                0x08003970       0x58 build/stm32l0xx_hal_adc.o
                0x08003970                HAL_ADC_Start
 .text.HAL_ADC_Stop
                0x080039c8       0x3c build/stm32l0xx_hal_adc.o
                0x080039c8                HAL_ADC_Stop
 .text.HAL_ADC_PollForConversion
                0x08003a04       0xcc build/stm32l0xx_hal_adc.o
                0x08003a04                HAL_ADC_PollForConversion
 .text.HAL_ADC_GetValue
                0x08003ad0        0x6 build/stm32l0xx_hal_adc.o
                0x08003ad0                HAL_ADC_GetValue
 *fill*         0x08003ad6        0x2 
 .text.HAL_ADC_ConfigChannel
                0x08003ad8       0xa8 build/stm32l0xx_hal_adc.o
                0x08003ad8                HAL_ADC_ConfigChannel
 .text.HAL_ADC_GetState
                0x08003b80        0x4 build/stm32l0xx_hal_adc.o
                0x08003b80                HAL_ADC_GetState
 .text.HAL_ADCEx_Calibration_Start
                0x08003b84       0xa8 build/stm32l0xx_hal_adc_ex.o
                0x08003b84                HAL_ADCEx_Calibration_Start
 .text.smtc_modem_hal_reset_mcu
                0x08003c2c        0x8 build/smtc_modem_hal.o
                0x08003c2c                smtc_modem_hal_reset_mcu
 .text.smtc_modem_hal_get_time_in_s
                0x08003c34        0x8 build/smtc_modem_hal.o
                0x08003c34                smtc_modem_hal_get_time_in_s
 .text.smtc_modem_hal_get_compensated_time_in_s
                0x08003c3c        0x8 build/smtc_modem_hal.o
                0x08003c3c                smtc_modem_hal_get_compensated_time_in_s
 .text.smtc_modem_hal_get_time_compensation_in_s
                0x08003c44        0x4 build/smtc_modem_hal.o
                0x08003c44                smtc_modem_hal_get_time_compensation_in_s
 .text.smtc_modem_hal_get_time_in_ms
                0x08003c48        0x8 build/smtc_modem_hal.o
                0x08003c48                smtc_modem_hal_get_time_in_ms
 .text.smtc_modem_hal_get_time_in_100us
                0x08003c50        0x8 build/smtc_modem_hal.o
                0x08003c50                smtc_modem_hal_get_time_in_100us
 .text.smtc_modem_hal_get_radio_irq_timestamp_in_100us
                0x08003c58        0x8 build/smtc_modem_hal.o
                0x08003c58                smtc_modem_hal_get_radio_irq_timestamp_in_100us
 .text.smtc_modem_hal_start_timer
                0x08003c60        0xe build/smtc_modem_hal.o
                0x08003c60                smtc_modem_hal_start_timer
 .text.smtc_modem_hal_stop_timer
                0x08003c6e        0x8 build/smtc_modem_hal.o
                0x08003c6e                smtc_modem_hal_stop_timer
 .text.smtc_modem_hal_disable_modem_irq
                0x08003c76        0xc build/smtc_modem_hal.o
                0x08003c76                smtc_modem_hal_disable_modem_irq
 .text.smtc_modem_hal_enable_modem_irq
                0x08003c82        0xc build/smtc_modem_hal.o
                0x08003c82                smtc_modem_hal_enable_modem_irq
 *fill*         0x08003c8e        0x2 
 .text.smtc_modem_hal_context_restore
                0x08003c90       0x64 build/smtc_modem_hal.o
                0x08003c90                smtc_modem_hal_context_restore
 .text.smtc_modem_hal_context_store
                0x08003cf4       0x64 build/smtc_modem_hal.o
                0x08003cf4                smtc_modem_hal_context_store
 .text.smtc_modem_hal_store_crashlog
                0x08003d58       0x14 build/smtc_modem_hal.o
                0x08003d58                smtc_modem_hal_store_crashlog
 .text.smtc_modem_hal_restore_crashlog
                0x08003d6c       0x10 build/smtc_modem_hal.o
                0x08003d6c                smtc_modem_hal_restore_crashlog
 .text.smtc_modem_hal_set_crashlog_status
                0x08003d7c        0xc build/smtc_modem_hal.o
                0x08003d7c                smtc_modem_hal_set_crashlog_status
 .text.smtc_modem_hal_get_crashlog_status
                0x08003d88        0xc build/smtc_modem_hal.o
                0x08003d88                smtc_modem_hal_get_crashlog_status
 .text.smtc_modem_hal_get_random_nb_in_range
                0x08003d94        0x8 build/smtc_modem_hal.o
                0x08003d94                smtc_modem_hal_get_random_nb_in_range
 .text.smtc_modem_hal_get_signed_random_nb_in_range
                0x08003d9c        0x8 build/smtc_modem_hal.o
                0x08003d9c                smtc_modem_hal_get_signed_random_nb_in_range
 .text.smtc_modem_hal_irq_config_radio_irq
                0x08003da4       0x1c build/smtc_modem_hal.o
                0x08003da4                smtc_modem_hal_irq_config_radio_irq
 .text.smtc_modem_hal_radio_irq_clear_pending
                0x08003dc0        0xa build/smtc_modem_hal.o
                0x08003dc0                smtc_modem_hal_radio_irq_clear_pending
 .text.smtc_modem_hal_start_radio_tcxo
                0x08003dca        0x2 build/smtc_modem_hal.o
                0x08003dca                smtc_modem_hal_start_radio_tcxo
 .text.smtc_modem_hal_stop_radio_tcxo
                0x08003dcc        0x2 build/smtc_modem_hal.o
                0x08003dcc                smtc_modem_hal_stop_radio_tcxo
 .text.smtc_modem_hal_get_radio_tcxo_startup_delay_ms
                0x08003dce        0x4 build/smtc_modem_hal.o
                0x08003dce                smtc_modem_hal_get_radio_tcxo_startup_delay_ms
 .text.smtc_modem_hal_get_battery_level
                0x08003dd2        0x4 build/smtc_modem_hal.o
                0x08003dd2                smtc_modem_hal_get_battery_level
 .text.smtc_modem_hal_get_temperature
                0x08003dd6       0x14 build/smtc_modem_hal.o
                0x08003dd6                smtc_modem_hal_get_temperature
 .text.smtc_modem_hal_get_voltage
                0x08003dea       0x1c build/smtc_modem_hal.o
                0x08003dea                smtc_modem_hal_get_voltage
 .text.smtc_modem_hal_get_board_delay_ms
                0x08003e06        0x4 build/smtc_modem_hal.o
                0x08003e06                smtc_modem_hal_get_board_delay_ms
 .text.smtc_modem_hal_print_trace
                0x08003e0a       0x16 build/smtc_modem_hal.o
                0x08003e0a                smtc_modem_hal_print_trace
 .text.smtc_modem_hal_assert_fail
                0x08003e20       0x28 build/smtc_modem_hal.o
                0x08003e20                smtc_modem_hal_assert_fail
 .text.SystemInit
                0x08003e48        0x2 build/system_stm32l0xx.o
                0x08003e48                SystemInit
 *fill*         0x08003e4a        0x2 
 .text.adc_read
                0x08003e4c       0x74 build/smtc_hal_adc.o
 .text.hal_adc_init
                0x08003ec0       0xac build/smtc_hal_adc.o
                0x08003ec0                hal_adc_init
 .text.hal_adc_get_vref_int
                0x08003f6c       0x28 build/smtc_hal_adc.o
                0x08003f6c                hal_adc_get_vref_int
 .text.hal_adc_get_temp
                0x08003f94       0x40 build/smtc_hal_adc.o
                0x08003f94                hal_adc_get_temp
 .text.hal_adc_deinit
                0x08003fd4       0x10 build/smtc_hal_adc.o
                0x08003fd4                hal_adc_deinit
 .text.HAL_ADC_MspInit
                0x08003fe4       0x14 build/smtc_hal_adc.o
                0x08003fe4                HAL_ADC_MspInit
 .text.HAL_ADC_MspDeInit
                0x08003ff8       0x14 build/smtc_hal_adc.o
                0x08003ff8                HAL_ADC_MspDeInit
 .text.hal_eeprom_write_buffer
                0x0800400c       0x2c build/smtc_hal_eeprom.o
                0x0800400c                hal_eeprom_write_buffer
 .text.hal_eeprom_read_buffer
                0x08004038       0x14 build/smtc_hal_eeprom.o
                0x08004038                hal_eeprom_read_buffer
 .text.hal_gpio_irq_attach
                0x0800404c       0x1c build/smtc_hal_gpio.o
                0x0800404c                hal_gpio_irq_attach
 .text.gpio_init.constprop.0
                0x08004068      0x148 build/smtc_hal_gpio.o
 .text.hal_gpio_init_out
                0x080041b0       0x20 build/smtc_hal_gpio.o
                0x080041b0                hal_gpio_init_out
 .text.hal_gpio_init_in
                0x080041d0       0x58 build/smtc_hal_gpio.o
                0x080041d0                hal_gpio_init_in
 .text.hal_gpio_irq_enable
                0x08004228       0x16 build/smtc_hal_gpio.o
                0x08004228                hal_gpio_irq_enable
 .text.hal_gpio_irq_disable
                0x0800423e       0x16 build/smtc_hal_gpio.o
                0x0800423e                hal_gpio_irq_disable
 .text.hal_gpio_set_value
                0x08004254       0x26 build/smtc_hal_gpio.o
                0x08004254                hal_gpio_set_value
 .text.hal_gpio_get_value
                0x0800427a       0x24 build/smtc_hal_gpio.o
                0x0800427a                hal_gpio_get_value
 *fill*         0x0800429e        0x2 
 .text.hal_gpio_clear_pending_irq
                0x080042a0       0x28 build/smtc_hal_gpio.o
                0x080042a0                hal_gpio_clear_pending_irq
 .text.EXTI0_1_IRQHandler
                0x080042c8       0x10 build/smtc_hal_gpio.o
                0x080042c8                EXTI0_1_IRQHandler
 .text.EXTI2_3_IRQHandler
                0x080042d8       0x10 build/smtc_hal_gpio.o
                0x080042d8                EXTI2_3_IRQHandler
 .text.EXTI4_15_IRQHandler
                0x080042e8       0x5c build/smtc_hal_gpio.o
                0x080042e8                EXTI4_15_IRQHandler
 .text.HAL_GPIO_EXTI_Callback
                0x08004344       0x30 build/smtc_hal_gpio.o
                0x08004344                HAL_GPIO_EXTI_Callback
 .text.hal_mcu_wait_us
                0x08004374       0x40 build/smtc_hal_mcu.o
                0x08004374                hal_mcu_wait_us
 .text.wut_cb   0x080043b4        0xc build/smtc_hal_mcu.o
 .text.hal_mcu_critical_section_begin
                0x080043c0        0xa build/smtc_hal_mcu.o
                0x080043c0                hal_mcu_critical_section_begin
 .text.hal_mcu_critical_section_end
                0x080043ca        0x8 build/smtc_hal_mcu.o
                0x080043ca                hal_mcu_critical_section_end
 .text.hal_mcu_disable_irq
                0x080043d2        0x4 build/smtc_hal_mcu.o
                0x080043d2                hal_mcu_disable_irq
 .text.hal_mcu_enable_irq
                0x080043d6        0x4 build/smtc_hal_mcu.o
                0x080043d6                hal_mcu_enable_irq
 *fill*         0x080043da        0x2 
 .text.hal_mcu_reset
                0x080043dc       0x1c build/smtc_hal_mcu.o
                0x080043dc                hal_mcu_reset
 .text.hal_mcu_init
                0x080043f8      0x16c build/smtc_hal_mcu.o
                0x080043f8                hal_mcu_init
 .text.hal_mcu_set_sleep_for_ms
                0x08004564      0x17c build/smtc_hal_mcu.o
                0x08004564                hal_mcu_set_sleep_for_ms
 .text.SysTick_Handler
                0x080046e0        0xc build/smtc_hal_mcu.o
                0x080046e0                SysTick_Handler
 .text.HAL_MspInit
                0x080046ec       0x10 build/smtc_hal_mcu.o
                0x080046ec                HAL_MspInit
 .text.hal_mcu_delay_ms
                0x080046fc        0x8 build/smtc_hal_mcu.o
                0x080046fc                hal_mcu_delay_ms
 .text.HardFault_Handler
                0x08004704       0x3c build/smtc_hal_mcu.o
                0x08004704                HardFault_Handler
 .text.rtc_get_timestamp_in_ticks
                0x08004740       0xb0 build/smtc_hal_rtc.o
 .text.hal_rtc_get_timer_context
                0x080047f0        0xc build/smtc_hal_rtc.o
                0x080047f0                hal_rtc_get_timer_context
 .text.hal_rtc_set_timer_context
                0x080047fc       0x1c build/smtc_hal_rtc.o
                0x080047fc                hal_rtc_set_timer_context
 .text.hal_rtc_init
                0x08004818       0x98 build/smtc_hal_rtc.o
                0x08004818                hal_rtc_init
 .text.hal_rtc_get_timer_elapsed_time
                0x080048b0       0x18 build/smtc_hal_rtc.o
                0x080048b0                hal_rtc_get_timer_elapsed_time
 .text.hal_rtc_get_minimum_timeout
                0x080048c8        0x4 build/smtc_hal_rtc.o
                0x080048c8                hal_rtc_get_minimum_timeout
 .text.hal_rtc_wakeup_timer_stop
                0x080048cc       0x18 build/smtc_hal_rtc.o
                0x080048cc                hal_rtc_wakeup_timer_stop
 .text.rtc_tick_2_ms
                0x080048e4       0x1c build/smtc_hal_rtc.o
                0x080048e4                rtc_tick_2_ms
 .text.rtc_get_calendar_time
                0x08004900       0x26 build/smtc_hal_rtc.o
 .text.hal_rtc_get_time_s
                0x08004926        0xc build/smtc_hal_rtc.o
                0x08004926                hal_rtc_get_time_s
 *fill*         0x08004932        0x2 
 .text.hal_rtc_get_time_100us
                0x08004934       0x1c build/smtc_hal_rtc.o
                0x08004934                hal_rtc_get_time_100us
 .text.hal_rtc_get_time_ms
                0x08004950        0xe build/smtc_hal_rtc.o
                0x08004950                hal_rtc_get_time_ms
 .text.rtc_ms_2_ticks
                0x0800495e       0x10 build/smtc_hal_rtc.o
                0x0800495e                rtc_ms_2_ticks
 .text.rtc_ms_2_wakeup_timer_tick
                0x0800496e        0xc build/smtc_hal_rtc.o
                0x0800496e                rtc_ms_2_wakeup_timer_tick
 *fill*         0x0800497a        0x2 
 .text.hal_rtc_wakeup_timer_set_ms
                0x0800497c       0x50 build/smtc_hal_rtc.o
                0x0800497c                hal_rtc_wakeup_timer_set_ms
 .text.RTC_IRQHandler
                0x080049cc       0x44 build/smtc_hal_rtc.o
                0x080049cc                RTC_IRQHandler
 .text.HAL_RTC_MspInit
                0x08004a10       0x24 build/smtc_hal_rtc.o
                0x08004a10                HAL_RTC_MspInit
 .text.hal_spi_init
                0x08004a34       0xac build/smtc_hal_spi.o
                0x08004a34                hal_spi_init
 .text.hal_spi_de_init
                0x08004ae0       0x14 build/smtc_hal_spi.o
                0x08004ae0                hal_spi_de_init
 .text.hal_spi_in_out
                0x08004af4       0x30 build/smtc_hal_spi.o
                0x08004af4                hal_spi_in_out
 .text.HAL_SPI_MspInit
                0x08004b24      0x16c build/smtc_hal_spi.o
                0x08004b24                HAL_SPI_MspInit
 .text.HAL_SPI_MspDeInit
                0x08004c90      0x130 build/smtc_hal_spi.o
                0x08004c90                HAL_SPI_MspDeInit
 .text.hal_lp_timer_init
                0x08004dc0       0x74 build/smtc_hal_lp_timer.o
                0x08004dc0                hal_lp_timer_init
 .text.hal_lp_timer_start
                0x08004e34       0x3c build/smtc_hal_lp_timer.o
                0x08004e34                hal_lp_timer_start
 .text.hal_lp_timer_stop
                0x08004e70       0x10 build/smtc_hal_lp_timer.o
                0x08004e70                hal_lp_timer_stop
 .text.hal_lp_timer_irq_enable
                0x08004e80        0xa build/smtc_hal_lp_timer.o
                0x08004e80                hal_lp_timer_irq_enable
 .text.hal_lp_timer_irq_disable
                0x08004e8a        0xa build/smtc_hal_lp_timer.o
                0x08004e8a                hal_lp_timer_irq_disable
 .text.LPTIM1_IRQHandler
                0x08004e94       0x28 build/smtc_hal_lp_timer.o
                0x08004e94                LPTIM1_IRQHandler
 .text.HAL_LPTIM_MspInit
                0x08004ebc       0x30 build/smtc_hal_lp_timer.o
                0x08004ebc                HAL_LPTIM_MspInit
 .text.hal_trace_print
                0x08004eec       0x24 build/smtc_hal_trace.o
                0x08004eec                hal_trace_print
 .text.hal_trace_print_var
                0x08004f10       0x16 build/smtc_hal_trace.o
                0x08004f10                hal_trace_print_var
 *fill*         0x08004f26        0x2 
 .text.uart1_init
                0x08004f28       0x64 build/smtc_hal_uart.o
                0x08004f28                uart1_init
 .text.uart1_deinit
                0x08004f8c       0x10 build/smtc_hal_uart.o
                0x08004f8c                uart1_deinit
 .text.uart1_tx
                0x08004f9c       0x1c build/smtc_hal_uart.o
                0x08004f9c                uart1_tx
 .text.HAL_UART_MspInit
                0x08004fb8      0x130 build/smtc_hal_uart.o
                0x08004fb8                HAL_UART_MspInit
 .text.HAL_UART_MspDeInit
                0x080050e8       0x78 build/smtc_hal_uart.o
                0x080050e8                HAL_UART_MspDeInit
 .text.DMA1_Channel4_5_6_7_IRQHandler
                0x08005160       0x10 build/smtc_hal_uart.o
                0x08005160                DMA1_Channel4_5_6_7_IRQHandler
 .text.USART2_IRQHandler
                0x08005170       0x10 build/smtc_hal_uart.o
                0x08005170                USART2_IRQHandler
 .text.hal_watchdog_init
                0x08005180       0x24 build/smtc_hal_watchdog.o
                0x08005180                hal_watchdog_init
 .text.watchdog_reload
                0x080051a4       0x10 build/smtc_hal_watchdog.o
                0x080051a4                watchdog_reload
 .text.hal_rng_init
                0x080051b4       0x18 build/smtc_hal_rng.o
                0x080051b4                hal_rng_init
 .text.hal_rng_get_random_in_range
                0x080051cc       0x2a build/smtc_hal_rng.o
                0x080051cc                hal_rng_get_random_in_range
 .text.hal_rng_get_signed_random_in_range
                0x080051f6       0x22 build/smtc_hal_rng.o
                0x080051f6                hal_rng_get_signed_random_in_range
 .text.hal_i2c_init
                0x08005218       0xd0 build/smtc_hal_i2c.o
                0x08005218                hal_i2c_init
 .text.hal_i2c_deinit
                0x080052e8       0x14 build/smtc_hal_i2c.o
                0x080052e8                hal_i2c_deinit
 .text.HAL_I2C_MspInit
                0x080052fc      0x138 build/smtc_hal_i2c.o
                0x080052fc                HAL_I2C_MspInit
 .text.HAL_I2C_MspDeInit
                0x08005434       0xc8 build/smtc_hal_i2c.o
                0x08005434                HAL_I2C_MspDeInit
 .text.hal_i2c_read
                0x080054fc       0x34 build/smtc_hal_i2c.o
                0x080054fc                hal_i2c_read
 .text.TimerInsertTimer
                0x08005530       0x2c build/timer.o
 .text.TimerSetTimeout
                0x0800555c       0x22 build/timer.o
 *fill*         0x0800557e        0x2 
 .text.TimerInsertNewHeadTimer
                0x08005580       0x1c build/timer.o
 .text.TimerInit
                0x0800559c       0x10 build/timer.o
                0x0800559c                TimerInit
 .text.TimerSetContext
                0x080055ac        0x4 build/timer.o
                0x080055ac                TimerSetContext
 .text.TimerStart
                0x080055b0       0x5c build/timer.o
                0x080055b0                TimerStart
 .text.TimerIrqHandler
                0x0800560c       0x7c build/timer.o
                0x0800560c                TimerIrqHandler
 .text.TimerStop
                0x08005688       0x5c build/timer.o
                0x08005688                TimerStop
 .text.TimerSetValue
                0x080056e4       0x22 build/timer.o
                0x080056e4                TimerSetValue
 *fill*         0x08005706        0x2 
 .text.settings_init
                0x08005708       0x44 build/settings.o
                0x08005708                settings_init
 .text.lr11xx_hal_reset
                0x0800574c       0x3c build/lr11xx_hal.o
                0x0800574c                lr11xx_hal_reset
 .text.lr11xx_hal_wait_on_busy
                0x08005788        0xe build/lr11xx_hal.o
                0x08005788                lr11xx_hal_wait_on_busy
 *fill*         0x08005796        0x2 
 .text.lr11xx_hal_check_device_ready
                0x08005798       0x30 build/lr11xx_hal.o
                0x08005798                lr11xx_hal_check_device_ready
 .text.lr11xx_hal_write
                0x080057c8       0x6c build/lr11xx_hal.o
                0x080057c8                lr11xx_hal_write
 .text.lr11xx_hal_read
                0x08005834       0x68 build/lr11xx_hal.o
                0x08005834                lr11xx_hal_read
 .text.lr11xx_hal_direct_read
                0x0800589c       0x32 build/lr11xx_hal.o
                0x0800589c                lr11xx_hal_direct_read
 .text.lr11xx_hal_wakeup
                0x080058ce        0xa build/lr11xx_hal.o
                0x080058ce                lr11xx_hal_wakeup
 .text.ral_lr11xx_bsp_get_rf_switch_cfg
                0x080058d8       0x20 build/ral_lr11xx_bsp.o
                0x080058d8                ral_lr11xx_bsp_get_rf_switch_cfg
 .text.ral_lr11xx_bsp_get_reg_mode
                0x080058f8        0x6 build/ral_lr11xx_bsp.o
                0x080058f8                ral_lr11xx_bsp_get_reg_mode
 .text.ral_lr11xx_bsp_get_xosc_cfg
                0x080058fe        0xe build/ral_lr11xx_bsp.o
                0x080058fe                ral_lr11xx_bsp_get_xosc_cfg
 .text.ral_lr11xx_bsp_get_crc_state
                0x0800590c        0x6 build/ral_lr11xx_bsp.o
                0x0800590c                ral_lr11xx_bsp_get_crc_state
 *fill*         0x08005912        0x2 
 .text.ral_lr11xx_bsp_get_rssi_calibration_table
                0x08005914       0xd0 build/ral_lr11xx_bsp.o
                0x08005914                ral_lr11xx_bsp_get_rssi_calibration_table
 .text.lr11xx_get_tx_cfg
                0x080059e4      0x114 build/ral_lr11xx_bsp.o
                0x080059e4                lr11xx_get_tx_cfg
 .text.ral_lr11xx_bsp_get_tx_cfg
                0x08005af8       0x40 build/ral_lr11xx_bsp.o
                0x08005af8                ral_lr11xx_bsp_get_tx_cfg
 .text.Reset_Handler
                0x08005b38       0x50 build/startup_stm32l071xx.o
                0x08005b38                Reset_Handler
 .text.Default_Handler
                0x08005b88        0x2 build/startup_stm32l071xx.o
                0x08005b88                ADC1_COMP_IRQHandler
                0x08005b88                TIM6_IRQHandler
                0x08005b88                PVD_IRQHandler
                0x08005b88                PendSV_Handler
                0x08005b88                NMI_Handler
                0x08005b88                I2C1_IRQHandler
                0x08005b88                SPI1_IRQHandler
                0x08005b88                I2C2_IRQHandler
                0x08005b88                TIM3_IRQHandler
                0x08005b88                RCC_IRQHandler
                0x08005b88                DMA1_Channel1_IRQHandler
                0x08005b88                USART4_5_IRQHandler
                0x08005b88                Default_Handler
                0x08005b88                TIM22_IRQHandler
                0x08005b88                TIM7_IRQHandler
                0x08005b88                I2C3_IRQHandler
                0x08005b88                SPI2_IRQHandler
                0x08005b88                SVC_Handler
                0x08005b88                TIM21_IRQHandler
                0x08005b88                WWDG_IRQHandler
                0x08005b88                LPUART1_IRQHandler
                0x08005b88                TIM2_IRQHandler
                0x08005b88                DMA1_Channel2_3_IRQHandler
                0x08005b88                FLASH_IRQHandler
                0x08005b88                USART1_IRQHandler
 .text.lr11xx_system_reset
                0x08005b8a        0x8 lbm/build/basic_modem.a(lr11xx_system.o)
                0x08005b8a                lr11xx_system_reset
 .text.lr11xx_system_get_status
                0x08005b92       0x52 lbm/build/basic_modem.a(lr11xx_system.o)
                0x08005b92                lr11xx_system_get_status
 .text.lr11xx_system_get_version
                0x08005be4       0x32 lbm/build/basic_modem.a(lr11xx_system.o)
                0x08005be4                lr11xx_system_get_version
 *fill*         0x08005c16        0x2 
 .text.lr11xx_system_calibrate
                0x08005c18       0x20 lbm/build/basic_modem.a(lr11xx_system.o)
                0x08005c18                lr11xx_system_calibrate
 .text.lr11xx_system_set_reg_mode
                0x08005c38       0x20 lbm/build/basic_modem.a(lr11xx_system.o)
                0x08005c38                lr11xx_system_set_reg_mode
 .text.lr11xx_system_calibrate_image
                0x08005c58       0x20 lbm/build/basic_modem.a(lr11xx_system.o)
                0x08005c58                lr11xx_system_calibrate_image
 .text.lr11xx_system_calibrate_image_in_mhz
                0x08005c78       0x12 lbm/build/basic_modem.a(lr11xx_system.o)
                0x08005c78                lr11xx_system_calibrate_image_in_mhz
 *fill*         0x08005c8a        0x2 
 .text.lr11xx_system_set_dio_as_rf_switch
                0x08005c8c       0x3c lbm/build/basic_modem.a(lr11xx_system.o)
                0x08005c8c                lr11xx_system_set_dio_as_rf_switch
 .text.lr11xx_system_set_dio_irq_params
                0x08005cc8       0x38 lbm/build/basic_modem.a(lr11xx_system.o)
                0x08005cc8                lr11xx_system_set_dio_irq_params
 .text.lr11xx_system_clear_irq_status
                0x08005d00       0x28 lbm/build/basic_modem.a(lr11xx_system.o)
                0x08005d00                lr11xx_system_clear_irq_status
 .text.lr11xx_system_get_and_clear_irq_status
                0x08005d28       0x38 lbm/build/basic_modem.a(lr11xx_system.o)
                0x08005d28                lr11xx_system_get_and_clear_irq_status
 .text.lr11xx_system_cfg_lfclk
                0x08005d60       0x24 lbm/build/basic_modem.a(lr11xx_system.o)
                0x08005d60                lr11xx_system_cfg_lfclk
 .text.lr11xx_system_set_tcxo_mode
                0x08005d84       0x28 lbm/build/basic_modem.a(lr11xx_system.o)
                0x08005d84                lr11xx_system_set_tcxo_mode
 .text.lr11xx_system_set_sleep
                0x08005dac       0x38 lbm/build/basic_modem.a(lr11xx_system.o)
                0x08005dac                lr11xx_system_set_sleep
 .text.lr11xx_system_set_standby
                0x08005de4       0x20 lbm/build/basic_modem.a(lr11xx_system.o)
                0x08005de4                lr11xx_system_set_standby
 .text.lr11xx_system_wakeup
                0x08005e04        0x8 lbm/build/basic_modem.a(lr11xx_system.o)
                0x08005e04                lr11xx_system_wakeup
 .text.lr11xx_system_set_fs
                0x08005e0c       0x1c lbm/build/basic_modem.a(lr11xx_system.o)
                0x08005e0c                lr11xx_system_set_fs
 .text.lr11xx_system_get_random_number
                0x08005e28       0x1c lbm/build/basic_modem.a(lr11xx_system.o)
                0x08005e28                lr11xx_system_get_random_number
 .text.lr11xx_system_enable_spi_crc
                0x08005e44       0x20 lbm/build/basic_modem.a(lr11xx_system.o)
                0x08005e44                lr11xx_system_enable_spi_crc
 .text.ral_lr11xx_convert_irq_flags_to_ral
                0x08005e64       0x6c lbm/build/basic_modem.a(ral_lr11xx.o)
 .text.ral_lr11xx_convert_irq_flags_from_ral
                0x08005ed0       0x6e lbm/build/basic_modem.a(ral_lr11xx.o)
 .text.ral_lr11xx_convert_gfsk_pkt_params_from_ral
                0x08005f3e       0x80 lbm/build/basic_modem.a(ral_lr11xx.o)
 .text.ral_lr11xx_convert_lora_mod_params_from_ral
                0x08005fbe       0x60 lbm/build/basic_modem.a(ral_lr11xx.o)
 .text.ral_lr11xx_convert_gfsk_mod_params_from_ral
                0x0800601e       0x4e lbm/build/basic_modem.a(ral_lr11xx.o)
 .text.ral_lr11xx_convert_lora_pkt_params_from_ral
                0x0800606c       0x24 lbm/build/basic_modem.a(ral_lr11xx.o)
 .text.ral_lr11xx_handles_part
                0x08006090       0x2c lbm/build/basic_modem.a(ral_lr11xx.o)
                0x08006090                ral_lr11xx_handles_part
 .text.ral_lr11xx_reset
                0x080060bc        0x8 lbm/build/basic_modem.a(ral_lr11xx.o)
                0x080060bc                ral_lr11xx_reset
 .text.ral_lr11xx_init
                0x080060c4       0x9a lbm/build/basic_modem.a(ral_lr11xx.o)
                0x080060c4                ral_lr11xx_init
 .text.ral_lr11xx_wakeup
                0x0800615e        0x8 lbm/build/basic_modem.a(ral_lr11xx.o)
                0x0800615e                ral_lr11xx_wakeup
 .text.ral_lr11xx_set_sleep
                0x08006166       0x22 lbm/build/basic_modem.a(ral_lr11xx.o)
                0x08006166                ral_lr11xx_set_sleep
 .text.ral_lr11xx_set_standby
                0x08006188       0x16 lbm/build/basic_modem.a(ral_lr11xx.o)
                0x08006188                ral_lr11xx_set_standby
 .text.ral_lr11xx_set_fs
                0x0800619e        0x8 lbm/build/basic_modem.a(ral_lr11xx.o)
                0x0800619e                ral_lr11xx_set_fs
 .text.ral_lr11xx_set_tx
                0x080061a6        0xa lbm/build/basic_modem.a(ral_lr11xx.o)
                0x080061a6                ral_lr11xx_set_tx
 .text.ral_lr11xx_set_rx
                0x080061b0       0x28 lbm/build/basic_modem.a(ral_lr11xx.o)
                0x080061b0                ral_lr11xx_set_rx
 .text.ral_lr11xx_cfg_rx_boosted
                0x080061d8        0x8 lbm/build/basic_modem.a(ral_lr11xx.o)
                0x080061d8                ral_lr11xx_cfg_rx_boosted
 .text.ral_lr11xx_set_rx_tx_fallback_mode
                0x080061e0       0x16 lbm/build/basic_modem.a(ral_lr11xx.o)
                0x080061e0                ral_lr11xx_set_rx_tx_fallback_mode
 .text.ral_lr11xx_stop_timer_on_preamble
                0x080061f6        0x8 lbm/build/basic_modem.a(ral_lr11xx.o)
                0x080061f6                ral_lr11xx_stop_timer_on_preamble
 .text.ral_lr11xx_set_rx_duty_cycle
                0x080061fe        0xa lbm/build/basic_modem.a(ral_lr11xx.o)
                0x080061fe                ral_lr11xx_set_rx_duty_cycle
 .text.ral_lr11xx_set_lora_cad
                0x08006208        0x8 lbm/build/basic_modem.a(ral_lr11xx.o)
                0x08006208                ral_lr11xx_set_lora_cad
 .text.ral_lr11xx_set_tx_cw
                0x08006210        0x8 lbm/build/basic_modem.a(ral_lr11xx.o)
                0x08006210                ral_lr11xx_set_tx_cw
 .text.ral_lr11xx_set_tx_infinite_preamble
                0x08006218        0x8 lbm/build/basic_modem.a(ral_lr11xx.o)
                0x08006218                ral_lr11xx_set_tx_infinite_preamble
 .text.ral_lr11xx_cal_img
                0x08006220        0x8 lbm/build/basic_modem.a(ral_lr11xx.o)
                0x08006220                ral_lr11xx_cal_img
 .text.ral_lr11xx_set_tx_cfg
                0x08006228       0x30 lbm/build/basic_modem.a(ral_lr11xx.o)
                0x08006228                ral_lr11xx_set_tx_cfg
 .text.ral_lr11xx_set_pkt_payload
                0x08006258        0xa lbm/build/basic_modem.a(ral_lr11xx.o)
                0x08006258                ral_lr11xx_set_pkt_payload
 .text.ral_lr11xx_get_pkt_payload
                0x08006262       0x38 lbm/build/basic_modem.a(ral_lr11xx.o)
                0x08006262                ral_lr11xx_get_pkt_payload
 .text.ral_lr11xx_get_irq_status
                0x0800629a       0x20 lbm/build/basic_modem.a(ral_lr11xx.o)
                0x0800629a                ral_lr11xx_get_irq_status
 .text.ral_lr11xx_clear_irq_status
                0x080062ba       0x14 lbm/build/basic_modem.a(ral_lr11xx.o)
                0x080062ba                ral_lr11xx_clear_irq_status
 .text.ral_lr11xx_get_and_clear_irq_status
                0x080062ce       0x22 lbm/build/basic_modem.a(ral_lr11xx.o)
                0x080062ce                ral_lr11xx_get_and_clear_irq_status
 .text.ral_lr11xx_set_dio_irq_params
                0x080062f0       0x16 lbm/build/basic_modem.a(ral_lr11xx.o)
                0x080062f0                ral_lr11xx_set_dio_irq_params
 .text.ral_lr11xx_set_rf_freq
                0x08006306       0x26 lbm/build/basic_modem.a(ral_lr11xx.o)
                0x08006306                ral_lr11xx_set_rf_freq
 .text.ral_lr11xx_set_pkt_type
                0x0800632c       0x1c lbm/build/basic_modem.a(ral_lr11xx.o)
                0x0800632c                ral_lr11xx_set_pkt_type
 .text.ral_lr11xx_get_pkt_type
                0x08006348       0x2a lbm/build/basic_modem.a(ral_lr11xx.o)
                0x08006348                ral_lr11xx_get_pkt_type
 .text.ral_lr11xx_set_gfsk_mod_params
                0x08006372       0x2a lbm/build/basic_modem.a(ral_lr11xx.o)
                0x08006372                ral_lr11xx_set_gfsk_mod_params
 .text.ral_lr11xx_set_gfsk_pkt_params
                0x0800639c       0x2c lbm/build/basic_modem.a(ral_lr11xx.o)
                0x0800639c                ral_lr11xx_set_gfsk_pkt_params
 .text.ral_lr11xx_set_lora_mod_params
                0x080063c8       0x1a lbm/build/basic_modem.a(ral_lr11xx.o)
                0x080063c8                ral_lr11xx_set_lora_mod_params
 .text.ral_lr11xx_set_lora_pkt_params
                0x080063e2       0x28 lbm/build/basic_modem.a(ral_lr11xx.o)
                0x080063e2                ral_lr11xx_set_lora_pkt_params
 .text.ral_lr11xx_set_lora_cad_params
                0x0800640a       0x5e lbm/build/basic_modem.a(ral_lr11xx.o)
                0x0800640a                ral_lr11xx_set_lora_cad_params
 .text.ral_lr11xx_set_lora_symb_nb_timeout
                0x08006468        0x8 lbm/build/basic_modem.a(ral_lr11xx.o)
                0x08006468                ral_lr11xx_set_lora_symb_nb_timeout
 .text.ral_lr11xx_set_flrc_mod_params
                0x08006470        0x4 lbm/build/basic_modem.a(ral_lr11xx.o)
                0x08006470                ral_lr11xx_set_flrc_mod_params
 .text.ral_lr11xx_set_flrc_pkt_params
                0x08006474        0x4 lbm/build/basic_modem.a(ral_lr11xx.o)
                0x08006474                ral_lr11xx_set_flrc_pkt_params
 .text.ral_lr11xx_get_gfsk_rx_pkt_status
                0x08006478       0x46 lbm/build/basic_modem.a(ral_lr11xx.o)
                0x08006478                ral_lr11xx_get_gfsk_rx_pkt_status
 .text.ral_lr11xx_get_lora_rx_pkt_status
                0x080064be       0x24 lbm/build/basic_modem.a(ral_lr11xx.o)
                0x080064be                ral_lr11xx_get_lora_rx_pkt_status
 .text.ral_lr11xx_get_flrc_rx_pkt_status
                0x080064e2        0x4 lbm/build/basic_modem.a(ral_lr11xx.o)
                0x080064e2                ral_lr11xx_get_flrc_rx_pkt_status
 .text.ral_lr11xx_get_rssi_inst
                0x080064e6       0x16 lbm/build/basic_modem.a(ral_lr11xx.o)
                0x080064e6                ral_lr11xx_get_rssi_inst
 .text.ral_lr11xx_get_lora_time_on_air_in_ms
                0x080064fc       0x20 lbm/build/basic_modem.a(ral_lr11xx.o)
                0x080064fc                ral_lr11xx_get_lora_time_on_air_in_ms
 .text.ral_lr11xx_get_gfsk_time_on_air_in_ms
                0x0800651c       0x22 lbm/build/basic_modem.a(ral_lr11xx.o)
                0x0800651c                ral_lr11xx_get_gfsk_time_on_air_in_ms
 .text.ral_lr11xx_get_flrc_time_on_air_in_ms
                0x0800653e        0x4 lbm/build/basic_modem.a(ral_lr11xx.o)
                0x0800653e                ral_lr11xx_get_flrc_time_on_air_in_ms
 .text.ral_lr11xx_set_gfsk_sync_word
                0x08006542       0x2e lbm/build/basic_modem.a(ral_lr11xx.o)
                0x08006542                ral_lr11xx_set_gfsk_sync_word
 .text.ral_lr11xx_set_lora_sync_word
                0x08006570        0x8 lbm/build/basic_modem.a(ral_lr11xx.o)
                0x08006570                ral_lr11xx_set_lora_sync_word
 .text.ral_lr11xx_set_flrc_sync_word
                0x08006578        0x4 lbm/build/basic_modem.a(ral_lr11xx.o)
                0x08006578                ral_lr11xx_set_flrc_sync_word
 .text.ral_lr11xx_set_gfsk_crc_params
                0x0800657c        0x8 lbm/build/basic_modem.a(ral_lr11xx.o)
                0x0800657c                ral_lr11xx_set_gfsk_crc_params
 .text.ral_lr11xx_set_flrc_crc_params
                0x08006584        0x4 lbm/build/basic_modem.a(ral_lr11xx.o)
                0x08006584                ral_lr11xx_set_flrc_crc_params
 .text.ral_lr11xx_set_gfsk_whitening_seed
                0x08006588        0x8 lbm/build/basic_modem.a(ral_lr11xx.o)
                0x08006588                ral_lr11xx_set_gfsk_whitening_seed
 .text.ral_lr11xx_lr_fhss_init
                0x08006590        0x8 lbm/build/basic_modem.a(ral_lr11xx.o)
                0x08006590                ral_lr11xx_lr_fhss_init
 .text.ral_lr11xx_lr_fhss_build_frame
                0x08006598       0x66 lbm/build/basic_modem.a(ral_lr11xx.o)
                0x08006598                ral_lr11xx_lr_fhss_build_frame
 .text.ral_lr11xx_lr_fhss_handle_hop
                0x080065fe        0x4 lbm/build/basic_modem.a(ral_lr11xx.o)
                0x080065fe                ral_lr11xx_lr_fhss_handle_hop
 .text.ral_lr11xx_lr_fhss_handle_tx_done
                0x08006602        0x4 lbm/build/basic_modem.a(ral_lr11xx.o)
                0x08006602                ral_lr11xx_lr_fhss_handle_tx_done
 .text.ral_lr11xx_lr_fhss_get_time_on_air_in_ms
                0x08006606       0x28 lbm/build/basic_modem.a(ral_lr11xx.o)
                0x08006606                ral_lr11xx_lr_fhss_get_time_on_air_in_ms
 .text.ral_lr11xx_lr_fhss_get_hop_sequence_count
                0x0800662e       0x1a lbm/build/basic_modem.a(ral_lr11xx.o)
                0x0800662e                ral_lr11xx_lr_fhss_get_hop_sequence_count
 .text.ral_lr11xx_get_lora_rx_pkt_cr_crc
                0x08006648        0x4 lbm/build/basic_modem.a(ral_lr11xx.o)
                0x08006648                ral_lr11xx_get_lora_rx_pkt_cr_crc
 .text.ral_lr11xx_get_tx_consumption_in_ua
                0x0800664c       0xd8 lbm/build/basic_modem.a(ral_lr11xx.o)
                0x0800664c                ral_lr11xx_get_tx_consumption_in_ua
 .text.ral_lr11xx_get_gfsk_rx_consumption_in_ua
                0x08006724       0x2c lbm/build/basic_modem.a(ral_lr11xx.o)
                0x08006724                ral_lr11xx_get_gfsk_rx_consumption_in_ua
 .text.ral_lr11xx_get_lora_rx_consumption_in_ua
                0x08006750       0x2c lbm/build/basic_modem.a(ral_lr11xx.o)
                0x08006750                ral_lr11xx_get_lora_rx_consumption_in_ua
 .text.ral_lr11xx_get_random_numbers
                0x0800677c       0x24 lbm/build/basic_modem.a(ral_lr11xx.o)
                0x0800677c                ral_lr11xx_get_random_numbers
 .text.ralf_lr11xx_setup_gfsk
                0x080067a0       0x9e lbm/build/basic_modem.a(ralf_lr11xx.o)
                0x080067a0                ralf_lr11xx_setup_gfsk
 .text.ralf_lr11xx_setup_lora
                0x0800683e       0x70 lbm/build/basic_modem.a(ralf_lr11xx.o)
                0x0800683e                ralf_lr11xx_setup_lora
 .text.ralf_lr11xx_setup_flrc
                0x080068ae        0x4 lbm/build/basic_modem.a(ralf_lr11xx.o)
                0x080068ae                ralf_lr11xx_setup_flrc
 .text.empty_callback
                0x080068b2        0x2 lbm/build/basic_modem.a(smtc_modem.o)
                0x080068b2                empty_callback
 .text.is_modem_connected
                0x080068b4       0x6c lbm/build/basic_modem.a(smtc_modem.o)
 .text.user_radio_access_callback
                0x08006920       0x44 lbm/build/basic_modem.a(smtc_modem.o)
                0x08006920                user_radio_access_callback
 .text.smtc_modem_send_tx.constprop.0
                0x08006964       0xa0 lbm/build/basic_modem.a(smtc_modem.o)
 .text.smtc_modem_init
                0x08006a04       0xb4 lbm/build/basic_modem.a(smtc_modem.o)
                0x08006a04                smtc_modem_init
 .text.smtc_modem_run_engine
                0x08006ab8       0x28 lbm/build/basic_modem.a(smtc_modem.o)
                0x08006ab8                smtc_modem_run_engine
 .text.smtc_modem_get_modem_version
                0x08006ae0       0x24 lbm/build/basic_modem.a(smtc_modem.o)
                0x08006ae0                smtc_modem_get_modem_version
 .text.smtc_modem_get_lorawan_version
                0x08006b04       0x2c lbm/build/basic_modem.a(smtc_modem.o)
                0x08006b04                smtc_modem_get_lorawan_version
 .text.smtc_modem_get_regional_params_version
                0x08006b30       0x2c lbm/build/basic_modem.a(smtc_modem.o)
                0x08006b30                smtc_modem_get_regional_params_version
 .text.smtc_modem_get_tx_power_offset_db
                0x08006b5c       0x20 lbm/build/basic_modem.a(smtc_modem.o)
                0x08006b5c                smtc_modem_get_tx_power_offset_db
 .text.smtc_modem_alarm_start_timer
                0x08006b7c       0x24 lbm/build/basic_modem.a(smtc_modem.o)
                0x08006b7c                smtc_modem_alarm_start_timer
 .text.smtc_modem_set_joineui
                0x08006ba0       0x48 lbm/build/basic_modem.a(smtc_modem.o)
                0x08006ba0                smtc_modem_set_joineui
 .text.smtc_modem_set_deveui
                0x08006be8       0x48 lbm/build/basic_modem.a(smtc_modem.o)
                0x08006be8                smtc_modem_set_deveui
 .text.smtc_modem_set_nwkkey
                0x08006c30       0x48 lbm/build/basic_modem.a(smtc_modem.o)
                0x08006c30                smtc_modem_set_nwkkey
 .text.smtc_modem_set_region
                0x08006c78       0x54 lbm/build/basic_modem.a(smtc_modem.o)
                0x08006c78                smtc_modem_set_region
 .text.smtc_modem_adr_set_profile
                0x08006ccc       0x5c lbm/build/basic_modem.a(smtc_modem.o)
                0x08006ccc                smtc_modem_adr_set_profile
 .text.smtc_modem_dm_set_info_interval
                0x08006d28       0x54 lbm/build/basic_modem.a(smtc_modem.o)
                0x08006d28                smtc_modem_dm_set_info_interval
 .text.smtc_modem_join_network
                0x08006d7c       0x7c lbm/build/basic_modem.a(smtc_modem.o)
                0x08006d7c                smtc_modem_join_network
 .text.smtc_modem_leave_network
                0x08006df8       0x16 lbm/build/basic_modem.a(smtc_modem.o)
                0x08006df8                smtc_modem_leave_network
 .text.smtc_modem_request_uplink
                0x08006e0e       0x2e lbm/build/basic_modem.a(smtc_modem.o)
                0x08006e0e                smtc_modem_request_uplink
 .text.smtc_modem_set_certification_mode
                0x08006e3c       0x2a lbm/build/basic_modem.a(smtc_modem.o)
                0x08006e3c                smtc_modem_set_certification_mode
 .text.smtc_modem_lorawan_request_link_check
                0x08006e66       0x22 lbm/build/basic_modem.a(smtc_modem.o)
                0x08006e66                smtc_modem_lorawan_request_link_check
 .text.convert_rp_to_user_radio_access_status
                0x08006e88       0x14 lbm/build/basic_modem.a(smtc_modem.o)
                0x08006e88                convert_rp_to_user_radio_access_status
 .text.smtc_modem_get_event
                0x08006e9c      0x170 lbm/build/basic_modem.a(smtc_modem.o)
                0x08006e9c                smtc_modem_get_event
 .text.convert_rp_to_user_radio_access_rp_status
                0x0800700c       0x14 lbm/build/basic_modem.a(smtc_modem.o)
                0x0800700c                convert_rp_to_user_radio_access_rp_status
 .text.callback_rp_user_radio_access_0
                0x08007020       0x5c lbm/build/basic_modem.a(smtc_modem.o)
                0x08007020                callback_rp_user_radio_access_0
 .text.callback_rp_user_radio_access_1
                0x0800707c       0x5c lbm/build/basic_modem.a(smtc_modem.o)
                0x0800707c                callback_rp_user_radio_access_1
 .text.callback_rp_user_radio_access_2
                0x080070d8       0x5c lbm/build/basic_modem.a(smtc_modem.o)
                0x080070d8                callback_rp_user_radio_access_2
 .text.test_mode_cw_callback_for_rp
                0x08007134       0x6c lbm/build/basic_modem.a(smtc_modem_test.o)
                0x08007134                test_mode_cw_callback_for_rp
 .text.smtc_modem_test_start
                0x080071a0       0x8c lbm/build/basic_modem.a(smtc_modem_test.o)
                0x080071a0                smtc_modem_test_start
 .text.smtc_modem_test_tx_cw
                0x0800722c       0xf4 lbm/build/basic_modem.a(smtc_modem_test.o)
                0x0800722c                smtc_modem_test_tx_cw
 .text.smtc_modem_test_radio_reset
                0x08007320       0x64 lbm/build/basic_modem.a(smtc_modem_test.o)
                0x08007320                smtc_modem_test_radio_reset
 .text.smtc_modem_test_nop
                0x08007384       0x38 lbm/build/basic_modem.a(smtc_modem_test.o)
                0x08007384                smtc_modem_test_nop
 .text.smtc_modem_test_stop
                0x080073bc       0x4c lbm/build/basic_modem.a(smtc_modem_test.o)
                0x080073bc                smtc_modem_test_stop
 .text.smtc_modem_test_duty_cycle_app_activate
                0x08007408       0x2c lbm/build/basic_modem.a(smtc_modem_test.o)
                0x08007408                smtc_modem_test_duty_cycle_app_activate
 .text.fifo_ctrl_clear
                0x08007434       0x14 lbm/build/basic_modem.a(fifo_ctrl.o)
                0x08007434                fifo_ctrl_clear
 .text.fifo_ctrl_init
                0x08007448        0xc lbm/build/basic_modem.a(fifo_ctrl.o)
                0x08007448                fifo_ctrl_init
 .text.fifo_ctrl_print_stat
                0x08007454        0x2 lbm/build/basic_modem.a(fifo_ctrl.o)
                0x08007454                fifo_ctrl_print_stat
 .text.fifo_ctrl_get_nb_elt
                0x08007456        0x4 lbm/build/basic_modem.a(fifo_ctrl.o)
                0x08007456                fifo_ctrl_get_nb_elt
 .text.fifo_ctrl_get
                0x0800745a      0x132 lbm/build/basic_modem.a(fifo_ctrl.o)
                0x0800745a                fifo_ctrl_get
 .text.fifo_ctrl_set
                0x0800758c      0x19a lbm/build/basic_modem.a(fifo_ctrl.o)
                0x0800758c                fifo_ctrl_set
 *fill*         0x08007726        0x2 
 .text.certification_event_handler
                0x08007728      0x3e4 lbm/build/basic_modem.a(modem_supervisor.o)
 .text.modem_supervisor_init_task
                0x08007b0c       0x24 lbm/build/basic_modem.a(modem_supervisor.o)
                0x08007b0c                modem_supervisor_init_task
 .text.modem_supervisor_init
                0x08007b30       0xe4 lbm/build/basic_modem.a(modem_supervisor.o)
                0x08007b30                modem_supervisor_init
 .text.modem_supervisor_get_task_priority
                0x08007c14       0x18 lbm/build/basic_modem.a(modem_supervisor.o)
                0x08007c14                modem_supervisor_get_task_priority
 .text.modem_supervisor_remove_task
                0x08007c2c       0x34 lbm/build/basic_modem.a(modem_supervisor.o)
                0x08007c2c                modem_supervisor_remove_task
 .text.modem_supervisor_add_task
                0x08007c60       0x4c lbm/build/basic_modem.a(modem_supervisor.o)
                0x08007c60                modem_supervisor_add_task
 .text.modem_supervisor_launch_task
                0x08007cac      0x674 lbm/build/basic_modem.a(modem_supervisor.o)
                0x08007cac                modem_supervisor_launch_task
 .text.modem_supervisor_update_task
                0x08008320      0x2b0 lbm/build/basic_modem.a(modem_supervisor.o)
                0x08008320                modem_supervisor_update_task
 .text.modem_supervisor_scheduler
                0x080085d0       0xcc lbm/build/basic_modem.a(modem_supervisor.o)
                0x080085d0                modem_supervisor_scheduler
 .text.modem_supervisor_engine
                0x0800869c      0x194 lbm/build/basic_modem.a(modem_supervisor.o)
                0x0800869c                modem_supervisor_engine
 .text.modem_supervisor_update_downlink_frame
                0x08008830      0x158 lbm/build/basic_modem.a(modem_supervisor.o)
                0x08008830                modem_supervisor_update_downlink_frame
 .text.clock_sync_init
                0x08008988       0x2c lbm/build/basic_modem.a(smtc_clock_sync.o)
                0x08008988                clock_sync_init
 .text.clock_sync_is_enabled
                0x080089b4        0x4 lbm/build/basic_modem.a(smtc_clock_sync.o)
                0x080089b4                clock_sync_is_enabled
 .text.clock_sync_get_alcsync_port
                0x080089b8        0x4 lbm/build/basic_modem.a(smtc_clock_sync.o)
                0x080089b8                clock_sync_get_alcsync_port
 .text.clock_sync_is_done
                0x080089bc       0x22 lbm/build/basic_modem.a(smtc_clock_sync.o)
                0x080089bc                clock_sync_is_done
 .text.clock_sync_is_time_valid
                0x080089de       0x32 lbm/build/basic_modem.a(smtc_clock_sync.o)
                0x080089de                clock_sync_is_time_valid
 .text.clock_sync_set_sync_lost
                0x08008a10       0x18 lbm/build/basic_modem.a(smtc_clock_sync.o)
                0x08008a10                clock_sync_set_sync_lost
 .text.clock_sync_get_interval_second
                0x08008a28       0x14 lbm/build/basic_modem.a(smtc_clock_sync.o)
                0x08008a28                clock_sync_get_interval_second
 .text.clock_sync_reset_nb_time_req
                0x08008a3c        0x6 lbm/build/basic_modem.a(smtc_clock_sync.o)
                0x08008a3c                clock_sync_reset_nb_time_req
 .text.clock_sync_get_time_left_connection_lost
                0x08008a42       0x16 lbm/build/basic_modem.a(smtc_clock_sync.o)
                0x08008a42                clock_sync_get_time_left_connection_lost
 .text.clock_sync_callback
                0x08008a58       0xdc lbm/build/basic_modem.a(smtc_clock_sync.o)
                0x08008a58                clock_sync_callback
 .text.clock_sync_request
                0x08008b34       0xf0 lbm/build/basic_modem.a(smtc_clock_sync.o)
                0x08008b34                clock_sync_request
 .text.stream_data_pending
                0x08008c24       0x10 lbm/build/basic_modem.a(stream.o)
                0x08008c24                stream_data_pending
 .text.stream_get_fragment
                0x08008c34       0x42 lbm/build/basic_modem.a(stream.o)
                0x08008c34                stream_get_fragment
 .text.stream_process_dn_frame
                0x08008c76       0x18 lbm/build/basic_modem.a(stream.o)
                0x08008c76                stream_process_dn_frame
 .text.ROSE_rvec_len
                0x08008c8e        0xe lbm/build/basic_modem.a(rose.o)
                0x08008c8e                ROSE_rvec_len
 .text.ROSE_encWL
                0x08008c9c       0x60 lbm/build/basic_modem.a(rose.o)
                0x08008c9c                ROSE_encWL
 .text.ROSE_decWL
                0x08008cfc       0x44 lbm/build/basic_modem.a(rose.o)
                0x08008cfc                ROSE_decWL
 .text.ROSE_getStatus
                0x08008d40       0x38 lbm/build/basic_modem.a(rose.o)
                0x08008d40                ROSE_getStatus
 .text.ROSE_getData
                0x08008d78      0x424 lbm/build/basic_modem.a(rose.o)
                0x08008d78                ROSE_getData
 .text.ROSE_processDnFrame
                0x0800919c      0x170 lbm/build/basic_modem.a(rose.o)
                0x0800919c                ROSE_processDnFrame
 .text.function_xor.constprop.0
                0x0800930c       0x12 lbm/build/basic_modem.a(file_upload.o)
 *fill*         0x0800931e        0x2 
 .text.file_upload_get_fragment
                0x08009320      0x120 lbm/build/basic_modem.a(file_upload.o)
                0x08009320                file_upload_get_fragment
 .text.file_upload_is_data_remaining
                0x08009440       0x1c lbm/build/basic_modem.a(file_upload.o)
                0x08009440                file_upload_is_data_remaining
 .text.file_upload_process_file_done_frame
                0x0800945c       0x1c lbm/build/basic_modem.a(file_upload.o)
                0x0800945c                file_upload_process_file_done_frame
 .text.file_upload_get_average_delay_in_s
                0x08009478        0x4 lbm/build/basic_modem.a(file_upload.o)
                0x08009478                file_upload_get_average_delay_in_s
 .text.alc_sync_init
                0x0800947c       0x28 lbm/build/basic_modem.a(alc_sync.o)
                0x0800947c                alc_sync_init
 .text.alc_sync_parser
                0x080094a4      0x22c lbm/build/basic_modem.a(alc_sync.o)
                0x080094a4                alc_sync_parser
 .text.alc_sync_get_interval_second
                0x080096d0        0x4 lbm/build/basic_modem.a(alc_sync.o)
                0x080096d0                alc_sync_get_interval_second
 .text.alc_sync_get_time_correction_second
                0x080096d4        0x4 lbm/build/basic_modem.a(alc_sync.o)
                0x080096d4                alc_sync_get_time_correction_second
 .text.alc_sync_get_time_left_connection_lost
                0x080096d8       0x2a lbm/build/basic_modem.a(alc_sync.o)
                0x080096d8                alc_sync_get_time_left_connection_lost
 .text.is_alc_sync_done
                0x08009702       0x14 lbm/build/basic_modem.a(alc_sync.o)
                0x08009702                is_alc_sync_done
 .text.is_alc_sync_time_valid
                0x08009716       0x1e lbm/build/basic_modem.a(alc_sync.o)
                0x08009716                is_alc_sync_time_valid
 .text.alc_sync_set_sync_lost
                0x08009734        0xc lbm/build/basic_modem.a(alc_sync.o)
                0x08009734                alc_sync_set_sync_lost
 .text.alc_sync_get_nb_transmission
                0x08009740        0x4 lbm/build/basic_modem.a(alc_sync.o)
                0x08009740                alc_sync_get_nb_transmission
 .text.alc_sync_get_timestamp_last_correction_s
                0x08009744        0x4 lbm/build/basic_modem.a(alc_sync.o)
                0x08009744                alc_sync_get_timestamp_last_correction_s
 .text.alc_sync_create_uplink_payload
                0x08009748      0x1ac lbm/build/basic_modem.a(alc_sync.o)
                0x08009748                alc_sync_create_uplink_payload
 .text.compute_cmac
                0x080098f4       0x78 lbm/build/basic_modem.a(soft_se.o)
 .text.smtc_secure_element_init
                0x0800996c       0x40 lbm/build/basic_modem.a(soft_se.o)
                0x0800996c                smtc_secure_element_init
 .text.smtc_secure_element_compute_aes_cmac
                0x080099ac       0x16 lbm/build/basic_modem.a(soft_se.o)
                0x080099ac                smtc_secure_element_compute_aes_cmac
 .text.smtc_secure_element_verify_aes_cmac
                0x080099c2       0x30 lbm/build/basic_modem.a(soft_se.o)
                0x080099c2                smtc_secure_element_verify_aes_cmac
 *fill*         0x080099f2        0x2 
 .text.smtc_secure_element_aes_encrypt
                0x080099f4       0x78 lbm/build/basic_modem.a(soft_se.o)
                0x080099f4                smtc_secure_element_aes_encrypt
 .text.smtc_secure_element_set_key.part.0
                0x08009a6c       0x74 lbm/build/basic_modem.a(soft_se.o)
 .text.smtc_secure_element_set_key
                0x08009ae0       0x12 lbm/build/basic_modem.a(soft_se.o)
                0x08009ae0                smtc_secure_element_set_key
 .text.smtc_secure_element_derive_and_store_key
                0x08009af2       0x3e lbm/build/basic_modem.a(soft_se.o)
                0x08009af2                smtc_secure_element_derive_and_store_key
 .text.smtc_secure_element_process_join_accept
                0x08009b30       0x88 lbm/build/basic_modem.a(soft_se.o)
                0x08009b30                smtc_secure_element_process_join_accept
 .text.smtc_secure_element_set_deveui
                0x08009bb8       0x1c lbm/build/basic_modem.a(soft_se.o)
                0x08009bb8                smtc_secure_element_set_deveui
 .text.smtc_secure_element_get_deveui
                0x08009bd4       0x1c lbm/build/basic_modem.a(soft_se.o)
                0x08009bd4                smtc_secure_element_get_deveui
 .text.smtc_secure_element_set_joineui
                0x08009bf0       0x1c lbm/build/basic_modem.a(soft_se.o)
                0x08009bf0                smtc_secure_element_set_joineui
 .text.smtc_secure_element_get_joineui
                0x08009c0c       0x1c lbm/build/basic_modem.a(soft_se.o)
                0x08009c0c                smtc_secure_element_get_joineui
 .text.soft_ce_crc
                0x08009c28       0x38 lbm/build/basic_modem.a(soft_se.o)
                0x08009c28                soft_ce_crc
 .text.smtc_secure_element_restore_context
                0x08009c60       0x80 lbm/build/basic_modem.a(soft_se.o)
                0x08009c60                smtc_secure_element_restore_context
 .text.smtc_secure_element_store_context
                0x08009ce0       0x48 lbm/build/basic_modem.a(soft_se.o)
                0x08009ce0                smtc_secure_element_store_context
 .text.ral_compute_lora_ldro
                0x08009d28       0x52 lbm/build/basic_modem.a(lr1_stack_mac_layer.o)
 .text.ral_set_dio_irq_params
                0x08009d7a        0xa lbm/build/basic_modem.a(lr1_stack_mac_layer.o)
 .text.lr1_stack_mac_tx_lora_launch_callback_for_rp
                0x08009d84       0xb8 lbm/build/basic_modem.a(lr1_stack_mac_layer.o)
                0x08009d84                lr1_stack_mac_tx_lora_launch_callback_for_rp
 .text.lr1_stack_mac_rx_lora_launch_callback_for_rp
                0x08009e3c       0x98 lbm/build/basic_modem.a(lr1_stack_mac_layer.o)
                0x08009e3c                lr1_stack_mac_rx_lora_launch_callback_for_rp
 .text.lr1_stack_mac_rx_gfsk_launch_callback_for_rp
                0x08009ed4       0x98 lbm/build/basic_modem.a(lr1_stack_mac_layer.o)
                0x08009ed4                lr1_stack_mac_rx_gfsk_launch_callback_for_rp
 .text.lr1_stack_mac_tx_lr_fhss_launch_callback_for_rp
                0x08009f6c      0x10c lbm/build/basic_modem.a(lr1_stack_mac_layer.o)
                0x08009f6c                lr1_stack_mac_tx_lr_fhss_launch_callback_for_rp
 .text.lr1_stack_mac_tx_gfsk_launch_callback_for_rp
                0x0800a078       0xc0 lbm/build/basic_modem.a(lr1_stack_mac_layer.o)
                0x0800a078                lr1_stack_mac_tx_gfsk_launch_callback_for_rp
 .text.lr1_stack_mac_session_init
                0x0800a138       0x80 lbm/build/basic_modem.a(lr1_stack_mac_layer.o)
                0x0800a138                lr1_stack_mac_session_init
 .text.lr1_stack_mac_init
                0x0800a1b8       0xcc lbm/build/basic_modem.a(lr1_stack_mac_layer.o)
                0x0800a1b8                lr1_stack_mac_init
 .text.lr1_stack_mac_tx_frame_build
                0x0800a284       0xd8 lbm/build/basic_modem.a(lr1_stack_mac_layer.o)
                0x0800a284                lr1_stack_mac_tx_frame_build
 .text.lr1_stack_mac_tx_frame_encrypt
                0x0800a35c       0xdc lbm/build/basic_modem.a(lr1_stack_mac_layer.o)
                0x0800a35c                lr1_stack_mac_tx_frame_encrypt
 .text.lr1_stack_mac_radio_busy_lbt
                0x0800a438       0x34 lbm/build/basic_modem.a(lr1_stack_mac_layer.o)
                0x0800a438                lr1_stack_mac_radio_busy_lbt
 .text.lr1_stack_mac_radio_abort_lbt
                0x0800a46c        0xc lbm/build/basic_modem.a(lr1_stack_mac_layer.o)
                0x0800a46c                lr1_stack_mac_radio_abort_lbt
 .text.lr1_stack_mac_tx_radio_start
                0x0800a478      0x38c lbm/build/basic_modem.a(lr1_stack_mac_layer.o)
                0x0800a478                lr1_stack_mac_tx_radio_start
 .text.lr1_stack_mac_tx_radio_free_lbt
                0x0800a804       0x3c lbm/build/basic_modem.a(lr1_stack_mac_layer.o)
                0x0800a804                lr1_stack_mac_tx_radio_free_lbt
 .text.lr1_stack_mac_rx_radio_start
                0x0800a840      0x314 lbm/build/basic_modem.a(lr1_stack_mac_layer.o)
                0x0800a840                lr1_stack_mac_rx_radio_start
 .text.lr1_stack_mac_rp_callback
                0x0800ab54      0x244 lbm/build/basic_modem.a(lr1_stack_mac_layer.o)
                0x0800ab54                lr1_stack_mac_rp_callback
 .text.lr1_stack_mac_rx_timer_configure
                0x0800ad98      0x180 lbm/build/basic_modem.a(lr1_stack_mac_layer.o)
                0x0800ad98                lr1_stack_mac_rx_timer_configure
 .text.lr1_stack_mac_update_tx_done
                0x0800af18       0x70 lbm/build/basic_modem.a(lr1_stack_mac_layer.o)
                0x0800af18                lr1_stack_mac_update_tx_done
 .text.lr1_stack_mac_cmd_parse
                0x0800af88      0xc4c lbm/build/basic_modem.a(lr1_stack_mac_layer.o)
                0x0800af88                lr1_stack_mac_cmd_parse
 .text.lr1_stack_mac_join_request_build
                0x0800bbd4      0x154 lbm/build/basic_modem.a(lr1_stack_mac_layer.o)
                0x0800bbd4                lr1_stack_mac_join_request_build
 .text.lr1_stack_mac_join_accept
                0x0800bd28      0x19c lbm/build/basic_modem.a(lr1_stack_mac_layer.o)
                0x0800bd28                lr1_stack_mac_join_accept
 .text.lr1_stack_network_next_free_duty_cycle_ms_get
                0x0800bec4       0x30 lbm/build/basic_modem.a(lr1_stack_mac_layer.o)
                0x0800bec4                lr1_stack_network_next_free_duty_cycle_ms_get
 .text.lr1_stack_toa_get
                0x0800bef4      0x1a4 lbm/build/basic_modem.a(lr1_stack_mac_layer.o)
                0x0800bef4                lr1_stack_toa_get
 .text.lr1_stack_mac_update
                0x0800c098      0x28c lbm/build/basic_modem.a(lr1_stack_mac_layer.o)
                0x0800c098                lr1_stack_mac_update
 .text.lr1mac_rx_payload_max_size_check
                0x0800c324       0x2c lbm/build/basic_modem.a(lr1_stack_mac_layer.o)
                0x0800c324                lr1mac_rx_payload_max_size_check
 .text.lr1_stack_mac_rx_frame_decode
                0x0800c350      0x34c lbm/build/basic_modem.a(lr1_stack_mac_layer.o)
                0x0800c350                lr1_stack_mac_rx_frame_decode
 .text.memcpy1  0x0800c69c       0x12 lbm/build/basic_modem.a(lr1mac_utilities.o)
                0x0800c69c                memcpy1
 .text.memcpy1_r
                0x0800c6ae       0x18 lbm/build/basic_modem.a(lr1mac_utilities.o)
                0x0800c6ae                memcpy1_r
 *fill*         0x0800c6c6        0x2 
 .text.memset1  0x0800c6c8       0x18 lbm/build/basic_modem.a(lr1mac_utilities.o)
                0x0800c6c8                memset1
 .text.lr1mac_utilities_crc
                0x0800c6e0       0x38 lbm/build/basic_modem.a(lr1mac_utilities.o)
                0x0800c6e0                lr1mac_utilities_crc
 .text.SMTC_GET_BIT8
                0x0800c718       0x10 lbm/build/basic_modem.a(lr1mac_utilities.o)
                0x0800c718                SMTC_GET_BIT8
 .text.SMTC_SET_BIT8
                0x0800c728       0x12 lbm/build/basic_modem.a(lr1mac_utilities.o)
                0x0800c728                SMTC_SET_BIT8
 .text.SMTC_CLR_BIT8
                0x0800c73a       0x14 lbm/build/basic_modem.a(lr1mac_utilities.o)
                0x0800c73a                SMTC_CLR_BIT8
 .text.SMTC_PUT_BIT8
                0x0800c74e       0x12 lbm/build/basic_modem.a(lr1mac_utilities.o)
                0x0800c74e                SMTC_PUT_BIT8
 .text.SMTC_ARE_CLR_BYTE8
                0x0800c760       0x18 lbm/build/basic_modem.a(lr1mac_utilities.o)
                0x0800c760                SMTC_ARE_CLR_BYTE8
 .text.SMTC_GET_BIT16
                0x0800c778       0x12 lbm/build/basic_modem.a(lr1mac_utilities.o)
                0x0800c778                SMTC_GET_BIT16
 .text.SMTC_SET_BIT16
                0x0800c78a       0x14 lbm/build/basic_modem.a(lr1mac_utilities.o)
                0x0800c78a                SMTC_SET_BIT16
 .text.SMTC_CLR_BIT16
                0x0800c79e       0x16 lbm/build/basic_modem.a(lr1mac_utilities.o)
                0x0800c79e                SMTC_CLR_BIT16
 .text.SMTC_PUT_BIT16
                0x0800c7b4       0x12 lbm/build/basic_modem.a(lr1mac_utilities.o)
                0x0800c7b4                SMTC_PUT_BIT16
 *fill*         0x0800c7c6        0x2 
 .text.lr1mac_rx_payload_min_size_check
                0x0800c7c8       0x24 lbm/build/basic_modem.a(lr1mac_utilities.o)
                0x0800c7c8                lr1mac_rx_payload_min_size_check
 .text.lr1mac_rx_mhdr_extract
                0x0800c7ec       0x50 lbm/build/basic_modem.a(lr1mac_utilities.o)
                0x0800c7ec                lr1mac_rx_mhdr_extract
 .text.lr1mac_rx_fhdr_extract
                0x0800c83c       0x9c lbm/build/basic_modem.a(lr1mac_utilities.o)
                0x0800c83c                lr1mac_rx_fhdr_extract
 .text.lr1mac_fcnt_dwn_accept
                0x0800c8d8       0x4c lbm/build/basic_modem.a(lr1mac_utilities.o)
                0x0800c8d8                lr1mac_fcnt_dwn_accept
 .text.lr1_stack_mac_cmd_ans_cut
                0x0800c924       0x38 lbm/build/basic_modem.a(lr1mac_utilities.o)
                0x0800c924                lr1_stack_mac_cmd_ans_cut
 .text.smtc_real_is_supported_region
                0x0800c95c       0x24 lbm/build/basic_modem.a(smtc_real.o)
                0x0800c95c                smtc_real_is_supported_region
 .text.smtc_real_init
                0x0800c980       0x9c lbm/build/basic_modem.a(smtc_real.o)
                0x0800c980                smtc_real_init
 .text.smtc_real_init_session
                0x0800ca1c       0x4c lbm/build/basic_modem.a(smtc_real.o)
                0x0800ca1c                smtc_real_init_session
 .text.smtc_real_set_dr_distribution
                0x0800ca68       0xb8 lbm/build/basic_modem.a(smtc_real.o)
                0x0800ca68                smtc_real_set_dr_distribution
 .text.smtc_real_get_number_of_chmask_in_cflist
                0x0800cb20       0x50 lbm/build/basic_modem.a(smtc_real.o)
                0x0800cb20                smtc_real_get_number_of_chmask_in_cflist
 .text.smtc_real_get_next_channel
                0x0800cb70       0x54 lbm/build/basic_modem.a(smtc_real.o)
                0x0800cb70                smtc_real_get_next_channel
 .text.smtc_real_get_join_next_channel
                0x0800cbc4       0x54 lbm/build/basic_modem.a(smtc_real.o)
                0x0800cbc4                smtc_real_get_join_next_channel
 .text.smtc_real_set_rx_config
                0x0800cc18       0x50 lbm/build/basic_modem.a(smtc_real.o)
                0x0800cc18                smtc_real_set_rx_config
 .text.smtc_real_set_power
                0x0800cc68       0x3c lbm/build/basic_modem.a(smtc_real.o)
                0x0800cc68                smtc_real_set_power
 .text.smtc_real_set_channel_mask
                0x0800cca4       0x50 lbm/build/basic_modem.a(smtc_real.o)
                0x0800cca4                smtc_real_set_channel_mask
 .text.smtc_real_init_channel_mask
                0x0800ccf4       0x12 lbm/build/basic_modem.a(smtc_real.o)
                0x0800ccf4                smtc_real_init_channel_mask
 *fill*         0x0800cd06        0x2 
 .text.smtc_real_init_join_snapshot_channel_mask
                0x0800cd08       0x4c lbm/build/basic_modem.a(smtc_real.o)
                0x0800cd08                smtc_real_init_join_snapshot_channel_mask
 .text.smtc_real_init_after_join_snapshot_channel_mask
                0x0800cd54       0x4c lbm/build/basic_modem.a(smtc_real.o)
                0x0800cd54                smtc_real_init_after_join_snapshot_channel_mask
 .text.smtc_real_build_channel_mask
                0x0800cda0       0x54 lbm/build/basic_modem.a(smtc_real.o)
                0x0800cda0                smtc_real_build_channel_mask
 .text.smtc_real_enable_all_channels_with_valid_freq
                0x0800cdf4       0x90 lbm/build/basic_modem.a(smtc_real.o)
                0x0800cdf4                smtc_real_enable_all_channels_with_valid_freq
 .text.smtc_real_is_rx1_dr_offset_valid
                0x0800ce84       0x2c lbm/build/basic_modem.a(smtc_real.o)
                0x0800ce84                smtc_real_is_rx1_dr_offset_valid
 .text.smtc_real_is_rx_dr_valid
                0x0800ceb0       0x44 lbm/build/basic_modem.a(smtc_real.o)
                0x0800ceb0                smtc_real_is_rx_dr_valid
 .text.smtc_real_is_tx_dr_valid
                0x0800cef4       0x44 lbm/build/basic_modem.a(smtc_real.o)
                0x0800cef4                smtc_real_is_tx_dr_valid
 .text.smtc_real_is_tx_dr_acceptable
                0x0800cf38       0xd4 lbm/build/basic_modem.a(smtc_real.o)
                0x0800cf38                smtc_real_is_tx_dr_acceptable
 .text.smtc_real_decrement_dr_simulation
                0x0800d00c       0x90 lbm/build/basic_modem.a(smtc_real.o)
                0x0800d00c                smtc_real_decrement_dr_simulation
 .text.smtc_real_is_channel_index_valid
                0x0800d09c       0x70 lbm/build/basic_modem.a(smtc_real.o)
                0x0800d09c                smtc_real_is_channel_index_valid
 .text.smtc_real_is_payload_size_valid
                0x0800d10c       0x94 lbm/build/basic_modem.a(smtc_real.o)
                0x0800d10c                smtc_real_is_payload_size_valid
 .text.smtc_real_set_tx_frequency_channel
                0x0800d1a0       0x6c lbm/build/basic_modem.a(smtc_real.o)
                0x0800d1a0                smtc_real_set_tx_frequency_channel
 .text.smtc_real_set_rx1_frequency_channel
                0x0800d20c       0x90 lbm/build/basic_modem.a(smtc_real.o)
                0x0800d20c                smtc_real_set_rx1_frequency_channel
 .text.smtc_real_set_channel_dr
                0x0800d29c       0x88 lbm/build/basic_modem.a(smtc_real.o)
                0x0800d29c                smtc_real_set_channel_dr
 .text.smtc_real_set_channel_enabled