Archive member included to satisfy reference by file (symbol)

lbm/build/basic_modem.a(lr11xx_system.o)
                              build/main.o (lr11xx_system_get_version)
lbm/build/basic_modem.a(ral_lr11xx.o)
                              build/main.o (ral_lr11xx_handles_part)
lbm/build/basic_modem.a(ralf_lr11xx.o)
                              build/main.o (ralf_lr11xx_setup_gfsk)
lbm/build/basic_modem.a(smtc_modem.o)
                              build/main.o (smtc_modem_init)
lbm/build/basic_modem.a(smtc_modem_test.o)
                              lbm/build/basic_modem.a(smtc_modem.o) (smtc_modem_test_duty_cycle_app_activate)
lbm/build/basic_modem.a(fifo_ctrl.o)
                              lbm/build/basic_modem.a(smtc_modem.o) (fifo_ctrl_get_nb_elt)
lbm/build/basic_modem.a(modem_supervisor.o)
                              lbm/build/basic_modem.a(smtc_modem.o) (modem_supervisor_init)
lbm/build/basic_modem.a(smtc_clock_sync.o)
                              lbm/build/basic_modem.a(modem_supervisor.o) (clock_sync_init)
lbm/build/basic_modem.a(stream.o)
                              lbm/build/basic_modem.a(smtc_modem.o) (stream_init)
lbm/build/basic_modem.a(rose.o)
                              lbm/build/basic_modem.a(stream.o) (ROSE_init)
lbm/build/basic_modem.a(file_upload.o)
                              lbm/build/basic_modem.a(smtc_modem.o) (file_upload_init)
lbm/build/basic_modem.a(alc_sync.o)
                              lbm/build/basic_modem.a(modem_supervisor.o) (alc_sync_init)
lbm/build/basic_modem.a(soft_se.o)
                              lbm/build/basic_modem.a(smtc_modem.o) (smtc_secure_element_init)
lbm/build/basic_modem.a(lr1_stack_mac_layer.o)
                              lbm/build/basic_modem.a(smtc_modem_test.o) (lr1_stack_mac_tx_lora_launch_callback_for_rp)
lbm/build/basic_modem.a(lr1mac_utilities.o)
                              lbm/build/basic_modem.a(lr1_stack_mac_layer.o) (memcpy1)
lbm/build/basic_modem.a(smtc_real.o)
                              lbm/build/basic_modem.a(lr1_stack_mac_layer.o) (smtc_real_init_session)
lbm/build/basic_modem.a(smtc_duty_cycle.o)
                              lbm/build/basic_modem.a(smtc_real.o) (smtc_duty_cycle_init)
lbm/build/basic_modem.a(smtc_lbt.o)
                              lbm/build/basic_modem.a(smtc_modem_test.o) (smtc_lbt_init)
lbm/build/basic_modem.a(lr11xx_radio.o)
                              lbm/build/basic_modem.a(ral_lr11xx.o) (lr11xx_radio_get_pkt_type)
lbm/build/basic_modem.a(lr11xx_regmem.o)
                              lbm/build/basic_modem.a(ral_lr11xx.o) (lr11xx_regmem_write_buffer8)
lbm/build/basic_modem.a(lr11xx_lr_fhss.o)
                              lbm/build/basic_modem.a(ral_lr11xx.o) (lr11xx_lr_fhss_init)
lbm/build/basic_modem.a(radio_planner.o)
                              lbm/build/basic_modem.a(smtc_modem.o) (rp_init)
lbm/build/basic_modem.a(radio_planner_hal.o)
                              lbm/build/basic_modem.a(radio_planner.o) (rp_hal_critical_section_begin)
lbm/build/basic_modem.a(lorawan_api.o)
                              lbm/build/basic_modem.a(smtc_modem_test.o) (lorawan_api_init)
lbm/build/basic_modem.a(dm_downlink.o)
                              lbm/build/basic_modem.a(modem_supervisor.o) (dm_downlink)
lbm/build/basic_modem.a(modem_context.o)
                              lbm/build/basic_modem.a(modem_supervisor.o) (modem_context_init)
lbm/build/basic_modem.a(modem_utilities.o)
                              lbm/build/basic_modem.a(modem_context.o) (crc)
lbm/build/basic_modem.a(smtc_modem_services_hal.o)
                              lbm/build/basic_modem.a(rose.o) (smtc_modem_services_aes_encrypt)
lbm/build/basic_modem.a(lorawan_certification.o)
                              lbm/build/basic_modem.a(lorawan_api.o) (lorawan_certification_init)
lbm/build/basic_modem.a(almanac_update.o)
                              lbm/build/basic_modem.a(modem_context.o) (almanac_update_create_uplink_payload)
lbm/build/basic_modem.a(aes.o)
                              lbm/build/basic_modem.a(soft_se.o) (aes_set_key)
lbm/build/basic_modem.a(cmac.o)
                              lbm/build/basic_modem.a(soft_se.o) (AES_CMAC_Init)
lbm/build/basic_modem.a(smtc_modem_crypto.o)
                              lbm/build/basic_modem.a(lr1_stack_mac_layer.o) (smtc_modem_crypto_payload_encrypt)
lbm/build/basic_modem.a(region_eu_868.o)
                              lbm/build/basic_modem.a(smtc_real.o) (region_eu_868_config)
lbm/build/basic_modem.a(lr1mac_core.o)
                              lbm/build/basic_modem.a(lorawan_api.o) (lr1mac_core_process)
lbm/build/basic_modem.a(lr1mac_class_c.o)
                              lbm/build/basic_modem.a(lorawan_api.o) (lr1mac_class_c_init)
lbm/build/basic_modem.a(smtc_beacon_sniff.o)
                              lbm/build/basic_modem.a(lorawan_api.o) (smtc_beacon_sniff_init)
lbm/build/basic_modem.a(smtc_ping_slot.o)
[...]
Memory Configuration

Name             Origin             Length             Attributes
RAM              0x20000000         0x00005000         xrw
FLASH            0x08000000         0x00030000         xr
*default*        0x00000000         0xffffffff

Linker script and memory map

LOAD /usr/lib/gcc/arm-none-eabi/13.2.0/thumb/v6-m/nofp/crti.o
LOAD /usr/lib/gcc/arm-none-eabi/13.2.0/thumb/v6-m/nofp/crtbegin.o
LOAD /usr/lib/gcc/arm-none-eabi/13.2.0/../../../../arm-none-eabi/lib/thumb/v6-m/nofp/crt0.o
LOAD build/main.o
LOAD build/cayenne_lpp.o
LOAD build/functions.o
LOAD build/stm32l0xx_hal_i2c.o
LOAD build/stm32l0xx_hal_i2c_ex.o
LOAD build/stm32l0xx_hal_lptim.o
LOAD build/stm32l0xx_hal_rtc.o
LOAD build/stm32l0xx_hal_rtc_ex.o
LOAD build/stm32l0xx_hal_spi.o
LOAD build/stm32l0xx_hal_tim.o
LOAD build/stm32l0xx_hal_tim_ex.o
LOAD build/stm32l0xx_hal_uart.o
LOAD build/stm32l0xx_hal_uart_ex.o
LOAD build/stm32l0xx_hal_wwdg.o
LOAD build/stm32l0xx_hal_iwdg.o
LOAD build/stm32l0xx_hal.o
LOAD build/stm32l0xx_hal_rcc.o
LOAD build/stm32l0xx_hal_rcc_ex.o
LOAD build/stm32l0xx_hal_flash.o
LOAD build/stm32l0xx_hal_flash_ex.o
LOAD build/stm32l0xx_hal_flash_ramfunc.o
LOAD build/stm32l0xx_hal_gpio.o
LOAD build/stm32l0xx_hal_dma.o
LOAD build/stm32l0xx_hal_pwr.o
LOAD build/stm32l0xx_hal_pwr_ex.o
LOAD build/stm32l0xx_hal_cortex.o
LOAD build/stm32l0xx_hal_adc.o
LOAD build/stm32l0xx_hal_adc_ex.o
LOAD build/smtc_modem_hal.o
LOAD build/system_stm32l0xx.o
LOAD build/smtc_hal_adc.o
LOAD build/smtc_hal_eeprom.o
LOAD build/smtc_hal_gpio.o
LOAD build/smtc_hal_mcu.o
LOAD build/smtc_hal_rtc.o
LOAD build/smtc_hal_spi.o
LOAD build/smtc_hal_lp_timer.o
LOAD build/smtc_hal_trace.o
LOAD build/smtc_hal_uart.o
LOAD build/smtc_hal_watchdog.o
LOAD build/smtc_hal_rng.o
LOAD build/smtc_hal_i2c.o
LOAD build/timer.o
LOAD build/settings.o
LOAD build/lr11xx_hal.o
LOAD build/ral_lr11xx_bsp.o
LOAD build/startup_stm32l071xx.o
LOAD lbm/build/basic_modem.a
LOAD /usr/lib/gcc/arm-none-eabi/13.2.0/../../../../arm-none-eabi/lib/thumb/v6-m/nofp/libstdc++_nano.a
LOAD /usr/lib/gcc/arm-none-eabi/13.2.0/../../../../arm-none-eabi/lib/thumb/v6-m/nofp/libsupc++_nano.a
LOAD /usr/lib/gcc/arm-none-eabi/13.2.0/../../../../arm-none-eabi/lib/thumb/v6-m/nofp/libm.a
LOAD /usr/lib/gcc/arm-none-eabi/13.2.0/../../../../arm-none-eabi/lib/thumb/v6-m/nofp/libc_nano.a
LOAD /usr/lib/gcc/arm-none-eabi/13.2.0/../../../../arm-none-eabi/lib/thumb/v6-m/nofp/libnosys.a
START GROUP
LOAD /usr/lib/gcc/arm-none-eabi/13.2.0/thumb/v6-m/nofp/libgcc.a
LOAD /usr/lib/gcc/arm-none-eabi/13.2.0/../../../../arm-none-eabi/lib/thumb/v6-m/nofp/libc_nano.a
END GROUP
START GROUP
LOAD /usr/lib/gcc/arm-none-eabi/13.2.0/thumb/v6-m/nofp/libgcc.a
LOAD /usr/lib/gcc/arm-none-eabi/13.2.0/../../../../arm-none-eabi/lib/thumb/v6-m/nofp/libc_nano.a
LOAD /usr/lib/gcc/arm-none-eabi/13.2.0/../../../../arm-none-eabi/lib/thumb/v6-m/nofp/libnosys.a
END GROUP
START GROUP
LOAD /usr/lib/gcc/arm-none-eabi/13.2.0/thumb/v6-m/nofp/libgcc.a
LOAD /usr/lib/gcc/arm-none-eabi/13.2.0/../../../../arm-none-eabi/lib/thumb/v6-m/nofp/libc_nano.a
LOAD /usr/lib/gcc/arm-none-eabi/13.2.0/../../../../arm-none-eabi/lib/thumb/v6-m/nofp/libnosys.a
END GROUP
LOAD /usr/lib/gcc/arm-none-eabi/13.2.0/thumb/v6-m/nofp/crtend.o
LOAD /usr/lib/gcc/arm-none-eabi/13.2.0/thumb/v6-m/nofp/crtn.o
                0x20005000                        _estack = 0x20005000
                0x00000200                        _Min_Heap_Size = 0x200
                0x00000400                        _Min_Stack_Size = 0x400

.isr_vector     0x08000000       0xc0
                0x08000000                        . = ALIGN (0x4)
 *(.isr_vector)
 .isr_vector    0x08000000       0xc0 build/startup_stm32l071xx.o
                0x08000000                g_pfnVectors
                0x080000c0                        . = ALIGN (0x4)

.text           0x080000c0    0x1bb88
                0x080000c0                        . = ALIGN (0x4)
 *(.text)
 .text          0x080000c0       0x14 /usr/lib/gcc/arm-none-eabi/13.2.0/../../../../arm-none-eabi/lib/thumb/v6-m/nofp/libc_nano.a(libc_a-strcmp.o)
                0x080000c0                strcmp
 .text          0x080000d4        0xe /usr/lib/gcc/arm-none-eabi/13.2.0/../../../../arm-none-eabi/lib/thumb/v6-m/nofp/libc_nano.a(libc_a-strlen.o)
                0x080000d4                strlen
 *fill*         0x080000e2        0x2 
 .text          0x080000e4       0x14 /usr/lib/gcc/arm-none-eabi/13.2.0/thumb/v6-m/nofp/libgcc.a(_thumb1_case_uqi.o)
                0x080000e4                __gnu_thumb1_case_uqi
 .text          0x080000f8       0x14 /usr/lib/gcc/arm-none-eabi/13.2.0/thumb/v6-m/nofp/libgcc.a(_thumb1_case_shi.o)
                0x080000f8                __gnu_thumb1_case_shi
 .text          0x0800010c       0x14 /usr/lib/gcc/arm-none-eabi/13.2.0/thumb/v6-m/nofp/libgcc.a(_thumb1_case_uhi.o)
                0x0800010c                __gnu_thumb1_case_uhi
 .text          0x08000120       0x8c /usr/lib/gcc/arm-none-eabi/13.2.0/thumb/v6-m/nofp/libgcc.a(_udivsi3.o)
                0x08000120                __udivsi3
                0x08000120                __aeabi_uidiv
                0x08000198                __aeabi_uidivmod
 .text          0x080001ac       0xa8 /usr/lib/gcc/arm-none-eabi/13.2.0/thumb/v6-m/nofp/libgcc.a(_divsi3.o)
                0x080001ac                __aeabi_idiv
                0x080001ac                __divsi3
                0x08000240                __aeabi_idivmod
 .text          0x08000254        0x4 /usr/lib/gcc/arm-none-eabi/13.2.0/thumb/v6-m/nofp/libgcc.a(_dvmd_tls.o)
                0x08000254                __aeabi_ldiv0
                0x08000254                __aeabi_idiv0
 .text          0x08000258       0x7c /usr/lib/gcc/arm-none-eabi/13.2.0/thumb/v6-m/nofp/libgcc.a(_arm_cmpdf2.o)
                0x08000258                __aeabi_cdrcmple
                0x08000268                __aeabi_cdcmple
                0x08000268                __aeabi_cdcmpeq
                0x08000278                __aeabi_dcmpeq
                0x08000284                __aeabi_dcmplt
                0x08000298                __aeabi_dcmple
                0x080002ac                __aeabi_dcmpgt
                0x080002c0                __aeabi_dcmpge
 .text          0x080002d4       0x40 /usr/lib/gcc/arm-none-eabi/13.2.0/thumb/v6-m/nofp/libgcc.a(_aeabi_uldivmod.o)
                0x080002d4                __aeabi_uldivmod
 .text          0x08000314       0x18 /usr/lib/gcc/arm-none-eabi/13.2.0/thumb/v6-m/nofp/libgcc.a(_lshrdi3.o)
                0x08000314                __aeabi_llsr
                0x08000314                __lshrdi3
 .text          0x0800032c       0x18 /usr/lib/gcc/arm-none-eabi/13.2.0/thumb/v6-m/nofp/libgcc.a(_ashldi3.o)
                0x0800032c                __ashldi3
                0x0800032c                __aeabi_llsl
 .text          0x08000344       0x3c /usr/lib/gcc/arm-none-eabi/13.2.0/thumb/v6-m/nofp/libgcc.a(_clzsi2.o)
                0x08000344                __clzsi2
 .text          0x08000380       0x18 /usr/lib/gcc/arm-none-eabi/13.2.0/thumb/v6-m/nofp/libgcc.a(_clzdi2.o)
                0x08000380                __clzdi2
 *(.text*)
 .text.__do_global_dtors_aux
                0x08000398       0x28 /usr/lib/gcc/arm-none-eabi/13.2.0/thumb/v6-m/nofp/crtbegin.o
 .text.frame_dummy
                0x080003c0       0x20 /usr/lib/gcc/arm-none-eabi/13.2.0/thumb/v6-m/nofp/crtbegin.o
 .text.door_timer_cb
                0x080003e0       0x18 build/main.o
 .text.water_timer_cb
                0x080003f8       0x18 build/main.o
 .text.periodic_timer_cb
                0x08000410       0x24 build/main.o
 .text.get_event
                0x08000434      0x2e8 build/main.o
 .text.startup.main
                0x0800071c      0x39c build/main.o
                0x0800071c                main
 .text.cayenne_lpp_reset
                0x08000ab8       0x14 build/cayenne_lpp.o
                0x08000ab8                cayenne_lpp_reset
 .text.cayenne_lpp_add_digital_input
                0x08000acc       0x3c build/cayenne_lpp.o
                0x08000acc                cayenne_lpp_add_digital_input
 .text.cayenne_lpp_add_analog_input
                0x08000b08       0x5c build/cayenne_lpp.o
                0x08000b08                cayenne_lpp_add_analog_input
 .text.cayenne_lpp_add_temperature
                0x08000b64       0x5c build/cayenne_lpp.o
                0x08000b64                cayenne_lpp_add_temperature
 .text.printCayenneLPPBuffer
                0x08000bc0       0x38 build/functions.o
                0x08000bc0                printCayenneLPPBuffer
 .text.sendLoRaWANPacket
                0x08000bf8       0x12 build/functions.o
                0x08000bf8                sendLoRaWANPacket
 .text.sendData
                0x08000c0a       0x38 build/functions.o
                0x08000c0a                sendData
 .text.wateralarm
                0x08000c42       0x2c build/functions.o
                0x08000c42                wateralarm
 .text.dooralarm
                0x08000c6e       0x2c build/functions.o
                0x08000c6e                dooralarm
 .text.GETtemperature
                0x08000c9a       0x24 build/functions.o
                0x08000c9a                GETtemperature
 *fill*         0x08000cbe        0x2 
 .text.GETvoltage
                0x08000cc0      0x120 build/functions.o
                0x08000cc0                GETvoltage
 .text.sensor_read
                0x08000de0       0x44 build/functions.o
                0x08000de0                sensor_read
 .text.I2C_Flush_TXDR
                0x08000e24       0x1c build/stm32l0xx_hal_i2c.o
 .text.I2C_TransferConfig
                0x08000e40       0x28 build/stm32l0xx_hal_i2c.o
 .text.I2C_IsAcknowledgeFailed
                0x08000e68       0x84 build/stm32l0xx_hal_i2c.o
 .text.I2C_WaitOnTXISFlagUntilTimeout
                0x08000eec       0x56 build/stm32l0xx_hal_i2c.o
 .text.I2C_WaitOnSTOPFlagUntilTimeout
                0x08000f42       0x52 build/stm32l0xx_hal_i2c.o
 .text.I2C_WaitOnFlagUntilTimeout
                0x08000f94       0x52 build/stm32l0xx_hal_i2c.o
 *fill*         0x08000fe6        0x2 
 .text.I2C_RequestMemoryRead
                0x08000fe8       0x64 build/stm32l0xx_hal_i2c.o
 .text.HAL_I2C_Init
                0x0800104c       0xac build/stm32l0xx_hal_i2c.o
                0x0800104c                HAL_I2C_Init
 .text.HAL_I2C_DeInit
                0x080010f8       0x34 build/stm32l0xx_hal_i2c.o
                0x080010f8                HAL_I2C_DeInit
 .text.HAL_I2C_Mem_Read
                0x0800112c      0x174 build/stm32l0xx_hal_i2c.o
                0x0800112c                HAL_I2C_Mem_Read
 .text.HAL_I2CEx_ConfigAnalogFilter
                0x080012a0       0x4c build/stm32l0xx_hal_i2c_ex.o
                0x080012a0                HAL_I2CEx_ConfigAnalogFilter
 .text.HAL_I2CEx_ConfigDigitalFilter
                0x080012ec       0x48 build/stm32l0xx_hal_i2c_ex.o
                0x080012ec                HAL_I2CEx_ConfigDigitalFilter
 .text.LPTIM_WaitForFlag
                0x08001334       0x3c build/stm32l0xx_hal_lptim.o
 .text.HAL_LPTIM_Init
                0x08001370       0xb0 build/stm32l0xx_hal_lptim.o
                0x08001370                HAL_LPTIM_Init
 .text.HAL_LPTIM_CompareMatchCallback
                0x08001420        0x2 build/stm32l0xx_hal_lptim.o
                0x08001420                HAL_LPTIM_CompareMatchCallback
 .text.HAL_LPTIM_AutoReloadMatchCallback
                0x08001422        0x2 build/stm32l0xx_hal_lptim.o
                0x08001422                HAL_LPTIM_AutoReloadMatchCallback
 .text.HAL_LPTIM_TriggerCallback
                0x08001424        0x2 build/stm32l0xx_hal_lptim.o
                0x08001424                HAL_LPTIM_TriggerCallback
 .text.HAL_LPTIM_CompareWriteCallback
                0x08001426        0x2 build/stm32l0xx_hal_lptim.o
                0x08001426                HAL_LPTIM_CompareWriteCallback
 .text.HAL_LPTIM_AutoReloadWriteCallback
                0x08001428        0x2 build/stm32l0xx_hal_lptim.o
                0x08001428                HAL_LPTIM_AutoReloadWriteCallback
 .text.HAL_LPTIM_DirectionUpCallback
                0x0800142a        0x2 build/stm32l0xx_hal_lptim.o
                0x0800142a                HAL_LPTIM_DirectionUpCallback
 .text.HAL_LPTIM_DirectionDownCallback
                0x0800142c        0x2 build/stm32l0xx_hal_lptim.o
                0x0800142c                HAL_LPTIM_DirectionDownCallback
 .text.HAL_LPTIM_IRQHandler
                0x0800142e       0xac build/stm32l0xx_hal_lptim.o
                0x0800142e                HAL_LPTIM_IRQHandler
 *fill*         0x080014da        0x2 
 .text.LPTIM_Disable
                0x080014dc       0xd4 build/stm32l0xx_hal_lptim.o
                0x080014dc                LPTIM_Disable
 .text.HAL_LPTIM_TimeOut_Stop
                0x080015b0       0x30 build/stm32l0xx_hal_lptim.o
                0x080015b0                HAL_LPTIM_TimeOut_Stop
 .text.HAL_LPTIM_TimeOut_Start_IT
                0x080015e0       0x84 build/stm32l0xx_hal_lptim.o
                0x080015e0                HAL_LPTIM_TimeOut_Start_IT
 .text.HAL_LPTIM_TimeOut_Stop_IT
                0x08001664       0x48 build/stm32l0xx_hal_lptim.o
                0x08001664                HAL_LPTIM_TimeOut_Stop_IT
 .text.HAL_RTC_WaitForSynchro
                0x080016ac       0x34 build/stm32l0xx_hal_rtc.o
                0x080016ac                HAL_RTC_WaitForSynchro
 .text.RTC_EnterInitMode
                0x080016e0       0x38 build/stm32l0xx_hal_rtc.o
                0x080016e0                RTC_EnterInitMode
 .text.HAL_RTC_Init
                0x08001718       0xb8 build/stm32l0xx_hal_rtc.o
                0x08001718                HAL_RTC_Init
 .text.RTC_ByteToBcd2
                0x080017d0       0x16 build/stm32l0xx_hal_rtc.o
                0x080017d0                RTC_ByteToBcd2
 *fill*         0x080017e6        0x2 
 .text.HAL_RTC_SetTime
                0x080017e8      0x10c build/stm32l0xx_hal_rtc.o
                0x080017e8                HAL_RTC_SetTime
 .text.HAL_RTC_SetDate
                0x080018f4       0xdc build/stm32l0xx_hal_rtc.o
                0x080018f4                HAL_RTC_SetDate
 .text.RTC_Bcd2ToByte
                0x080019d0       0x12 build/stm32l0xx_hal_rtc.o
                0x080019d0                RTC_Bcd2ToByte
 *fill*         0x080019e2        0x2 
 .text.HAL_RTC_GetTime
                0x080019e4       0x5c build/stm32l0xx_hal_rtc.o
                0x080019e4                HAL_RTC_GetTime
 .text.HAL_RTC_GetDate
                0x08001a40       0x44 build/stm32l0xx_hal_rtc.o
                0x08001a40                HAL_RTC_GetDate
 .text.HAL_RTCEx_SetWakeUpTimer_IT
                0x08001a84       0xec build/stm32l0xx_hal_rtc_ex.o
                0x08001a84                HAL_RTCEx_SetWakeUpTimer_IT
 .text.HAL_RTCEx_DeactivateWakeUpTimer
                0x08001b70       0x80 build/stm32l0xx_hal_rtc_ex.o
                0x08001b70                HAL_RTCEx_DeactivateWakeUpTimer
 .text.HAL_RTCEx_WakeUpTimerEventCallback
                0x08001bf0        0x2 build/stm32l0xx_hal_rtc_ex.o
                0x08001bf0                HAL_RTCEx_WakeUpTimerEventCallback
 *fill*         0x08001bf2        0x2 
 .text.HAL_RTCEx_WakeUpTimerIRQHandler
                0x08001bf4       0x34 build/stm32l0xx_hal_rtc_ex.o
                0x08001bf4                HAL_RTCEx_WakeUpTimerIRQHandler
 .text.HAL_RTCEx_EnableBypassShadow
                0x08001c28       0x34 build/stm32l0xx_hal_rtc_ex.o
                0x08001c28                HAL_RTCEx_EnableBypassShadow
 .text.HAL_SPI_Init
                0x08001c5c       0xd0 build/stm32l0xx_hal_spi.o
                0x08001c5c                HAL_SPI_Init
 .text.HAL_SPI_DeInit
                0x08001d2c       0x2e build/stm32l0xx_hal_spi.o
                0x08001d2c                HAL_SPI_DeInit
 *fill*         0x08001d5a        0x2 
 .text.UART_EndRxTransfer
                0x08001d5c       0x5c build/stm32l0xx_hal_uart.o
 .text.HAL_UART_DeInit
                0x08001db8       0x36 build/stm32l0xx_hal_uart.o
                0x08001db8                HAL_UART_DeInit
 .text.HAL_UART_TxCpltCallback
                0x08001dee        0x2 build/stm32l0xx_hal_uart.o
                0x08001dee                HAL_UART_TxCpltCallback
 .text.HAL_UART_ErrorCallback
                0x08001df0        0x2 build/stm32l0xx_hal_uart.o
                0x08001df0                HAL_UART_ErrorCallback
 .text.UART_DMAAbortOnError
                0x08001df2       0x16 build/stm32l0xx_hal_uart.o
 .text.HAL_UARTEx_RxEventCallback
                0x08001e08        0x2 build/stm32l0xx_hal_uart.o
                0x08001e08                HAL_UARTEx_RxEventCallback
 *fill*         0x08001e0a        0x2 
 .text.HAL_UART_IRQHandler
                0x08001e0c      0x2b8 build/stm32l0xx_hal_uart.o
                0x08001e0c                HAL_UART_IRQHandler
 .text.UART_SetConfig
                0x080020c4      0x20c build/stm32l0xx_hal_uart.o
                0x080020c4                UART_SetConfig
 .text.UART_AdvFeatureConfig
                0x080022d0       0xd0 build/stm32l0xx_hal_uart.o
                0x080022d0                UART_AdvFeatureConfig
 .text.UART_WaitOnFlagUntilTimeout
                0x080023a0       0xc0 build/stm32l0xx_hal_uart.o
                0x080023a0                UART_WaitOnFlagUntilTimeout
 .text.HAL_UART_Transmit
                0x08002460       0xdc build/stm32l0xx_hal_uart.o
                0x08002460                HAL_UART_Transmit
 .text.UART_CheckIdleState
                0x0800253c       0x64 build/stm32l0xx_hal_uart.o
                0x0800253c                UART_CheckIdleState
 .text.HAL_UART_Init
                0x080025a0       0x64 build/stm32l0xx_hal_uart.o
                0x080025a0                HAL_UART_Init
 .text.HAL_UARTEx_WakeupCallback
                0x08002604        0x2 build/stm32l0xx_hal_uart_ex.o
                0x08002604                HAL_UARTEx_WakeupCallback
 *fill*         0x08002606        0x2 
 .text.HAL_IWDG_Init
                0x08002608       0x64 build/stm32l0xx_hal_iwdg.o
                0x08002608                HAL_IWDG_Init
 .text.HAL_IWDG_Refresh
                0x0800266c       0x10 build/stm32l0xx_hal_iwdg.o
                0x0800266c                HAL_IWDG_Refresh
 .text.HAL_InitTick
                0x0800267c       0x48 build/stm32l0xx_hal.o
                0x0800267c                HAL_InitTick
 .text.HAL_Init
                0x080026c4       0x28 build/stm32l0xx_hal.o
                0x080026c4                HAL_Init
 .text.HAL_IncTick
                0x080026ec       0x18 build/stm32l0xx_hal.o
                0x080026ec                HAL_IncTick
 .text.HAL_GetTick
                0x08002704        0xc build/stm32l0xx_hal.o
                0x08002704                HAL_GetTick
 .text.HAL_Delay
                0x08002710       0x24 build/stm32l0xx_hal.o
                0x08002710                HAL_Delay
 .text.HAL_SuspendTick
                0x08002734       0x10 build/stm32l0xx_hal.o
                0x08002734                HAL_SuspendTick
 .text.HAL_ResumeTick
                0x08002744       0x10 build/stm32l0xx_hal.o
                0x08002744                HAL_ResumeTick
 .text.HAL_RCC_GetSysClockFreq
                0x08002754       0x94 build/stm32l0xx_hal_rcc.o
                0x08002754                HAL_RCC_GetSysClockFreq
 .text.HAL_RCC_OscConfig
                0x080027e8      0x49c build/stm32l0xx_hal_rcc.o
                0x080027e8                HAL_RCC_OscConfig
 .text.HAL_RCC_ClockConfig
                0x08002c84      0x19c build/stm32l0xx_hal_rcc.o
                0x08002c84                HAL_RCC_ClockConfig
 .text.HAL_RCC_GetPCLK1Freq
                0x08002e20       0x20 build/stm32l0xx_hal_rcc.o
                0x08002e20                HAL_RCC_GetPCLK1Freq
 .text.HAL_RCC_GetPCLK2Freq
                0x08002e40       0x20 build/stm32l0xx_hal_rcc.o
                0x08002e40                HAL_RCC_GetPCLK2Freq
 .text.HAL_RCC_GetOscConfig
                0x08002e60       0x94 build/stm32l0xx_hal_rcc.o
                0x08002e60                HAL_RCC_GetOscConfig
 .text.HAL_RCC_GetClockConfig
                0x08002ef4       0x40 build/stm32l0xx_hal_rcc.o
                0x08002ef4                HAL_RCC_GetClockConfig
 .text.HAL_RCCEx_PeriphCLKConfig
                0x08002f34      0x198 build/stm32l0xx_hal_rcc_ex.o
                0x08002f34                HAL_RCCEx_PeriphCLKConfig
 .text.HAL_FLASHEx_DATAEEPROM_Unlock
                0x080030cc       0x30 build/stm32l0xx_hal_flash_ex.o
                0x080030cc                HAL_FLASHEx_DATAEEPROM_Unlock
 .text.HAL_FLASHEx_DATAEEPROM_Lock
                0x080030fc       0x14 build/stm32l0xx_hal_flash_ex.o
                0x080030fc                HAL_FLASHEx_DATAEEPROM_Lock
 .text.HAL_GPIO_Init
                0x08003110      0x180 build/stm32l0xx_hal_gpio.o
                0x08003110                HAL_GPIO_Init
 .text.HAL_GPIO_DeInit
                0x08003290       0xf8 build/stm32l0xx_hal_gpio.o
                0x08003290                HAL_GPIO_DeInit
 .text.HAL_GPIO_ReadPin
                0x08003388        0xc build/stm32l0xx_hal_gpio.o
                0x08003388                HAL_GPIO_ReadPin
 .text.HAL_GPIO_WritePin
                0x08003394        0xc build/stm32l0xx_hal_gpio.o
                0x08003394                HAL_GPIO_WritePin
 .text.HAL_GPIO_EXTI_IRQHandler
                0x080033a0       0x18 build/stm32l0xx_hal_gpio.o
                0x080033a0                HAL_GPIO_EXTI_IRQHandler
 .text.HAL_DMA_Init
                0x080033b8       0x88 build/stm32l0xx_hal_dma.o
                0x080033b8                HAL_DMA_Init
 .text.HAL_DMA_DeInit
                0x08003440       0x60 build/stm32l0xx_hal_dma.o
                0x08003440                HAL_DMA_DeInit
 .text.HAL_DMA_Abort
                0x080034a0       0x40 build/stm32l0xx_hal_dma.o
                0x080034a0                HAL_DMA_Abort
 .text.HAL_DMA_Abort_IT
                0x080034e0       0x46 build/stm32l0xx_hal_dma.o
                0x080034e0                HAL_DMA_Abort_IT
 .text.HAL_DMA_IRQHandler
                0x08003526       0x96 build/stm32l0xx_hal_dma.o
                0x08003526                HAL_DMA_IRQHandler
 .text.HAL_PWR_EnableBkUpAccess
                0x080035bc       0x14 build/stm32l0xx_hal_pwr.o
                0x080035bc                HAL_PWR_EnableBkUpAccess
 .text.HAL_PWR_EnterSTOPMode
                0x080035d0       0x78 build/stm32l0xx_hal_pwr.o
                0x080035d0                HAL_PWR_EnterSTOPMode
 .text.HAL_NVIC_SetPriority
                0x08003648       0x54 build/stm32l0xx_hal_cortex.o
                0x08003648                HAL_NVIC_SetPriority
 .text.HAL_NVIC_EnableIRQ
                0x0800369c       0x18 build/stm32l0xx_hal_cortex.o
                0x0800369c                HAL_NVIC_EnableIRQ
 .text.HAL_NVIC_DisableIRQ
                0x080036b4       0x20 build/stm32l0xx_hal_cortex.o
                0x080036b4                HAL_NVIC_DisableIRQ
 .text.HAL_SYSTICK_Config
                0x080036d4       0x34 build/stm32l0xx_hal_cortex.o
                0x080036d4                HAL_SYSTICK_Config
 .text.HAL_SYSTICK_Callback
                0x08003708        0x2 build/stm32l0xx_hal_cortex.o
                0x08003708                HAL_SYSTICK_Callback
 .text.HAL_SYSTICK_IRQHandler
                0x0800370a        0x8 build/stm32l0xx_hal_cortex.o
                0x0800370a                HAL_SYSTICK_IRQHandler
 *fill*         0x08003712        0x2 
 .text.ADC_DelayMicroSecond
                0x08003714       0x2c build/stm32l0xx_hal_adc.o
 .text.ADC_ConversionStop
                0x08003740       0x5a build/stm32l0xx_hal_adc.o
 .text.ADC_Disable
                0x0800379a       0x6e build/stm32l0xx_hal_adc.o
 .text.ADC_Enable
                0x08003808       0x78 build/stm32l0xx_hal_adc.o
 .text.HAL_ADC_Init
                0x08003880      0x1ac build/stm32l0xx_hal_adc.o
                0x08003880                HAL_ADC_Init
 .text.HAL_ADC_DeInit
                0x08003a2c       0xa8 build/stm32l0xx_hal_adc.o
                0x08003a2c                HAL_ADC_DeInit
 .text.HAL_ADC_Start
                0x08003ad4       0x58 build/stm32l0xx_hal_adc.o
                0x08003ad4                HAL_ADC_Start
 .text.HAL_ADC_Stop
                0x08003b2c       0x3c build/stm32l0xx_hal_adc.o
                0x08003b2c                HAL_ADC_Stop
 .text.HAL_ADC_PollForConversion
                0x08003b68       0xcc build/stm32l0xx_hal_adc.o
                0x08003b68                HAL_ADC_PollForConversion
 .text.HAL_ADC_GetValue
                0x08003c34        0x6 build/stm32l0xx_hal_adc.o
                0x08003c34                HAL_ADC_GetValue
 *fill*         0x08003c3a        0x2 
 .text.HAL_ADC_ConfigChannel
                0x08003c3c       0xa8 build/stm32l0xx_hal_adc.o
                0x08003c3c                HAL_ADC_ConfigChannel
 .text.HAL_ADC_GetState
                0x08003ce4        0x4 build/stm32l0xx_hal_adc.o
                0x08003ce4                HAL_ADC_GetState
 .text.HAL_ADCEx_Calibration_Start
                0x08003ce8       0xa8 build/stm32l0xx_hal_adc_ex.o
                0x08003ce8                HAL_ADCEx_Calibration_Start
 .text.smtc_modem_hal_reset_mcu
                0x08003d90        0x8 build/smtc_modem_hal.o
                0x08003d90                smtc_modem_hal_reset_mcu
 .text.smtc_modem_hal_get_time_in_s
                0x08003d98        0x8 build/smtc_modem_hal.o
                0x08003d98                smtc_modem_hal_get_time_in_s
 .text.smtc_modem_hal_get_compensated_time_in_s
                0x08003da0        0x8 build/smtc_modem_hal.o
                0x08003da0                smtc_modem_hal_get_compensated_time_in_s
 .text.smtc_modem_hal_get_time_compensation_in_s
                0x08003da8        0x4 build/smtc_modem_hal.o
                0x08003da8                smtc_modem_hal_get_time_compensation_in_s
 .text.smtc_modem_hal_get_time_in_ms
                0x08003dac        0x8 build/smtc_modem_hal.o
                0x08003dac                smtc_modem_hal_get_time_in_ms
 .text.smtc_modem_hal_get_time_in_100us
                0x08003db4        0x8 build/smtc_modem_hal.o
                0x08003db4                smtc_modem_hal_get_time_in_100us
 .text.smtc_modem_hal_get_radio_irq_timestamp_in_100us
                0x08003dbc        0x8 build/smtc_modem_hal.o
                0x08003dbc                smtc_modem_hal_get_radio_irq_timestamp_in_100us
 .text.smtc_modem_hal_start_timer
                0x08003dc4        0xe build/smtc_modem_hal.o
                0x08003dc4                smtc_modem_hal_start_timer
 .text.smtc_modem_hal_stop_timer
                0x08003dd2        0x8 build/smtc_modem_hal.o
                0x08003dd2                smtc_modem_hal_stop_timer
 .text.smtc_modem_hal_disable_modem_irq
                0x08003dda        0xc build/smtc_modem_hal.o
                0x08003dda                smtc_modem_hal_disable_modem_irq
 .text.smtc_modem_hal_enable_modem_irq
                0x08003de6        0xc build/smtc_modem_hal.o
                0x08003de6                smtc_modem_hal_enable_modem_irq
 *fill*         0x08003df2        0x2 
 .text.smtc_modem_hal_context_restore
                0x08003df4       0x64 build/smtc_modem_hal.o
                0x08003df4                smtc_modem_hal_context_restore
 .text.smtc_modem_hal_context_store
                0x08003e58       0x64 build/smtc_modem_hal.o
                0x08003e58                smtc_modem_hal_context_store
 .text.smtc_modem_hal_store_crashlog
                0x08003ebc       0x14 build/smtc_modem_hal.o
                0x08003ebc                smtc_modem_hal_store_crashlog
 .text.smtc_modem_hal_restore_crashlog
                0x08003ed0       0x10 build/smtc_modem_hal.o
                0x08003ed0                smtc_modem_hal_restore_crashlog
 .text.smtc_modem_hal_set_crashlog_status
                0x08003ee0        0xc build/smtc_modem_hal.o
                0x08003ee0                smtc_modem_hal_set_crashlog_status
 .text.smtc_modem_hal_get_crashlog_status
                0x08003eec        0xc build/smtc_modem_hal.o
                0x08003eec                smtc_modem_hal_get_crashlog_status
 .text.smtc_modem_hal_get_random_nb_in_range
                0x08003ef8        0x8 build/smtc_modem_hal.o
                0x08003ef8                smtc_modem_hal_get_random_nb_in_range
 .text.smtc_modem_hal_get_signed_random_nb_in_range
                0x08003f00        0x8 build/smtc_modem_hal.o
                0x08003f00                smtc_modem_hal_get_signed_random_nb_in_range
 .text.smtc_modem_hal_irq_config_radio_irq
                0x08003f08       0x1c build/smtc_modem_hal.o
                0x08003f08                smtc_modem_hal_irq_config_radio_irq
 .text.smtc_modem_hal_radio_irq_clear_pending
                0x08003f24        0xa build/smtc_modem_hal.o
                0x08003f24                smtc_modem_hal_radio_irq_clear_pending
 .text.smtc_modem_hal_start_radio_tcxo
                0x08003f2e        0x2 build/smtc_modem_hal.o
                0x08003f2e                smtc_modem_hal_start_radio_tcxo
 .text.smtc_modem_hal_stop_radio_tcxo
                0x08003f30        0x2 build/smtc_modem_hal.o
                0x08003f30                smtc_modem_hal_stop_radio_tcxo
 .text.smtc_modem_hal_get_radio_tcxo_startup_delay_ms
                0x08003f32        0x4 build/smtc_modem_hal.o
                0x08003f32                smtc_modem_hal_get_radio_tcxo_startup_delay_ms
 .text.smtc_modem_hal_get_battery_level
                0x08003f36        0x4 build/smtc_modem_hal.o
                0x08003f36                smtc_modem_hal_get_battery_level
 .text.smtc_modem_hal_get_temperature
                0x08003f3a       0x14 build/smtc_modem_hal.o
                0x08003f3a                smtc_modem_hal_get_temperature
 .text.smtc_modem_hal_get_voltage
                0x08003f4e       0x1c build/smtc_modem_hal.o
                0x08003f4e                smtc_modem_hal_get_voltage
 .text.smtc_modem_hal_get_board_delay_ms
                0x08003f6a        0x4 build/smtc_modem_hal.o
                0x08003f6a                smtc_modem_hal_get_board_delay_ms
 .text.smtc_modem_hal_print_trace
                0x08003f6e       0x16 build/smtc_modem_hal.o
                0x08003f6e                smtc_modem_hal_print_trace
 .text.smtc_modem_hal_assert_fail
                0x08003f84       0x28 build/smtc_modem_hal.o
                0x08003f84                smtc_modem_hal_assert_fail
 .text.SystemInit
                0x08003fac        0x2 build/system_stm32l0xx.o
                0x08003fac                SystemInit
 *fill*         0x08003fae        0x2 
 .text.adc_read
                0x08003fb0       0x74 build/smtc_hal_adc.o
 .text.hal_adc_init
                0x08004024       0xac build/smtc_hal_adc.o
                0x08004024                hal_adc_init
 .text.hal_adc_get_vref_int
                0x080040d0       0x28 build/smtc_hal_adc.o
                0x080040d0                hal_adc_get_vref_int
 .text.hal_adc_get_temp
                0x080040f8       0x40 build/smtc_hal_adc.o
                0x080040f8                hal_adc_get_temp
 .text.hal_adc_deinit
                0x08004138       0x10 build/smtc_hal_adc.o
                0x08004138                hal_adc_deinit
 .text.HAL_ADC_MspInit
                0x08004148       0x14 build/smtc_hal_adc.o
                0x08004148                HAL_ADC_MspInit
 .text.HAL_ADC_MspDeInit
                0x0800415c       0x14 build/smtc_hal_adc.o
                0x0800415c                HAL_ADC_MspDeInit
 .text.hal_eeprom_write_buffer
                0x08004170       0x2c build/smtc_hal_eeprom.o
                0x08004170                hal_eeprom_write_buffer
 .text.hal_eeprom_read_buffer
                0x0800419c       0x14 build/smtc_hal_eeprom.o
                0x0800419c                hal_eeprom_read_buffer
 .text.hal_gpio_irq_attach
                0x080041b0       0x1c build/smtc_hal_gpio.o
                0x080041b0                hal_gpio_irq_attach
 .text.gpio_init.constprop.0
                0x080041cc      0x148 build/smtc_hal_gpio.o
 .text.hal_gpio_init_out
                0x08004314       0x20 build/smtc_hal_gpio.o
                0x08004314                hal_gpio_init_out
 .text.hal_gpio_init_in
                0x08004334       0x58 build/smtc_hal_gpio.o
                0x08004334                hal_gpio_init_in
 .text.hal_gpio_irq_enable
                0x0800438c       0x16 build/smtc_hal_gpio.o
                0x0800438c                hal_gpio_irq_enable
 .text.hal_gpio_irq_disable
                0x080043a2       0x16 build/smtc_hal_gpio.o
                0x080043a2                hal_gpio_irq_disable
 .text.hal_gpio_set_value
                0x080043b8       0x26 build/smtc_hal_gpio.o
                0x080043b8                hal_gpio_set_value
 .text.hal_gpio_get_value
                0x080043de       0x24 build/smtc_hal_gpio.o
                0x080043de                hal_gpio_get_value
 *fill*         0x08004402        0x2 
 .text.hal_gpio_clear_pending_irq
                0x08004404       0x28 build/smtc_hal_gpio.o
                0x08004404                hal_gpio_clear_pending_irq
 .text.EXTI0_1_IRQHandler
                0x0800442c       0x10 build/smtc_hal_gpio.o
                0x0800442c                EXTI0_1_IRQHandler
 .text.EXTI2_3_IRQHandler
                0x0800443c       0x10 build/smtc_hal_gpio.o
                0x0800443c                EXTI2_3_IRQHandler
 .text.EXTI4_15_IRQHandler
                0x0800444c       0x5c build/smtc_hal_gpio.o
                0x0800444c                EXTI4_15_IRQHandler
 .text.HAL_GPIO_EXTI_Callback
                0x080044a8       0x30 build/smtc_hal_gpio.o
                0x080044a8                HAL_GPIO_EXTI_Callback
 .text.hal_mcu_wait_us
                0x080044d8       0x40 build/smtc_hal_mcu.o
                0x080044d8                hal_mcu_wait_us
 .text.wut_cb   0x08004518        0xc build/smtc_hal_mcu.o
 .text.hal_mcu_critical_section_begin
                0x08004524        0xa build/smtc_hal_mcu.o
                0x08004524                hal_mcu_critical_section_begin
 .text.hal_mcu_critical_section_end
                0x0800452e        0x8 build/smtc_hal_mcu.o
                0x0800452e                hal_mcu_critical_section_end
 .text.hal_mcu_disable_irq
                0x08004536        0x4 build/smtc_hal_mcu.o
                0x08004536                hal_mcu_disable_irq
 .text.hal_mcu_enable_irq
                0x0800453a        0x4 build/smtc_hal_mcu.o
                0x0800453a                hal_mcu_enable_irq
 *fill*         0x0800453e        0x2 
 .text.hal_mcu_reset
                0x08004540       0x1c build/smtc_hal_mcu.o
                0x08004540                hal_mcu_reset
 .text.hal_mcu_init
                0x0800455c      0x16c build/smtc_hal_mcu.o
                0x0800455c                hal_mcu_init
 .text.hal_mcu_set_sleep_for_ms
                0x080046c8      0x17c build/smtc_hal_mcu.o
                0x080046c8                hal_mcu_set_sleep_for_ms
 .text.SysTick_Handler
                0x08004844        0xc build/smtc_hal_mcu.o
                0x08004844                SysTick_Handler
 .text.HAL_MspInit
                0x08004850       0x10 build/smtc_hal_mcu.o
                0x08004850                HAL_MspInit
 .text.hal_mcu_delay_ms
                0x08004860        0x8 build/smtc_hal_mcu.o
                0x08004860                hal_mcu_delay_ms
 .text.HardFault_Handler
                0x08004868       0x3c build/smtc_hal_mcu.o
                0x08004868                HardFault_Handler
 .text.rtc_get_timestamp_in_ticks
                0x080048a4       0xb0 build/smtc_hal_rtc.o
 .text.hal_rtc_get_timer_context
                0x08004954        0xc build/smtc_hal_rtc.o
                0x08004954                hal_rtc_get_timer_context
 .text.hal_rtc_set_timer_context
                0x08004960       0x1c build/smtc_hal_rtc.o
                0x08004960                hal_rtc_set_timer_context
 .text.hal_rtc_init
                0x0800497c       0x98 build/smtc_hal_rtc.o
                0x0800497c                hal_rtc_init
 .text.hal_rtc_get_timer_elapsed_time
                0x08004a14       0x18 build/smtc_hal_rtc.o
                0x08004a14                hal_rtc_get_timer_elapsed_time
 .text.hal_rtc_get_minimum_timeout
                0x08004a2c        0x4 build/smtc_hal_rtc.o
                0x08004a2c                hal_rtc_get_minimum_timeout
 .text.hal_rtc_wakeup_timer_stop
                0x08004a30       0x18 build/smtc_hal_rtc.o
                0x08004a30                hal_rtc_wakeup_timer_stop
 .text.rtc_tick_2_ms
                0x08004a48       0x1c build/smtc_hal_rtc.o
                0x08004a48                rtc_tick_2_ms
 .text.rtc_get_calendar_time
                0x08004a64       0x26 build/smtc_hal_rtc.o
 .text.hal_rtc_get_time_s
                0x08004a8a        0xc build/smtc_hal_rtc.o
                0x08004a8a                hal_rtc_get_time_s
 *fill*         0x08004a96        0x2 
 .text.hal_rtc_get_time_100us
                0x08004a98       0x1c build/smtc_hal_rtc.o
                0x08004a98                hal_rtc_get_time_100us
 .text.hal_rtc_get_time_ms
                0x08004ab4        0xe build/smtc_hal_rtc.o
                0x08004ab4                hal_rtc_get_time_ms
 .text.rtc_ms_2_ticks
                0x08004ac2       0x10 build/smtc_hal_rtc.o
                0x08004ac2                rtc_ms_2_ticks
 .text.rtc_ms_2_wakeup_timer_tick
                0x08004ad2        0xc build/smtc_hal_rtc.o
                0x08004ad2                rtc_ms_2_wakeup_timer_tick
 *fill*         0x08004ade        0x2 
 .text.hal_rtc_wakeup_timer_set_ms
                0x08004ae0       0x50 build/smtc_hal_rtc.o
                0x08004ae0                hal_rtc_wakeup_timer_set_ms
 .text.RTC_IRQHandler
                0x08004b30       0x44 build/smtc_hal_rtc.o
                0x08004b30                RTC_IRQHandler
 .text.HAL_RTC_MspInit
                0x08004b74       0x24 build/smtc_hal_rtc.o
                0x08004b74                HAL_RTC_MspInit
 .text.hal_spi_init
                0x08004b98       0xac build/smtc_hal_spi.o
                0x08004b98                hal_spi_init
 .text.hal_spi_de_init
                0x08004c44       0x14 build/smtc_hal_spi.o
                0x08004c44                hal_spi_de_init
 .text.hal_spi_in_out
                0x08004c58       0x30 build/smtc_hal_spi.o
                0x08004c58                hal_spi_in_out
 .text.HAL_SPI_MspInit
                0x08004c88      0x16c build/smtc_hal_spi.o
                0x08004c88                HAL_SPI_MspInit
 .text.HAL_SPI_MspDeInit
                0x08004df4      0x130 build/smtc_hal_spi.o
                0x08004df4                HAL_SPI_MspDeInit
 .text.hal_lp_timer_init
                0x08004f24       0x74 build/smtc_hal_lp_timer.o
                0x08004f24                hal_lp_timer_init
 .text.hal_lp_timer_start
                0x08004f98       0x3c build/smtc_hal_lp_timer.o
                0x08004f98                hal_lp_timer_start
 .text.hal_lp_timer_stop
                0x08004fd4       0x10 build/smtc_hal_lp_timer.o
                0x08004fd4                hal_lp_timer_stop
 .text.hal_lp_timer_irq_enable
                0x08004fe4        0xa build/smtc_hal_lp_timer.o
                0x08004fe4                hal_lp_timer_irq_enable
 .text.hal_lp_timer_irq_disable
                0x08004fee        0xa build/smtc_hal_lp_timer.o
                0x08004fee                hal_lp_timer_irq_disable
 .text.LPTIM1_IRQHandler
                0x08004ff8       0x28 build/smtc_hal_lp_timer.o
                0x08004ff8                LPTIM1_IRQHandler
 .text.HAL_LPTIM_MspInit
                0x08005020       0x30 build/smtc_hal_lp_timer.o
                0x08005020                HAL_LPTIM_MspInit
 .text.hal_trace_print
                0x08005050       0x24 build/smtc_hal_trace.o
                0x08005050                hal_trace_print
 .text.hal_trace_print_var
                0x08005074       0x16 build/smtc_hal_trace.o
                0x08005074                hal_trace_print_var
 *fill*         0x0800508a        0x2 
 .text.uart1_init
                0x0800508c       0x64 build/smtc_hal_uart.o
                0x0800508c                uart1_init
 .text.uart1_deinit
                0x080050f0       0x10 build/smtc_hal_uart.o
                0x080050f0                uart1_deinit
 .text.uart1_tx
                0x08005100       0x1c build/smtc_hal_uart.o
                0x08005100                uart1_tx
 .text.HAL_UART_MspInit
                0x0800511c      0x130 build/smtc_hal_uart.o
                0x0800511c                HAL_UART_MspInit
 .text.HAL_UART_MspDeInit
                0x0800524c       0x78 build/smtc_hal_uart.o
                0x0800524c                HAL_UART_MspDeInit
 .text.DMA1_Channel4_5_6_7_IRQHandler
                0x080052c4       0x10 build/smtc_hal_uart.o
                0x080052c4                DMA1_Channel4_5_6_7_IRQHandler
 .text.USART2_IRQHandler
                0x080052d4       0x10 build/smtc_hal_uart.o
                0x080052d4                USART2_IRQHandler
 .text.hal_watchdog_init
                0x080052e4       0x24 build/smtc_hal_watchdog.o
                0x080052e4                hal_watchdog_init
 .text.watchdog_reload
                0x08005308       0x10 build/smtc_hal_watchdog.o
                0x08005308                watchdog_reload
 .text.hal_rng_init
                0x08005318       0x18 build/smtc_hal_rng.o
                0x08005318                hal_rng_init
 .text.hal_rng_get_random_in_range
                0x08005330       0x2a build/smtc_hal_rng.o
                0x08005330                hal_rng_get_random_in_range
 .text.hal_rng_get_signed_random_in_range
                0x0800535a       0x22 build/smtc_hal_rng.o
                0x0800535a                hal_rng_get_signed_random_in_range
 .text.hal_i2c_init
                0x0800537c       0xd0 build/smtc_hal_i2c.o
                0x0800537c                hal_i2c_init
 .text.hal_i2c_deinit
                0x0800544c       0x14 build/smtc_hal_i2c.o
                0x0800544c                hal_i2c_deinit
 .text.HAL_I2C_MspInit
                0x08005460      0x138 build/smtc_hal_i2c.o
                0x08005460                HAL_I2C_MspInit
 .text.HAL_I2C_MspDeInit
                0x08005598       0xc8 build/smtc_hal_i2c.o
                0x08005598                HAL_I2C_MspDeInit
 .text.hal_i2c_read
                0x08005660       0x34 build/smtc_hal_i2c.o
                0x08005660                hal_i2c_read
 .text.TimerInsertTimer
                0x08005694       0x2c build/timer.o
 .text.TimerSetTimeout
                0x080056c0       0x22 build/timer.o
 *fill*         0x080056e2        0x2 
 .text.TimerInsertNewHeadTimer
                0x080056e4       0x1c build/timer.o
 .text.TimerInit
                0x08005700       0x10 build/timer.o
                0x08005700                TimerInit
 .text.TimerSetContext
                0x08005710        0x4 build/timer.o
                0x08005710                TimerSetContext
 .text.TimerStart
                0x08005714       0x5c build/timer.o
                0x08005714                TimerStart
 .text.TimerIrqHandler
                0x08005770       0x7c build/timer.o
                0x08005770                TimerIrqHandler
 .text.TimerStop
                0x080057ec       0x5c build/timer.o
                0x080057ec                TimerStop
 .text.TimerSetValue
                0x08005848       0x22 build/timer.o
                0x08005848                TimerSetValue
 *fill*         0x0800586a        0x2 
 .text.settings_init
                0x0800586c       0x44 build/settings.o
                0x0800586c                settings_init
 .text.lr11xx_hal_reset
                0x080058b0       0x3c build/lr11xx_hal.o
                0x080058b0                lr11xx_hal_reset
 .text.lr11xx_hal_wait_on_busy
                0x080058ec        0xe build/lr11xx_hal.o
                0x080058ec                lr11xx_hal_wait_on_busy
 *fill*         0x080058fa        0x2 
 .text.lr11xx_hal_check_device_ready
                0x080058fc       0x30 build/lr11xx_hal.o
                0x080058fc                lr11xx_hal_check_device_ready
 .text.lr11xx_hal_write
                0x0800592c       0x6c build/lr11xx_hal.o
                0x0800592c                lr11xx_hal_write
 .text.lr11xx_hal_read
                0x08005998       0x68 build/lr11xx_hal.o
                0x08005998                lr11xx_hal_read
 .text.lr11xx_hal_direct_read
                0x08005a00       0x32 build/lr11xx_hal.o
                0x08005a00                lr11xx_hal_direct_read
 .text.lr11xx_hal_wakeup
                0x08005a32        0xa build/lr11xx_hal.o
                0x08005a32                lr11xx_hal_wakeup
 .text.ral_lr11xx_bsp_get_rf_switch_cfg
                0x08005a3c       0x20 build/ral_lr11xx_bsp.o
                0x08005a3c                ral_lr11xx_bsp_get_rf_switch_cfg
 .text.ral_lr11xx_bsp_get_reg_mode
                0x08005a5c        0x6 build/ral_lr11xx_bsp.o
                0x08005a5c                ral_lr11xx_bsp_get_reg_mode
 .text.ral_lr11xx_bsp_get_xosc_cfg
                0x08005a62        0xe build/ral_lr11xx_bsp.o
                0x08005a62                ral_lr11xx_bsp_get_xosc_cfg
 .text.ral_lr11xx_bsp_get_crc_state
                0x08005a70        0x6 build/ral_lr11xx_bsp.o
                0x08005a70                ral_lr11xx_bsp_get_crc_state
 *fill*         0x08005a76        0x2 
 .text.ral_lr11xx_bsp_get_rssi_calibration_table
                0x08005a78       0xd0 build/ral_lr11xx_bsp.o
                0x08005a78                ral_lr11xx_bsp_get_rssi_calibration_table
 .text.lr11xx_get_tx_cfg
                0x08005b48      0x114 build/ral_lr11xx_bsp.o
                0x08005b48                lr11xx_get_tx_cfg
 .text.ral_lr11xx_bsp_get_tx_cfg
                0x08005c5c       0x40 build/ral_lr11xx_bsp.o
                0x08005c5c                ral_lr11xx_bsp_get_tx_cfg
 .text.Reset_Handler
                0x08005c9c       0x50 build/startup_stm32l071xx.o
                0x08005c9c                Reset_Handler
 .text.Default_Handler
                0x08005cec        0x2 build/startup_stm32l071xx.o
                0x08005cec                ADC1_COMP_IRQHandler
                0x08005cec                TIM6_IRQHandler
                0x08005cec                PVD_IRQHandler
                0x08005cec                PendSV_Handler
                0x08005cec                NMI_Handler
                0x08005cec                I2C1_IRQHandler
                0x08005cec                SPI1_IRQHandler
                0x08005cec                I2C2_IRQHandler
                0x08005cec                TIM3_IRQHandler
                0x08005cec                RCC_IRQHandler
                0x08005cec                DMA1_Channel1_IRQHandler
                0x08005cec                USART4_5_IRQHandler
                0x08005cec                Default_Handler
                0x08005cec                TIM22_IRQHandler
                0x08005cec                TIM7_IRQHandler
                0x08005cec                I2C3_IRQHandler
                0x08005cec                SPI2_IRQHandler
                0x08005cec                SVC_Handler
                0x08005cec                TIM21_IRQHandler
                0x08005cec                WWDG_IRQHandler
                0x08005cec                LPUART1_IRQHandler
                0x08005cec                TIM2_IRQHandler
                0x08005cec                DMA1_Channel2_3_IRQHandler
                0x08005cec                FLASH_IRQHandler
                0x08005cec                USART1_IRQHandler
 .text.lr11xx_system_reset
                0x08005cee        0x8 lbm/build/basic_modem.a(lr11xx_system.o)
                0x08005cee                lr11xx_system_reset
 .text.lr11xx_system_get_status
                0x08005cf6       0x52 lbm/build/basic_modem.a(lr11xx_system.o)
                0x08005cf6                lr11xx_system_get_status
 .text.lr11xx_system_get_version
                0x08005d48       0x32 lbm/build/basic_modem.a(lr11xx_system.o)
                0x08005d48                lr11xx_system_get_version
 *fill*         0x08005d7a        0x2 
 .text.lr11xx_system_calibrate
                0x08005d7c       0x20 lbm/build/basic_modem.a(lr11xx_system.o)
                0x08005d7c                lr11xx_system_calibrate
 .text.lr11xx_system_set_reg_mode
                0x08005d9c       0x20 lbm/build/basic_modem.a(lr11xx_system.o)
                0x08005d9c                lr11xx_system_set_reg_mode
 .text.lr11xx_system_calibrate_image
                0x08005dbc       0x20 lbm/build/basic_modem.a(lr11xx_system.o)
                0x08005dbc                lr11xx_system_calibrate_image
 .text.lr11xx_system_calibrate_image_in_mhz
                0x08005ddc       0x12 lbm/build/basic_modem.a(lr11xx_system.o)
                0x08005ddc                lr11xx_system_calibrate_image_in_mhz
 *fill*         0x08005dee        0x2 
 .text.lr11xx_system_set_dio_as_rf_switch
                0x08005df0       0x3c lbm/build/basic_modem.a(lr11xx_system.o)
                0x08005df0                lr11xx_system_set_dio_as_rf_switch
 .text.lr11xx_system_set_dio_irq_params
                0x08005e2c       0x38 lbm/build/basic_modem.a(lr11xx_system.o)
                0x08005e2c                lr11xx_system_set_dio_irq_params
 .text.lr11xx_system_clear_irq_status
                0x08005e64       0x28 lbm/build/basic_modem.a(lr11xx_system.o)
                0x08005e64                lr11xx_system_clear_irq_status
 .text.lr11xx_system_get_and_clear_irq_status
                0x08005e8c       0x38 lbm/build/basic_modem.a(lr11xx_system.o)
                0x08005e8c                lr11xx_system_get_and_clear_irq_status
 .text.lr11xx_system_cfg_lfclk
                0x08005ec4       0x24 lbm/build/basic_modem.a(lr11xx_system.o)
                0x08005ec4                lr11xx_system_cfg_lfclk
 .text.lr11xx_system_set_tcxo_mode
                0x08005ee8       0x28 lbm/build/basic_modem.a(lr11xx_system.o)
                0x08005ee8                lr11xx_system_set_tcxo_mode
 .text.lr11xx_system_set_sleep
                0x08005f10       0x38 lbm/build/basic_modem.a(lr11xx_system.o)
                0x08005f10                lr11xx_system_set_sleep
 .text.lr11xx_system_set_standby
                0x08005f48       0x20 lbm/build/basic_modem.a(lr11xx_system.o)
                0x08005f48                lr11xx_system_set_standby
 .text.lr11xx_system_wakeup
                0x08005f68        0x8 lbm/build/basic_modem.a(lr11xx_system.o)
                0x08005f68                lr11xx_system_wakeup
 .text.lr11xx_system_set_fs
                0x08005f70       0x1c lbm/build/basic_modem.a(lr11xx_system.o)
                0x08005f70                lr11xx_system_set_fs
 .text.lr11xx_system_get_random_number
                0x08005f8c       0x1c lbm/build/basic_modem.a(lr11xx_system.o)
                0x08005f8c                lr11xx_system_get_random_number
 .text.lr11xx_system_enable_spi_crc
                0x08005fa8       0x20 lbm/build/basic_modem.a(lr11xx_system.o)
                0x08005fa8                lr11xx_system_enable_spi_crc
 .text.ral_lr11xx_convert_irq_flags_to_ral
                0x08005fc8       0x6c lbm/build/basic_modem.a(ral_lr11xx.o)
 .text.ral_lr11xx_convert_irq_flags_from_ral
                0x08006034       0x6e lbm/build/basic_modem.a(ral_lr11xx.o)
 .text.ral_lr11xx_convert_gfsk_pkt_params_from_ral
                0x080060a2       0x80 lbm/build/basic_modem.a(ral_lr11xx.o)
 .text.ral_lr11xx_convert_lora_mod_params_from_ral
                0x08006122       0x60 lbm/build/basic_modem.a(ral_lr11xx.o)
 .text.ral_lr11xx_convert_gfsk_mod_params_from_ral
                0x08006182       0x4e lbm/build/basic_modem.a(ral_lr11xx.o)
 .text.ral_lr11xx_convert_lora_pkt_params_from_ral
                0x080061d0       0x24 lbm/build/basic_modem.a(ral_lr11xx.o)
 .text.ral_lr11xx_handles_part
                0x080061f4       0x2c lbm/build/basic_modem.a(ral_lr11xx.o)
                0x080061f4                ral_lr11xx_handles_part
 .text.ral_lr11xx_reset
                0x08006220        0x8 lbm/build/basic_modem.a(ral_lr11xx.o)
                0x08006220                ral_lr11xx_reset
 .text.ral_lr11xx_init
                0x08006228       0x9a lbm/build/basic_modem.a(ral_lr11xx.o)
                0x08006228                ral_lr11xx_init
 .text.ral_lr11xx_wakeup
                0x080062c2        0x8 lbm/build/basic_modem.a(ral_lr11xx.o)
                0x080062c2                ral_lr11xx_wakeup
 .text.ral_lr11xx_set_sleep
                0x080062ca       0x22 lbm/build/basic_modem.a(ral_lr11xx.o)
                0x080062ca                ral_lr11xx_set_sleep
 .text.ral_lr11xx_set_standby
                0x080062ec       0x16 lbm/build/basic_modem.a(ral_lr11xx.o)
                0x080062ec                ral_lr11xx_set_standby
 .text.ral_lr11xx_set_fs
                0x08006302        0x8 lbm/build/basic_modem.a(ral_lr11xx.o)
                0x08006302                ral_lr11xx_set_fs
 .text.ral_lr11xx_set_tx
                0x0800630a        0xa lbm/build/basic_modem.a(ral_lr11xx.o)
                0x0800630a                ral_lr11xx_set_tx
 .text.ral_lr11xx_set_rx
                0x08006314       0x28 lbm/build/basic_modem.a(ral_lr11xx.o)
                0x08006314                ral_lr11xx_set_rx
 .text.ral_lr11xx_cfg_rx_boosted
                0x0800633c        0x8 lbm/build/basic_modem.a(ral_lr11xx.o)
                0x0800633c                ral_lr11xx_cfg_rx_boosted
 .text.ral_lr11xx_set_rx_tx_fallback_mode
                0x08006344       0x16 lbm/build/basic_modem.a(ral_lr11xx.o)
                0x08006344                ral_lr11xx_set_rx_tx_fallback_mode
 .text.ral_lr11xx_stop_timer_on_preamble
                0x0800635a        0x8 lbm/build/basic_modem.a(ral_lr11xx.o)
                0x0800635a                ral_lr11xx_stop_timer_on_preamble
 .text.ral_lr11xx_set_rx_duty_cycle
                0x08006362        0xa lbm/build/basic_modem.a(ral_lr11xx.o)
                0x08006362                ral_lr11xx_set_rx_duty_cycle
 .text.ral_lr11xx_set_lora_cad
                0x0800636c        0x8 lbm/build/basic_modem.a(ral_lr11xx.o)
                0x0800636c                ral_lr11xx_set_lora_cad
 .text.ral_lr11xx_set_tx_cw
                0x08006374        0x8 lbm/build/basic_modem.a(ral_lr11xx.o)
                0x08006374                ral_lr11xx_set_tx_cw
 .text.ral_lr11xx_set_tx_infinite_preamble
                0x0800637c        0x8 lbm/build/basic_modem.a(ral_lr11xx.o)
                0x0800637c                ral_lr11xx_set_tx_infinite_preamble
 .text.ral_lr11xx_cal_img
                0x08006384        0x8 lbm/build/basic_modem.a(ral_lr11xx.o)
                0x08006384                ral_lr11xx_cal_img
 .text.ral_lr11xx_set_tx_cfg
                0x0800638c       0x30 lbm/build/basic_modem.a(ral_lr11xx.o)
                0x0800638c                ral_lr11xx_set_tx_cfg
 .text.ral_lr11xx_set_pkt_payload
                0x080063bc        0xa lbm/build/basic_modem.a(ral_lr11xx.o)
                0x080063bc                ral_lr11xx_set_pkt_payload
 .text.ral_lr11xx_get_pkt_payload
                0x080063c6       0x38 lbm/build/basic_modem.a(ral_lr11xx.o)
                0x080063c6                ral_lr11xx_get_pkt_payload
 .text.ral_lr11xx_get_irq_status
                0x080063fe       0x20 lbm/build/basic_modem.a(ral_lr11xx.o)
                0x080063fe                ral_lr11xx_get_irq_status
 .text.ral_lr11xx_clear_irq_status
                0x0800641e       0x14 lbm/build/basic_modem.a(ral_lr11xx.o)
                0x0800641e                ral_lr11xx_clear_irq_status
 .text.ral_lr11xx_get_and_clear_irq_status
                0x08006432       0x22 lbm/build/basic_modem.a(ral_lr11xx.o)
                0x08006432                ral_lr11xx_get_and_clear_irq_status
 .text.ral_lr11xx_set_dio_irq_params
                0x08006454       0x16 lbm/build/basic_modem.a(ral_lr11xx.o)
                0x08006454                ral_lr11xx_set_dio_irq_params
 .text.ral_lr11xx_set_rf_freq
                0x0800646a       0x26 lbm/build/basic_modem.a(ral_lr11xx.o)
                0x0800646a                ral_lr11xx_set_rf_freq
 .text.ral_lr11xx_set_pkt_type
                0x08006490       0x1c lbm/build/basic_modem.a(ral_lr11xx.o)
                0x08006490                ral_lr11xx_set_pkt_type
 .text.ral_lr11xx_get_pkt_type
                0x080064ac       0x2a lbm/build/basic_modem.a(ral_lr11xx.o)
                0x080064ac                ral_lr11xx_get_pkt_type
 .text.ral_lr11xx_set_gfsk_mod_params
                0x080064d6       0x2a lbm/build/basic_modem.a(ral_lr11xx.o)
                0x080064d6                ral_lr11xx_set_gfsk_mod_params
 .text.ral_lr11xx_set_gfsk_pkt_params
                0x08006500       0x2c lbm/build/basic_modem.a(ral_lr11xx.o)
                0x08006500                ral_lr11xx_set_gfsk_pkt_params
 .text.ral_lr11xx_set_lora_mod_params
                0x0800652c       0x1a lbm/build/basic_modem.a(ral_lr11xx.o)
                0x0800652c                ral_lr11xx_set_lora_mod_params
 .text.ral_lr11xx_set_lora_pkt_params
                0x08006546       0x28 lbm/build/basic_modem.a(ral_lr11xx.o)
                0x08006546                ral_lr11xx_set_lora_pkt_params
 .text.ral_lr11xx_set_lora_cad_params
                0x0800656e       0x5e lbm/build/basic_modem.a(ral_lr11xx.o)
                0x0800656e                ral_lr11xx_set_lora_cad_params
 .text.ral_lr11xx_set_lora_symb_nb_timeout
                0x080065cc        0x8 lbm/build/basic_modem.a(ral_lr11xx.o)
                0x080065cc                ral_lr11xx_set_lora_symb_nb_timeout
 .text.ral_lr11xx_set_flrc_mod_params
                0x080065d4        0x4 lbm/build/basic_modem.a(ral_lr11xx.o)
                0x080065d4                ral_lr11xx_set_flrc_mod_params
 .text.ral_lr11xx_set_flrc_pkt_params
                0x080065d8        0x4 lbm/build/basic_modem.a(ral_lr11xx.o)
                0x080065d8                ral_lr11xx_set_flrc_pkt_params
 .text.ral_lr11xx_get_gfsk_rx_pkt_status
                0x080065dc       0x46 lbm/build/basic_modem.a(ral_lr11xx.o)
                0x080065dc                ral_lr11xx_get_gfsk_rx_pkt_status
 .text.ral_lr11xx_get_lora_rx_pkt_status
                0x08006622       0x24 lbm/build/basic_modem.a(ral_lr11xx.o)
                0x08006622                ral_lr11xx_get_lora_rx_pkt_status
 .text.ral_lr11xx_get_flrc_rx_pkt_status
                0x08006646        0x4 lbm/build/basic_modem.a(ral_lr11xx.o)
                0x08006646                ral_lr11xx_get_flrc_rx_pkt_status
 .text.ral_lr11xx_get_rssi_inst
                0x0800664a       0x16 lbm/build/basic_modem.a(ral_lr11xx.o)
                0x0800664a                ral_lr11xx_get_rssi_inst
 .text.ral_lr11xx_get_lora_time_on_air_in_ms
                0x08006660       0x20 lbm/build/basic_modem.a(ral_lr11xx.o)
                0x08006660                ral_lr11xx_get_lora_time_on_air_in_ms
 .text.ral_lr11xx_get_gfsk_time_on_air_in_ms
                0x08006680       0x22 lbm/build/basic_modem.a(ral_lr11xx.o)
                0x08006680                ral_lr11xx_get_gfsk_time_on_air_in_ms
 .text.ral_lr11xx_get_flrc_time_on_air_in_ms
                0x080066a2        0x4 lbm/build/basic_modem.a(ral_lr11xx.o)
                0x080066a2                ral_lr11xx_get_flrc_time_on_air_in_ms
 .text.ral_lr11xx_set_gfsk_sync_word
                0x080066a6       0x2e lbm/build/basic_modem.a(ral_lr11xx.o)
                0x080066a6                ral_lr11xx_set_gfsk_sync_word
 .text.ral_lr11xx_set_lora_sync_word
                0x080066d4        0x8 lbm/build/basic_modem.a(ral_lr11xx.o)
                0x080066d4                ral_lr11xx_set_lora_sync_word
 .text.ral_lr11xx_set_flrc_sync_word
                0x080066dc        0x4 lbm/build/basic_modem.a(ral_lr11xx.o)
                0x080066dc                ral_lr11xx_set_flrc_sync_word
 .text.ral_lr11xx_set_gfsk_crc_params
                0x080066e0        0x8 lbm/build/basic_modem.a(ral_lr11xx.o)
                0x080066e0                ral_lr11xx_set_gfsk_crc_params
 .text.ral_lr11xx_set_flrc_crc_params
                0x080066e8        0x4 lbm/build/basic_modem.a(ral_lr11xx.o)
                0x080066e8                ral_lr11xx_set_flrc_crc_params
 .text.ral_lr11xx_set_gfsk_whitening_seed
                0x080066ec        0x8 lbm/build/basic_modem.a(ral_lr11xx.o)
                0x080066ec                ral_lr11xx_set_gfsk_whitening_seed
 .text.ral_lr11xx_lr_fhss_init
                0x080066f4        0x8 lbm/build/basic_modem.a(ral_lr11xx.o)
                0x080066f4                ral_lr11xx_lr_fhss_init
 .text.ral_lr11xx_lr_fhss_build_frame
                0x080066fc       0x66 lbm/build/basic_modem.a(ral_lr11xx.o)
                0x080066fc                ral_lr11xx_lr_fhss_build_frame
 .text.ral_lr11xx_lr_fhss_handle_hop
                0x08006762        0x4 lbm/build/basic_modem.a(ral_lr11xx.o)
                0x08006762                ral_lr11xx_lr_fhss_handle_hop
 .text.ral_lr11xx_lr_fhss_handle_tx_done
                0x08006766        0x4 lbm/build/basic_modem.a(ral_lr11xx.o)
                0x08006766                ral_lr11xx_lr_fhss_handle_tx_done
 .text.ral_lr11xx_lr_fhss_get_time_on_air_in_ms
                0x0800676a       0x28 lbm/build/basic_modem.a(ral_lr11xx.o)
                0x0800676a                ral_lr11xx_lr_fhss_get_time_on_air_in_ms
 .text.ral_lr11xx_lr_fhss_get_hop_sequence_count
                0x08006792       0x1a lbm/build/basic_modem.a(ral_lr11xx.o)
                0x08006792                ral_lr11xx_lr_fhss_get_hop_sequence_count
 .text.ral_lr11xx_get_lora_rx_pkt_cr_crc
                0x080067ac        0x4 lbm/build/basic_modem.a(ral_lr11xx.o)
                0x080067ac                ral_lr11xx_get_lora_rx_pkt_cr_crc
 .text.ral_lr11xx_get_tx_consumption_in_ua
                0x080067b0       0xd8 lbm/build/basic_modem.a(ral_lr11xx.o)
                0x080067b0                ral_lr11xx_get_tx_consumption_in_ua
 .text.ral_lr11xx_get_gfsk_rx_consumption_in_ua
                0x08006888       0x2c lbm/build/basic_modem.a(ral_lr11xx.o)
                0x08006888                ral_lr11xx_get_gfsk_rx_consumption_in_ua
 .text.ral_lr11xx_get_lora_rx_consumption_in_ua
                0x080068b4       0x2c lbm/build/basic_modem.a(ral_lr11xx.o)
                0x080068b4                ral_lr11xx_get_lora_rx_consumption_in_ua
 .text.ral_lr11xx_get_random_numbers
                0x080068e0       0x24 lbm/build/basic_modem.a(ral_lr11xx.o)
                0x080068e0                ral_lr11xx_get_random_numbers
 .text.ralf_lr11xx_setup_gfsk
                0x08006904       0x9e lbm/build/basic_modem.a(ralf_lr11xx.o)
                0x08006904                ralf_lr11xx_setup_gfsk
 .text.ralf_lr11xx_setup_lora
                0x080069a2       0x70 lbm/build/basic_modem.a(ralf_lr11xx.o)
                0x080069a2                ralf_lr11xx_setup_lora
 .text.ralf_lr11xx_setup_flrc
                0x08006a12        0x4 lbm/build/basic_modem.a(ralf_lr11xx.o)
                0x08006a12                ralf_lr11xx_setup_flrc
 .text.empty_callback
                0x08006a16        0x2 lbm/build/basic_modem.a(smtc_modem.o)
                0x08006a16                empty_callback
 .text.is_modem_connected
                0x08006a18       0x6c lbm/build/basic_modem.a(smtc_modem.o)
 .text.user_radio_access_callback
                0x08006a84       0x44 lbm/build/basic_modem.a(smtc_modem.o)
                0x08006a84                user_radio_access_callback
 .text.smtc_modem_send_tx.constprop.0
                0x08006ac8       0xa0 lbm/build/basic_modem.a(smtc_modem.o)
 .text.smtc_modem_init
                0x08006b68       0xb4 lbm/build/basic_modem.a(smtc_modem.o)
                0x08006b68                smtc_modem_init
 .text.smtc_modem_run_engine
                0x08006c1c       0x28 lbm/build/basic_modem.a(smtc_modem.o)
                0x08006c1c                smtc_modem_run_engine
 .text.smtc_modem_get_modem_version
                0x08006c44       0x24 lbm/build/basic_modem.a(smtc_modem.o)
                0x08006c44                smtc_modem_get_modem_version
 .text.smtc_modem_get_lorawan_version
                0x08006c68       0x2c lbm/build/basic_modem.a(smtc_modem.o)
                0x08006c68                smtc_modem_get_lorawan_version
 .text.smtc_modem_get_regional_params_version
                0x08006c94       0x2c lbm/build/basic_modem.a(smtc_modem.o)
                0x08006c94                smtc_modem_get_regional_params_version
 .text.smtc_modem_get_tx_power_offset_db
                0x08006cc0       0x20 lbm/build/basic_modem.a(smtc_modem.o)
                0x08006cc0                smtc_modem_get_tx_power_offset_db
 .text.smtc_modem_get_status
                0x08006ce0       0x20 lbm/build/basic_modem.a(smtc_modem.o)
                0x08006ce0                smtc_modem_get_status
 .text.smtc_modem_alarm_start_timer
                0x08006d00       0x24 lbm/build/basic_modem.a(smtc_modem.o)
                0x08006d00                smtc_modem_alarm_start_timer
 .text.smtc_modem_set_joineui
                0x08006d24       0x48 lbm/build/basic_modem.a(smtc_modem.o)
                0x08006d24                smtc_modem_set_joineui
 .text.smtc_modem_set_deveui
                0x08006d6c       0x48 lbm/build/basic_modem.a(smtc_modem.o)
                0x08006d6c                smtc_modem_set_deveui
 .text.smtc_modem_set_nwkkey
                0x08006db4       0x48 lbm/build/basic_modem.a(smtc_modem.o)
                0x08006db4                smtc_modem_set_nwkkey
 .text.smtc_modem_set_region
                0x08006dfc       0x54 lbm/build/basic_modem.a(smtc_modem.o)
                0x08006dfc                smtc_modem_set_region
 .text.smtc_modem_adr_set_profile
                0x08006e50       0x5c lbm/build/basic_modem.a(smtc_modem.o)
                0x08006e50                smtc_modem_adr_set_profile
 .text.smtc_modem_dm_set_info_interval
                0x08006eac       0x54 lbm/build/basic_modem.a(smtc_modem.o)
                0x08006eac                smtc_modem_dm_set_info_interval
 .text.smtc_modem_join_network
                0x08006f00       0x7c lbm/build/basic_modem.a(smtc_modem.o)
                0x08006f00                smtc_modem_join_network
 .text.smtc_modem_leave_network
                0x08006f7c       0x16 lbm/build/basic_modem.a(smtc_modem.o)
                0x08006f7c                smtc_modem_leave_network
 .text.smtc_modem_request_uplink
                0x08006f92       0x2e lbm/build/basic_modem.a(smtc_modem.o)
                0x08006f92                smtc_modem_request_uplink
 .text.smtc_modem_set_certification_mode
                0x08006fc0       0x2a lbm/build/basic_modem.a(smtc_modem.o)
                0x08006fc0                smtc_modem_set_certification_mode
 .text.smtc_modem_lorawan_request_link_check
                0x08006fea       0x22 lbm/build/basic_modem.a(smtc_modem.o)
                0x08006fea                smtc_modem_lorawan_request_link_check
 .text.convert_rp_to_user_radio_access_status
                0x0800700c       0x14 lbm/build/basic_modem.a(smtc_modem.o)
                0x0800700c                convert_rp_to_user_radio_access_status
 .text.smtc_modem_get_event
                0x08007020      0x170 lbm/build/basic_modem.a(smtc_modem.o)
                0x08007020                smtc_modem_get_event
 .text.convert_rp_to_user_radio_access_rp_status
                0x08007190       0x14 lbm/build/basic_modem.a(smtc_modem.o)
                0x08007190                convert_rp_to_user_radio_access_rp_status
 .text.callback_rp_user_radio_access_0
                0x080071a4       0x5c lbm/build/basic_modem.a(smtc_modem.o)
                0x080071a4                callback_rp_user_radio_access_0
 .text.callback_rp_user_radio_access_1
                0x08007200       0x5c lbm/build/basic_modem.a(smtc_modem.o)
                0x08007200                callback_rp_user_radio_access_1
 .text.callback_rp_user_radio_access_2
                0x0800725c       0x5c lbm/build/basic_modem.a(smtc_modem.o)
                0x0800725c                callback_rp_user_radio_access_2
 .text.test_mode_cw_callback_for_rp
                0x080072b8       0x6c lbm/build/basic_modem.a(smtc_modem_test.o)
                0x080072b8                test_mode_cw_callback_for_rp
 .text.smtc_modem_test_start
                0x08007324       0x8c lbm/build/basic_modem.a(smtc_modem_test.o)
                0x08007324                smtc_modem_test_start
 .text.smtc_modem_test_tx_cw
                0x080073b0       0xf4 lbm/build/basic_modem.a(smtc_modem_test.o)
                0x080073b0                smtc_modem_test_tx_cw
 .text.smtc_modem_test_radio_reset
                0x080074a4       0x64 lbm/build/basic_modem.a(smtc_modem_test.o)
                0x080074a4                smtc_modem_test_radio_reset
 .text.smtc_modem_test_nop
                0x08007508       0x38 lbm/build/basic_modem.a(smtc_modem_test.o)
                0x08007508                smtc_modem_test_nop
 .text.smtc_modem_test_stop
                0x08007540       0x4c lbm/build/basic_modem.a(smtc_modem_test.o)
                0x08007540                smtc_modem_test_stop
 .text.smtc_modem_test_duty_cycle_app_activate
                0x0800758c       0x2c lbm/build/basic_modem.a(smtc_modem_test.o)
                0x0800758c                smtc_modem_test_duty_cycle_app_activate
 .text.fifo_ctrl_clear
                0x080075b8       0x14 lbm/build/basic_modem.a(fifo_ctrl.o)
                0x080075b8                fifo_ctrl_clear
 .text.fifo_ctrl_init
                0x080075cc        0xc lbm/build/basic_modem.a(fifo_ctrl.o)
                0x080075cc                fifo_ctrl_init
 .text.fifo_ctrl_print_stat
                0x080075d8        0x2 lbm/build/basic_modem.a(fifo_ctrl.o)
                0x080075d8                fifo_ctrl_print_stat
 .text.fifo_ctrl_get_nb_elt
                0x080075da        0x4 lbm/build/basic_modem.a(fifo_ctrl.o)
                0x080075da                fifo_ctrl_get_nb_elt
 .text.fifo_ctrl_get
                0x080075de      0x132 lbm/build/basic_modem.a(fifo_ctrl.o)
                0x080075de                fifo_ctrl_get
 .text.fifo_ctrl_set
                0x08007710      0x19a lbm/build/basic_modem.a(fifo_ctrl.o)
                0x08007710                fifo_ctrl_set
 *fill*         0x080078aa        0x2 
 .text.certification_event_handler
                0x080078ac      0x3e4 lbm/build/basic_modem.a(modem_supervisor.o)
 .text.modem_supervisor_init_task
                0x08007c90       0x24 lbm/build/basic_modem.a(modem_supervisor.o)
                0x08007c90                modem_supervisor_init_task
 .text.modem_supervisor_init
                0x08007cb4       0xe4 lbm/build/basic_modem.a(modem_supervisor.o)
                0x08007cb4                modem_supervisor_init
 .text.modem_supervisor_get_task_priority
                0x08007d98       0x18 lbm/build/basic_modem.a(modem_supervisor.o)
                0x08007d98                modem_supervisor_get_task_priority
 .text.modem_supervisor_remove_task
                0x08007db0       0x34 lbm/build/basic_modem.a(modem_supervisor.o)
                0x08007db0                modem_supervisor_remove_task
 .text.modem_supervisor_add_task
                0x08007de4       0x4c lbm/build/basic_modem.a(modem_supervisor.o)
                0x08007de4                modem_supervisor_add_task
 .text.modem_supervisor_launch_task
                0x08007e30      0x674 lbm/build/basic_modem.a(modem_supervisor.o)
                0x08007e30                modem_supervisor_launch_task
 .text.modem_supervisor_update_task
                0x080084a4      0x2b0 lbm/build/basic_modem.a(modem_supervisor.o)
                0x080084a4                modem_supervisor_update_task
 .text.modem_supervisor_scheduler
                0x08008754       0xcc lbm/build/basic_modem.a(modem_supervisor.o)
                0x08008754                modem_supervisor_scheduler
 .text.modem_supervisor_engine
                0x08008820      0x194 lbm/build/basic_modem.a(modem_supervisor.o)
                0x08008820                modem_supervisor_engine
 .text.modem_supervisor_update_downlink_frame
                0x080089b4      0x158 lbm/build/basic_modem.a(modem_supervisor.o)
                0x080089b4                modem_supervisor_update_downlink_frame
 .text.clock_sync_init
                0x08008b0c       0x2c lbm/build/basic_modem.a(smtc_clock_sync.o)
                0x08008b0c                clock_sync_init
 .text.clock_sync_is_enabled
                0x08008b38        0x4 lbm/build/basic_modem.a(smtc_clock_sync.o)
                0x08008b38                clock_sync_is_enabled
 .text.clock_sync_get_alcsync_port
                0x08008b3c        0x4 lbm/build/basic_modem.a(smtc_clock_sync.o)
                0x08008b3c                clock_sync_get_alcsync_port
 .text.clock_sync_is_done
                0x08008b40       0x22 lbm/build/basic_modem.a(smtc_clock_sync.o)
                0x08008b40                clock_sync_is_done
 .text.clock_sync_is_time_valid
                0x08008b62       0x32 lbm/build/basic_modem.a(smtc_clock_sync.o)
                0x08008b62                clock_sync_is_time_valid
 .text.clock_sync_set_sync_lost
                0x08008b94       0x18 lbm/build/basic_modem.a(smtc_clock_sync.o)
                0x08008b94                clock_sync_set_sync_lost
 .text.clock_sync_get_interval_second
                0x08008bac       0x14 lbm/build/basic_modem.a(smtc_clock_sync.o)
                0x08008bac                clock_sync_get_interval_second
 .text.clock_sync_reset_nb_time_req
                0x08008bc0        0x6 lbm/build/basic_modem.a(smtc_clock_sync.o)
                0x08008bc0                clock_sync_reset_nb_time_req
 .text.clock_sync_get_time_left_connection_lost
                0x08008bc6       0x16 lbm/build/basic_modem.a(smtc_clock_sync.o)
                0x08008bc6                clock_sync_get_time_left_connection_lost
 .text.clock_sync_callback
                0x08008bdc       0xdc lbm/build/basic_modem.a(smtc_clock_sync.o)
                0x08008bdc                clock_sync_callback
 .text.clock_sync_request
                0x08008cb8       0xf0 lbm/build/basic_modem.a(smtc_clock_sync.o)
                0x08008cb8                clock_sync_request
 .text.stream_data_pending
                0x08008da8       0x10 lbm/build/basic_modem.a(stream.o)
                0x08008da8                stream_data_pending
 .text.stream_get_fragment
                0x08008db8       0x42 lbm/build/basic_modem.a(stream.o)
                0x08008db8                stream_get_fragment
 .text.stream_process_dn_frame
                0x08008dfa       0x18 lbm/build/basic_modem.a(stream.o)
                0x08008dfa                stream_process_dn_frame
 .text.ROSE_rvec_len
                0x08008e12        0xe lbm/build/basic_modem.a(rose.o)
                0x08008e12                ROSE_rvec_len
 .text.ROSE_encWL
                0x08008e20       0x60 lbm/build/basic_modem.a(rose.o)
                0x08008e20                ROSE_encWL
 .text.ROSE_decWL
                0x08008e80       0x44 lbm/build/basic_modem.a(rose.o)
                0x08008e80                ROSE_decWL
 .text.ROSE_getStatus
                0x08008ec4       0x38 lbm/build/basic_modem.a(rose.o)
                0x08008ec4                ROSE_getStatus
 .text.ROSE_getData
                0x08008efc      0x424 lbm/build/basic_modem.a(rose.o)
                0x08008efc                ROSE_getData
 .text.ROSE_processDnFrame
                0x08009320      0x170 lbm/build/basic_modem.a(rose.o)
                0x08009320                ROSE_processDnFrame
 .text.function_xor.constprop.0
                0x08009490       0x12 lbm/build/basic_modem.a(file_upload.o)
 *fill*         0x080094a2        0x2 
 .text.file_upload_get_fragment
                0x080094a4      0x120 lbm/build/basic_modem.a(file_upload.o)
                0x080094a4                file_upload_get_fragment
 .text.file_upload_is_data_remaining
                0x080095c4       0x1c lbm/build/basic_modem.a(file_upload.o)
                0x080095c4                file_upload_is_data_remaining
 .text.file_upload_process_file_done_frame
                0x080095e0       0x1c lbm/build/basic_modem.a(file_upload.o)
                0x080095e0                file_upload_process_file_done_frame
 .text.file_upload_get_average_delay_in_s
                0x080095fc        0x4 lbm/build/basic_modem.a(file_upload.o)
                0x080095fc                file_upload_get_average_delay_in_s
 .text.alc_sync_init
                0x08009600       0x28 lbm/build/basic_modem.a(alc_sync.o)
                0x08009600                alc_sync_init
 .text.alc_sync_parser
                0x08009628      0x22c lbm/build/basic_modem.a(alc_sync.o)
                0x08009628                alc_sync_parser
 .text.alc_sync_get_interval_second
                0x08009854        0x4 lbm/build/basic_modem.a(alc_sync.o)
                0x08009854                alc_sync_get_interval_second
 .text.alc_sync_get_time_correction_second
                0x08009858        0x4 lbm/build/basic_modem.a(alc_sync.o)
                0x08009858                alc_sync_get_time_correction_second
 .text.alc_sync_get_time_left_connection_lost
                0x0800985c       0x2a lbm/build/basic_modem.a(alc_sync.o)
                0x0800985c                alc_sync_get_time_left_connection_lost
 .text.is_alc_sync_done
                0x08009886       0x14 lbm/build/basic_modem.a(alc_sync.o)
                0x08009886                is_alc_sync_done
 .text.is_alc_sync_time_valid
                0x0800989a       0x1e lbm/build/basic_modem.a(alc_sync.o)
                0x0800989a                is_alc_sync_time_valid
 .text.alc_sync_set_sync_lost
                0x080098b8        0xc lbm/build/basic_modem.a(alc_sync.o)
                0x080098b8                alc_sync_set_sync_lost
 .text.alc_sync_get_nb_transmission
                0x080098c4        0x4 lbm/build/basic_modem.a(alc_sync.o)
                0x080098c4                alc_sync_get_nb_transmission
 .text.alc_sync_get_timestamp_last_correction_s
                0x080098c8        0x4 lbm/build/basic_modem.a(alc_sync.o)
                0x080098c8                alc_sync_get_timestamp_last_correction_s
 .text.alc_sync_create_uplink_payload
                0x080098cc      0x1ac lbm/build/basic_modem.a(alc_sync.o)
                0x080098cc                alc_sync_create_uplink_payload
 .text.compute_cmac
                0x08009a78       0x78 lbm/build/basic_modem.a(soft_se.o)
 .text.smtc_secure_element_init
                0x08009af0       0x40 lbm/build/basic_modem.a(soft_se.o)
                0x08009af0                smtc_secure_element_init
 .text.smtc_secure_element_compute_aes_cmac
                0x08009b30       0x16 lbm/build/basic_modem.a(soft_se.o)
                0x08009b30                smtc_secure_element_compute_aes_cmac
 .text.smtc_secure_element_verify_aes_cmac
                0x08009b46       0x30 lbm/build/basic_modem.a(soft_se.o)
                0x08009b46                smtc_secure_element_verify_aes_cmac
 *fill*         0x08009b76        0x2 
 .text.smtc_secure_element_aes_encrypt
                0x08009b78       0x78 lbm/build/basic_modem.a(soft_se.o)
                0x08009b78                smtc_secure_element_aes_encrypt
 .text.smtc_secure_element_set_key.part.0
                0x08009bf0       0x74 lbm/build/basic_modem.a(soft_se.o)
 .text.smtc_secure_element_set_key
                0x08009c64       0x12 lbm/build/basic_modem.a(soft_se.o)
                0x08009c64                smtc_secure_element_set_key
 .text.smtc_secure_element_derive_and_store_key
                0x08009c76       0x3e lbm/build/basic_modem.a(soft_se.o)
                0x08009c76                smtc_secure_element_derive_and_store_key
 .text.smtc_secure_element_process_join_accept
                0x08009cb4       0x88 lbm/build/basic_modem.a(soft_se.o)
                0x08009cb4                smtc_secure_element_process_join_accept
 .text.smtc_secure_element_set_deveui
                0x08009d3c       0x1c lbm/build/basic_modem.a(soft_se.o)
                0x08009d3c                smtc_secure_element_set_deveui
 .text.smtc_secure_element_get_deveui
                0x08009d58       0x1c lbm/build/basic_modem.a(soft_se.o)
                0x08009d58                smtc_secure_element_get_deveui
 .text.smtc_secure_element_set_joineui
                0x08009d74       0x1c lbm/build/basic_modem.a(soft_se.o)
                0x08009d74                smtc_secure_element_set_joineui
 .text.smtc_secure_element_get_joineui
                0x08009d90       0x1c lbm/build/basic_modem.a(soft_se.o)
                0x08009d90                smtc_secure_element_get_joineui
 .text.soft_ce_crc
                0x08009dac       0x38 lbm/build/basic_modem.a(soft_se.o)
                0x08009dac                soft_ce_crc
 .text.smtc_secure_element_restore_context
                0x08009de4       0x80 lbm/build/basic_modem.a(soft_se.o)
                0x08009de4                smtc_secure_element_restore_context
 .text.smtc_secure_element_store_context
                0x08009e64       0x48 lbm/build/basic_modem.a(soft_se.o)
                0x08009e64                smtc_secure_element_store_context
 .text.ral_compute_lora_ldro
                0x08009eac       0x52 lbm/build/basic_modem.a(lr1_stack_mac_layer.o)
 .text.ral_set_dio_irq_params
                0x08009efe        0xa lbm/build/basic_modem.a(lr1_stack_mac_layer.o)
 .text.lr1_stack_mac_tx_lora_launch_callback_for_rp
                0x08009f08       0xb8 lbm/build/basic_modem.a(lr1_stack_mac_layer.o)
                0x08009f08                lr1_stack_mac_tx_lora_launch_callback_for_rp
 .text.lr1_stack_mac_rx_lora_launch_callback_for_rp
                0x08009fc0       0x98 lbm/build/basic_modem.a(lr1_stack_mac_layer.o)
                0x08009fc0                lr1_stack_mac_rx_lora_launch_callback_for_rp
 .text.lr1_stack_mac_rx_gfsk_launch_callback_for_rp
                0x0800a058       0x98 lbm/build/basic_modem.a(lr1_stack_mac_layer.o)
                0x0800a058                lr1_stack_mac_rx_gfsk_launch_callback_for_rp
 .text.lr1_stack_mac_tx_lr_fhss_launch_callback_for_rp
                0x0800a0f0      0x10c lbm/build/basic_modem.a(lr1_stack_mac_layer.o)
                0x0800a0f0                lr1_stack_mac_tx_lr_fhss_launch_callback_for_rp
 .text.lr1_stack_mac_tx_gfsk_launch_callback_for_rp
                0x0800a1fc       0xc0 lbm/build/basic_modem.a(lr1_stack_mac_layer.o)
                0x0800a1fc                lr1_stack_mac_tx_gfsk_launch_callback_for_rp
 .text.lr1_stack_mac_session_init
                0x0800a2bc       0x80 lbm/build/basic_modem.a(lr1_stack_mac_layer.o)
                0x0800a2bc                lr1_stack_mac_session_init
 .text.lr1_stack_mac_init
                0x0800a33c       0xcc lbm/build/basic_modem.a(lr1_stack_mac_layer.o)
                0x0800a33c                lr1_stack_mac_init
 .text.lr1_stack_mac_tx_frame_build
                0x0800a408       0xd8 lbm/build/basic_modem.a(lr1_stack_mac_layer.o)
                0x0800a408                lr1_stack_mac_tx_frame_build
 .text.lr1_stack_mac_tx_frame_encrypt
                0x0800a4e0       0xdc lbm/build/basic_modem.a(lr1_stack_mac_layer.o)
                0x0800a4e0                lr1_stack_mac_tx_frame_encrypt
 .text.lr1_stack_mac_radio_busy_lbt
                0x0800a5bc       0x34 lbm/build/basic_modem.a(lr1_stack_mac_layer.o)
                0x0800a5bc                lr1_stack_mac_radio_busy_lbt
 .text.lr1_stack_mac_radio_abort_lbt
                0x0800a5f0        0xc lbm/build/basic_modem.a(lr1_stack_mac_layer.o)
                0x0800a5f0                lr1_stack_mac_radio_abort_lbt
 .text.lr1_stack_mac_tx_radio_start
                0x0800a5fc      0x38c lbm/build/basic_modem.a(lr1_stack_mac_layer.o)
                0x0800a5fc                lr1_stack_mac_tx_radio_start
 .text.lr1_stack_mac_tx_radio_free_lbt
                0x0800a988       0x3c lbm/build/basic_modem.a(lr1_stack_mac_layer.o)
                0x0800a988                lr1_stack_mac_tx_radio_free_lbt
 .text.lr1_stack_mac_rx_radio_start
                0x0800a9c4      0x314 lbm/build/basic_modem.a(lr1_stack_mac_layer.o)
                0x0800a9c4                lr1_stack_mac_rx_radio_start
 .text.lr1_stack_mac_rp_callback
                0x0800acd8      0x244 lbm/build/basic_modem.a(lr1_stack_mac_layer.o)
                0x0800acd8                lr1_stack_mac_rp_callback
 .text.lr1_stack_mac_rx_timer_configure
                0x0800af1c      0x180 lbm/build/basic_modem.a(lr1_stack_mac_layer.o)
                0x0800af1c                lr1_stack_mac_rx_timer_configure
 .text.lr1_stack_mac_update_tx_done
                0x0800b09c       0x70 lbm/build/basic_modem.a(lr1_stack_mac_layer.o)
                0x0800b09c                lr1_stack_mac_update_tx_done
 .text.lr1_stack_mac_cmd_parse
                0x0800b10c      0xc4c lbm/build/basic_modem.a(lr1_stack_mac_layer.o)
                0x0800b10c                lr1_stack_mac_cmd_parse
 .text.lr1_stack_mac_join_request_build
                0x0800bd58      0x154 lbm/build/basic_modem.a(lr1_stack_mac_layer.o)
                0x0800bd58                lr1_stack_mac_join_request_build
 .text.lr1_stack_mac_join_accept
                0x0800beac      0x19c lbm/build/basic_modem.a(lr1_stack_mac_layer.o)
                0x0800beac                lr1_stack_mac_join_accept
 .text.lr1_stack_network_next_free_duty_cycle_ms_get
                0x0800c048       0x30 lbm/build/basic_modem.a(lr1_stack_mac_layer.o)
                0x0800c048                lr1_stack_network_next_free_duty_cycle_ms_get
 .text.lr1_stack_toa_get
                0x0800c078      0x1a4 lbm/build/basic_modem.a(lr1_stack_mac_layer.o)
                0x0800c078                lr1_stack_toa_get
 .text.lr1_stack_mac_update
                0x0800c21c      0x28c lbm/build/basic_modem.a(lr1_stack_mac_layer.o)
                0x0800c21c                lr1_stack_mac_update
 .text.lr1mac_rx_payload_max_size_check
                0x0800c4a8       0x2c lbm/build/basic_modem.a(lr1_stack_mac_layer.o)
                0x0800c4a8                lr1mac_rx_payload_max_size_check
 .text.lr1_stack_mac_rx_frame_decode
                0x0800c4d4      0x34c lbm/build/basic_modem.a(lr1_stack_mac_layer.o)
                0x0800c4d4                lr1_stack_mac_rx_frame_decode
 .text.memcpy1  0x0800c820       0x12 lbm/build/basic_modem.a(lr1mac_utilities.o)
                0x0800c820                memcpy1
 .text.memcpy1_r
                0x0800c832       0x18 lbm/build/basic_modem.a(lr1mac_utilities.o)
                0x0800c832                memcpy1_r
 *fill*         0x0800c84a        0x2 
 .text.memset1  0x0800c84c       0x18 lbm/build/basic_modem.a(lr1mac_utilities.o)
                0x0800c84c                memset1
 .text.lr1mac_utilities_crc
                0x0800c864       0x38 lbm/build/basic_modem.a(lr1mac_utilities.o)
                0x0800c864                lr1mac_utilities_crc
 .text.SMTC_GET_BIT8
                0x0800c89c       0x10 lbm/build/basic_modem.a(lr1mac_utilities.o)
                0x0800c89c                SMTC_GET_BIT8
 .text.SMTC_SET_BIT8
                0x0800c8ac       0x12 lbm/build/basic_modem.a(lr1mac_utilities.o)
                0x0800c8ac                SMTC_SET_BIT8
 .text.SMTC_CLR_BIT8
                0x0800c8be       0x14 lbm/build/basic_modem.a(lr1mac_utilities.o)
                0x0800c8be                SMTC_CLR_BIT8
 .text.SMTC_PUT_BIT8
                0x0800c8d2       0x12 lbm/build/basic_modem.a(lr1mac_utilities.o)
                0x0800c8d2                SMTC_PUT_BIT8
 .text.SMTC_ARE_CLR_BYTE8
                0x0800c8e4       0x18 lbm/build/basic_modem.a(lr1mac_utilities.o)
                0x0800c8e4                SMTC_ARE_CLR_BYTE8
 .text.SMTC_GET_BIT16
                0x0800c8fc       0x12 lbm/build/basic_modem.a(lr1mac_utilities.o)
                0x0800c8fc                SMTC_GET_BIT16
 .text.SMTC_SET_BIT16
                0x0800c90e       0x14 lbm/build/basic_modem.a(lr1mac_utilities.o)
                0x0800c90e                SMTC_SET_BIT16
 .text.SMTC_CLR_BIT16
                0x0800c922       0x16 lbm/build/basic_modem.a(lr1mac_utilities.o)
                0x0800c922                SMTC_CLR_BIT16
 .text.SMTC_PUT_BIT16
                0x0800c938       0x12 lbm/build/basic_modem.a(lr1mac_utilities.o)
                0x0800c938                SMTC_PUT_BIT16
 *fill*         0x0800c94a        0x2 
 .text.lr1mac_rx_payload_min_size_check
                0x0800c94c       0x24 lbm/build/basic_modem.a(lr1mac_utilities.o)
                0x0800c94c                lr1mac_rx_payload_min_size_check
 .text.lr1mac_rx_mhdr_extract
                0x0800c970       0x50 lbm/build/basic_modem.a(lr1mac_utilities.o)
                0x0800c970                lr1mac_rx_mhdr_extract
 .text.lr1mac_rx_fhdr_extract
                0x0800c9c0       0x9c lbm/build/basic_modem.a(lr1mac_utilities.o)
                0x0800c9c0                lr1mac_rx_fhdr_extract
 .text.lr1mac_fcnt_dwn_accept
                0x0800ca5c       0x4c lbm/build/basic_modem.a(lr1mac_utilities.o)
                0x0800ca5c                lr1mac_fcnt_dwn_accept
 .text.lr1_stack_mac_cmd_ans_cut
                0x0800caa8       0x38 lbm/build/basic_modem.a(lr1mac_utilities.o)
                0x0800caa8                lr1_stack_mac_cmd_ans_cut
 .text.smtc_real_is_supported_region
                0x0800cae0       0x24 lbm/build/basic_modem.a(smtc_real.o)
                0x0800cae0                smtc_real_is_supported_region
 .text.smtc_real_init
                0x0800cb04       0x9c lbm/build/basic_modem.a(smtc_real.o)
                0x0800cb04                smtc_real_init
 .text.smtc_real_init_session
                0x0800cba0       0x4c lbm/build/basic_modem.a(smtc_real.o)
                0x0800cba0                smtc_real_init_session
 .text.smtc_real_set_dr_distribution
                0x0800cbec       0xb8 lbm/build/basic_modem.a(smtc_real.o)
                0x0800cbec                smtc_real_set_dr_distribution
 .text.smtc_real_get_number_of_chmask_in_cflist
                0x0800cca4       0x50 lbm/build/basic_modem.a(smtc_real.o)
                0x0800cca4                smtc_real_get_number_of_chmask_in_cflist
 .text.smtc_real_get_next_channel
                0x0800ccf4       0x54 lbm/build/basic_modem.a(smtc_real.o)
                0x0800ccf4                smtc_real_get_next_channel
 .text.smtc_real_get_join_next_channel
                0x0800cd48       0x54 lbm/build/basic_modem.a(smtc_real.o)
                0x0800cd48                smtc_real_get_join_next_channel
 .text.smtc_real_set_rx_config
                0x0800cd9c       0x50 lbm/build/basic_modem.a(smtc_real.o)
                0x0800cd9c                smtc_real_set_rx_config
 .text.smtc_real_set_power
                0x0800cdec       0x3c lbm/build/basic_modem.a(smtc_real.o)
                0x0800cdec                smtc_real_set_power
 .text.smtc_real_set_channel_mask
                0x0800ce28       0x50 lbm/build/basic_modem.a(smtc_real.o)
                0x0800ce28                smtc_real_set_channel_mask
 .text.smtc_real_init_channel_mask
                0x0800ce78       0x12 lbm/build/basic_modem.a(smtc_real.o)
                0x0800ce78                smtc_real_init_channel_mask
 *fill*         0x0800ce8a        0x2 
 .text.smtc_real_init_join_snapshot_channel_mask
                0x0800ce8c       0x4c lbm/build/basic_modem.a(smtc_real.o)
                0x0800ce8c                smtc_real_init_join_snapshot_channel_mask
 .text.smtc_real_init_after_join_snapshot_channel_mask
                0x0800ced8       0x4c lbm/build/basic_modem.a(smtc_real.o)
                0x0800ced8                smtc_real_init_after_join_snapshot_channel_mask
 .text.smtc_real_build_channel_mask
                0x0800cf24       0x54 lbm/build/basic_modem.a(smtc_real.o)
                0x0800cf24                smtc_real_build_channel_mask
 .text.smtc_real_enable_all_channels_with_valid_freq
                0x0800cf78       0x90 lbm/build/basic_modem.a(smtc_real.o)
                0x0800cf78                smtc_real_enable_all_channels_with_valid_freq
 .text.smtc_real_is_rx1_dr_offset_valid
                0x0800d008       0x2c lbm/build/basic_modem.a(smtc_real.o)
                0x0800d008                smtc_real_is_rx1_dr_offset_valid
 .text.smtc_real_is_rx_dr_valid
                0x0800d034       0x44 lbm/build/basic_modem.a(smtc_real.o)
                0x0800d034                smtc_real_is_rx_dr_valid
 .text.smtc_real_is_tx_dr_valid
                0x0800d078       0x44 lbm/build/basic_modem.a(smtc_real.o)
                0x0800d078                smtc_real_is_tx_dr_valid
 .text.smtc_real_is_tx_dr_acceptable
                0x0800d0bc       0xd4 lbm/build/basic_modem.a(smtc_real.o)
                0x0800d0bc                smtc_real_is_tx_dr_acceptable
 .text.smtc_real_decrement_dr_simulation
                0x0800d190       0x90 lbm/build/basic_modem.a(smtc_real.o)
                0x0800d190                smtc_real_decrement_dr_simulation
 .text.smtc_real_is_channel_index_valid
                0x0800d220       0x70 lbm/build/basic_modem.a(smtc_real.o)
                0x0800d220                smtc_real_is_channel_index_valid
 .text.smtc_real_is_payload_size_valid
                0x0800d290       0x94 lbm/build/basic_modem.a(smtc_real.o)
                0x0800d290                smtc_real_is_payload_size_valid
 .text.smtc_real_set_tx_frequency_channel
                0x0800d324       0x6c lbm/build/basic_modem.a(smtc_real.o)
                0x0800d324                smtc_real_set_tx_frequency_channel
 .text.smtc_real_set_rx1_frequency_channel